###############################################################################
#
# IAR ELF Linker V2.20.1.176 for STM8                     12/Nov/2018  19:26:48
# Copyright 2010-2015 IAR Systems AB.
#
#    Output file  =  E:\1-source\6-A508_4G_ME3610\PRJ\Debug\Exe\A508_4G.out
#    Map file     =  E:\1-source\6-A508_4G_ME3610\PRJ\Debug\List\A508_4G.map
#    Command line =  
#        E:\1-source\6-A508_4G_ME3610\PRJ\Debug\Obj\ApiAtCmd.o
#        E:\1-source\6-A508_4G_ME3610\PRJ\Debug\Obj\ApiBattery.o
#        E:\1-source\6-A508_4G_ME3610\PRJ\Debug\Obj\ApiDelay.o
#        E:\1-source\6-A508_4G_ME3610\PRJ\Debug\Obj\ApiDisplay.o
#        E:\1-source\6-A508_4G_ME3610\PRJ\Debug\Obj\ApiGpsCmd.o
#        E:\1-source\6-A508_4G_ME3610\PRJ\Debug\Obj\ApiKeyboard.o
#        E:\1-source\6-A508_4G_ME3610\PRJ\Debug\Obj\ApiKeyCmd.o
#        E:\1-source\6-A508_4G_ME3610\PRJ\Debug\Obj\ApiLED.o
#        E:\1-source\6-A508_4G_ME3610\PRJ\Debug\Obj\ApiMcuVersion.o
#        E:\1-source\6-A508_4G_ME3610\PRJ\Debug\Obj\ApiMenu.o
#        E:\1-source\6-A508_4G_ME3610\PRJ\Debug\Obj\ApiPocCmd.o
#        E:\1-source\6-A508_4G_ME3610\PRJ\Debug\Obj\ApiVoice.o
#        E:\1-source\6-A508_4G_ME3610\PRJ\Debug\Obj\CommonLib.o
#        E:\1-source\6-A508_4G_ME3610\PRJ\Debug\Obj\DrvBeep.o
#        E:\1-source\6-A508_4G_ME3610\PRJ\Debug\Obj\DrvEeprom.o
#        E:\1-source\6-A508_4G_ME3610\PRJ\Debug\Obj\DrvGT20L16S1Y.o
#        E:\1-source\6-A508_4G_ME3610\PRJ\Debug\Obj\DrvHTG12832.o
#        E:\1-source\6-A508_4G_ME3610\PRJ\Debug\Obj\DrvKeyboard.o
#        E:\1-source\6-A508_4G_ME3610\PRJ\Debug\Obj\DrvKeyscan.o
#        E:\1-source\6-A508_4G_ME3610\PRJ\Debug\Obj\DrvMcuPin.o
#        E:\1-source\6-A508_4G_ME3610\PRJ\Debug\Obj\DrvTone.o
#        E:\1-source\6-A508_4G_ME3610\PRJ\Debug\Obj\DrvUart1.o
#        E:\1-source\6-A508_4G_ME3610\PRJ\Debug\Obj\DrvUart3.o
#        E:\1-source\6-A508_4G_ME3610\PRJ\Debug\Obj\DrvZM389.o
#        E:\1-source\6-A508_4G_ME3610\Drv\GT20L16_STM8_DOUBLE_MEDIUM_IAR.a
#        E:\1-source\6-A508_4G_ME3610\PRJ\Debug\Obj\GT20L16P1Y_D.o
#        E:\1-source\6-A508_4G_ME3610\PRJ\Debug\Obj\main.o
#        E:\1-source\6-A508_4G_ME3610\PRJ\Debug\Obj\stm8s_adc2.o
#        E:\1-source\6-A508_4G_ME3610\PRJ\Debug\Obj\stm8s_awu.o
#        E:\1-source\6-A508_4G_ME3610\PRJ\Debug\Obj\stm8s_beep.o
#        E:\1-source\6-A508_4G_ME3610\PRJ\Debug\Obj\stm8s_clk.o
#        E:\1-source\6-A508_4G_ME3610\PRJ\Debug\Obj\stm8s_exti.o
#        E:\1-source\6-A508_4G_ME3610\PRJ\Debug\Obj\stm8s_flash.o
#        E:\1-source\6-A508_4G_ME3610\PRJ\Debug\Obj\stm8s_gpio.o
#        E:\1-source\6-A508_4G_ME3610\PRJ\Debug\Obj\stm8s_i2c.o
#        E:\1-source\6-A508_4G_ME3610\PRJ\Debug\Obj\stm8s_it.o
#        E:\1-source\6-A508_4G_ME3610\PRJ\Debug\Obj\stm8s_itc.o
#        E:\1-source\6-A508_4G_ME3610\PRJ\Debug\Obj\stm8s_iwdg.o
#        E:\1-source\6-A508_4G_ME3610\PRJ\Debug\Obj\stm8s_rst.o
#        E:\1-source\6-A508_4G_ME3610\PRJ\Debug\Obj\stm8s_spi.o
#        E:\1-source\6-A508_4G_ME3610\PRJ\Debug\Obj\stm8s_tim1.o
#        E:\1-source\6-A508_4G_ME3610\PRJ\Debug\Obj\stm8s_tim2.o
#        E:\1-source\6-A508_4G_ME3610\PRJ\Debug\Obj\stm8s_tim3.o
#        E:\1-source\6-A508_4G_ME3610\PRJ\Debug\Obj\stm8s_tim4.o
#        E:\1-source\6-A508_4G_ME3610\PRJ\Debug\Obj\stm8s_uart1.o
#        E:\1-source\6-A508_4G_ME3610\PRJ\Debug\Obj\stm8s_uart3.o
#        E:\1-source\6-A508_4G_ME3610\PRJ\Debug\Obj\stm8s_wwdg.o
#        E:\1-source\6-A508_4G_ME3610\PRJ\Debug\Obj\sysclock.o
#        E:\1-source\6-A508_4G_ME3610\PRJ\Debug\Obj\Task.o
#        E:\1-source\6-A508_4G_ME3610\PRJ\Debug\Obj\UTF8toUNICODE.o --redirect
#        _Printf=_PrintfSmall --redirect _Scanf=_ScanfSmall -o
#        E:\1-source\6-A508_4G_ME3610\PRJ\Debug\Exe\A508_4G.out --map
#        E:\1-source\6-A508_4G_ME3610\PRJ\Debug\List\A508_4G.map --config
#        "C:\Program Files\IAR Systems\Embedded Workbench
#        7.3\stm8\config\lnkstm8s007c8.icf" --config_def _CSTACK_SIZE=0x100
#        --config_def _HEAP_SIZE=0x100 --entry __iar_program_start --debug_lib
#
###############################################################################

*******************************************************************************
*** RUNTIME MODEL ATTRIBUTES
***

__SystemLibrary            = DLib
__code_model               = medium_or_large
__core                     = stm8
__data_model               = medium
__dlib_file_descriptor     = 0
__dlib_full_locale_support = 0
__rt_version               = 4


*******************************************************************************
*** PLACEMENT SUMMARY
***

"A1":  place at start of [0x000000-0x0000ff] { rw section .vregs };
"A2":  place at end of [0x000000-0x0017ff] { block CSTACK };
"P2":  place in [from 0x000000 to 0x0017ff] {
          block HEAP, rw section __DLIB_PERTHREAD, rw section .far.bss,
          rw section .far.data, rw section .far.noinit,
          rw section .far_func.textrw, rw section .huge.bss,
          rw section .huge.data, rw section .huge.noinit,
          rw section .huge_func.textrw, rw section .iar.dynexit,
          rw section .near.bss, rw section .near.data, rw section .near.noinit,
          rw section .near_func.textrw };
"A3":  place at start of [0x008000-0x00ffff] { block INTVEC };
"P3":  place in [from 0x008000 to 0x00ffff] {
          ro section __DLIB_PERTHREAD_init, ro section .far.data_init,
          ro section .far_func.textrw_init, ro section .huge.data_init,
          ro section .huge_func.textrw_init, ro section .iar.init_table,
          ro section .init_array, ro section .near.data_init,
          ro section .near.rodata, ro section .near_func.text,
          ro section .near_func.textrw_init, ro section .tiny.data_init,
          ro section .tiny.rodata_init };
"P4":  place in [from 0x008000 to 0x00ffff repeat 2] {
          ro section .far.rodata, ro section .far_func.text };

  Section            Kind      Address    Size  Object
  -------            ----      -------    ----  ------
"A1":                                     0x10
  .vregs             uninit   0x000000    0x10  vregs.o [5]
                            - 0x000010    0x10

"P2", part 1 of 5:                       0xa24
  .near.bss          zero     0x000010   0xa24  ApiPocCmd.o [1]
                            - 0x000a34   0xa24

"P2", part 2 of 5:                       0x68c
  .near.bss          zero     0x000a34   0x68c  DrvZM389.o [1]
                            - 0x0010c0   0x68c

"P2", part 3 of 5:                       0x200
  .near.bss          zero     0x0010c0   0x200  ApiDisplay.o [1]
                            - 0x0012c0   0x200

"P2", part 4 of 5:                       0x251
  .near.bss          zero     0x0012c0    0x75  DrvUart3.o [1]
  .near.bss          zero     0x001335    0x5c  DrvKeyboard.o [1]
  .near.bss          zero     0x001391    0x4b  ApiGpsCmd.o [1]
  .near.bss          zero     0x0013dc    0x40  ApiDisplay.o [1]
  .near.bss          zero     0x00141c    0x2f  ApiDelay.o [1]
  .near.bss          zero     0x00144b    0x2e  ApiAtCmd.o [1]
  .near.bss          zero     0x001479    0x1d  ApiGpsCmd.o [1]
  .near.bss          zero     0x001496    0x13  DrvKeyscan.o [1]
  .near.bss          zero     0x0014a9    0x12  DrvBeep.o [1]
  .near.bss          zero     0x0014bb    0x12  DrvTone.o [1]
  .near.bss          zero     0x0014cd     0x6  ApiGpsCmd.o [1]
  .near.bss          zero     0x0014d3     0x6  ApiVoice.o [1]
  .near.bss          zero     0x0014d9     0x4  DrvUart3.o [1]
  .near.bss          zero     0x0014dd     0x4  Task.o [1]
  .near.bss          zero     0x0014e1     0x2  ApiDelay.o [1]
  .near.bss          zero     0x0014e3     0x2  ApiDelay.o [1]
  .near.bss          zero     0x0014e5     0x2  ApiDelay.o [1]
  .near.bss          zero     0x0014e7     0x2  ApiDisplay.o [1]
  .near.bss          zero     0x0014e9     0x2  ApiKeyCmd.o [1]
  .near.bss          zero     0x0014eb     0x2  DrvHTG12832.o [1]
  .near.bss          zero     0x0014ed     0x2  DrvTone.o [1]
  .near.bss          zero     0x0014ef     0x1  ApiBattery.o [1]
  .near.bss          zero     0x0014f0     0x1  ApiBattery.o [1]
  .near.bss          zero     0x0014f1     0x1  ApiBattery.o [1]
  .near.bss          zero     0x0014f2     0x1  ApiBattery.o [1]
  .near.bss          zero     0x0014f3     0x1  ApiBattery.o [1]
  .near.bss          zero     0x0014f4     0x1  ApiDelay.o [1]
  .near.bss          zero     0x0014f5     0x1  ApiDelay.o [1]
  .near.bss          zero     0x0014f6     0x1  ApiGpsCmd.o [1]
  .near.bss          zero     0x0014f7     0x1  ApiKeyboard.o [1]
  .near.bss          zero     0x0014f8     0x1  ApiKeyboard.o [1]
  .near.bss          zero     0x0014f9     0x1  ApiKeyboard.o [1]
  .near.bss          zero     0x0014fa     0x1  ApiKeyboard.o [1]
  .near.bss          zero     0x0014fb     0x1  ApiKeyboard.o [1]
  .near.bss          zero     0x0014fc     0x1  ApiKeyboard.o [1]
  .near.bss          zero     0x0014fd     0x1  ApiKeyboard.o [1]
  .near.bss          zero     0x0014fe     0x1  ApiKeyboard.o [1]
  .near.bss          zero     0x0014ff     0x1  ApiKeyboard.o [1]
  .near.bss          zero     0x001500     0x1  ApiKeyboard.o [1]
  .near.bss          zero     0x001501     0x1  ApiKeyboard.o [1]
  .near.bss          zero     0x001502     0x1  ApiKeyboard.o [1]
  .near.bss          zero     0x001503     0x1  ApiLED.o [1]
  .near.bss          zero     0x001504     0x1  ApiMenu.o [1]
  .near.bss          zero     0x001505     0x1  ApiMenu.o [1]
  .near.bss          zero     0x001506     0x1  ApiMenu.o [1]
  .near.bss          zero     0x001507     0x1  ApiMenu.o [1]
  .near.bss          zero     0x001508     0x1  ApiMenu.o [1]
  .near.bss          zero     0x001509     0x1  ApiMenu.o [1]
  .near.bss          zero     0x00150a     0x1  ApiMenu.o [1]
  .near.bss          zero     0x00150b     0x1  ApiMenu.o [1]
  .near.bss          zero     0x00150c     0x1  DrvTone.o [1]
  .near.bss          zero     0x00150d     0x1  DrvUart3.o [1]
  .near.bss          zero     0x00150e     0x1  DrvZM389.o [1]
  .near.bss          zero     0x00150f     0x1  stm8s_it.o [1]
  .near.bss          zero     0x001510     0x1  Task.o [1]
                            - 0x001511   0x251

"P2", part 5 of 5:                       0x11b
  P2-1                        0x001511   0x11b  <Init block>
    .near.data       inited   0x001511     0x2  ApiAtCmd.o [1]
    .near.data       inited   0x001513     0x2  ApiAtCmd.o [1]
    .near.data       inited   0x001515     0x2  ApiAtCmd.o [1]
    .near.data       inited   0x001517     0x2  ApiAtCmd.o [1]
    .near.data       inited   0x001519     0x2  ApiAtCmd.o [1]
    .near.data       inited   0x00151b     0x2  ApiAtCmd.o [1]
    .near.data       inited   0x00151d     0x2  ApiAtCmd.o [1]
    .near.data       inited   0x00151f     0x2  ApiAtCmd.o [1]
    .near.data       inited   0x001521     0x2  ApiAtCmd.o [1]
    .near.data       inited   0x001523     0x2  ApiAtCmd.o [1]
    .near.data       inited   0x001525     0x2  ApiAtCmd.o [1]
    .near.data       inited   0x001527     0x2  ApiAtCmd.o [1]
    .near.data       inited   0x001529     0x2  ApiAtCmd.o [1]
    .near.data       inited   0x00152b     0x2  ApiAtCmd.o [1]
    .near.data       inited   0x00152d     0x2  ApiAtCmd.o [1]
    .near.data       inited   0x00152f     0x2  ApiAtCmd.o [1]
    .near.data       inited   0x001531     0x2  ApiAtCmd.o [1]
    .near.data       inited   0x001533     0x2  ApiAtCmd.o [1]
    .near.data       inited   0x001535     0x2  ApiAtCmd.o [1]
    .near.data       inited   0x001537     0x2  ApiAtCmd.o [1]
    .near.data       inited   0x001539     0x2  ApiAtCmd.o [1]
    .near.data       inited   0x00153b     0x2  ApiAtCmd.o [1]
    .near.data       inited   0x00153d     0x2  ApiAtCmd.o [1]
    .near.data       inited   0x00153f     0x2  ApiAtCmd.o [1]
    .near.data       inited   0x001541     0x2  ApiAtCmd.o [1]
    .near.data       inited   0x001543     0x2  ApiAtCmd.o [1]
    .near.data       inited   0x001545     0x2  ApiAtCmd.o [1]
    .near.data       inited   0x001547     0x2  ApiAtCmd.o [1]
    .near.data       inited   0x001549     0x2  ApiAtCmd.o [1]
    .near.data       inited   0x00154b     0x2  ApiAtCmd.o [1]
    .near.data       inited   0x00154d     0x2  ApiAtCmd.o [1]
    .near.data       inited   0x00154f     0x2  ApiAtCmd.o [1]
    .near.data       inited   0x001551     0x2  ApiAtCmd.o [1]
    .near.data       inited   0x001553     0x2  ApiAtCmd.o [1]
    .near.data       inited   0x001555     0x2  ApiAtCmd.o [1]
    .near.data       inited   0x001557     0x2  ApiAtCmd.o [1]
    .near.data       inited   0x001559     0x2  ApiAtCmd.o [1]
    .near.data       inited   0x00155b     0x2  ApiAtCmd.o [1]
    .near.data       inited   0x00155d     0x2  ApiAtCmd.o [1]
    .near.data       inited   0x00155f     0x2  ApiAtCmd.o [1]
    .near.data       inited   0x001561     0x2  ApiAtCmd.o [1]
    .near.data       inited   0x001563     0x2  ApiAtCmd.o [1]
    .near.data       inited   0x001565     0x2  ApiAtCmd.o [1]
    .near.data       inited   0x001567     0x2  ApiAtCmd.o [1]
    .near.data       inited   0x001569     0x2  ApiAtCmd.o [1]
    .near.data       inited   0x00156b     0x2  ApiAtCmd.o [1]
    .near.data       inited   0x00156d     0x2  ApiAtCmd.o [1]
    .near.data       inited   0x00156f     0x2  ApiAtCmd.o [1]
    .near.data       inited   0x001571     0x2  ApiAtCmd.o [1]
    .near.data       inited   0x001573     0x2  ApiAtCmd.o [1]
    .near.data       inited   0x001575     0x2  ApiAtCmd.o [1]
    .near.data       inited   0x001577     0x2  ApiAtCmd.o [1]
    .near.data       inited   0x001579     0x2  ApiAtCmd.o [1]
    .near.data       inited   0x00157b     0x2  ApiDisplay.o [1]
    .near.data       inited   0x00157d     0x2  ApiDisplay.o [1]
    .near.data       inited   0x00157f     0x2  ApiDisplay.o [1]
    .near.data       inited   0x001581     0x2  ApiDisplay.o [1]
    .near.data       inited   0x001583     0x2  ApiDisplay.o [1]
    .near.data       inited   0x001585     0x2  ApiDisplay.o [1]
    .near.data       inited   0x001587     0x2  ApiDisplay.o [1]
    .near.data       inited   0x001589     0x2  ApiDisplay.o [1]
    .near.data       inited   0x00158b     0x2  ApiDisplay.o [1]
    .near.data       inited   0x00158d     0x2  ApiDisplay.o [1]
    .near.data       inited   0x00158f     0x2  ApiDisplay.o [1]
    .near.data       inited   0x001591     0x2  ApiDisplay.o [1]
    .near.data       inited   0x001593     0x2  ApiDisplay.o [1]
    .near.data       inited   0x001595     0x2  ApiDisplay.o [1]
    .near.data       inited   0x001597     0x2  ApiDisplay.o [1]
    .near.data       inited   0x001599     0x2  ApiDisplay.o [1]
    .near.data       inited   0x00159b     0x2  ApiDisplay.o [1]
    .near.data       inited   0x00159d     0x2  ApiDisplay.o [1]
    .near.data       inited   0x00159f     0x2  ApiDisplay.o [1]
    .near.data       inited   0x0015a1     0x2  ApiDisplay.o [1]
    .near.data       inited   0x0015a3     0x2  ApiDisplay.o [1]
    .near.data       inited   0x0015a5     0x2  ApiDisplay.o [1]
    .near.data       inited   0x0015a7     0x2  ApiDisplay.o [1]
    .near.data       inited   0x0015a9     0x2  ApiDisplay.o [1]
    .near.data       inited   0x0015ab     0x2  ApiDisplay.o [1]
    .near.data       inited   0x0015ad     0x2  ApiDisplay.o [1]
    .near.data       inited   0x0015af     0x2  ApiDisplay.o [1]
    .near.data       inited   0x0015b1     0x2  ApiDisplay.o [1]
    .near.data       inited   0x0015b3     0x2  ApiDisplay.o [1]
    .near.data       inited   0x0015b5     0x2  ApiDisplay.o [1]
    .near.data       inited   0x0015b7     0x2  ApiDisplay.o [1]
    .near.data       inited   0x0015b9     0x2  ApiDisplay.o [1]
    .near.data       inited   0x0015bb     0x2  ApiDisplay.o [1]
    .near.data       inited   0x0015bd     0x2  ApiDisplay.o [1]
    .near.data       inited   0x0015bf     0x2  ApiDisplay.o [1]
    .near.data       inited   0x0015c1     0x2  ApiDisplay.o [1]
    .near.data       inited   0x0015c3     0x2  ApiDisplay.o [1]
    .near.data       inited   0x0015c5     0x2  ApiDisplay.o [1]
    .near.data       inited   0x0015c7     0x1  ApiKeyboard.o [1]
    .near.data       inited   0x0015c8     0x1  ApiKeyboard.o [1]
    .near.data       inited   0x0015c9     0x1  ApiKeyboard.o [1]
    .near.data       inited   0x0015ca     0x2  ApiPocCmd.o [1]
    .near.data       inited   0x0015cc     0x2  ApiPocCmd.o [1]
    .near.data       inited   0x0015ce     0x2  ApiPocCmd.o [1]
    .near.data       inited   0x0015d0     0x2  ApiPocCmd.o [1]
    .near.data       inited   0x0015d2     0x2  ApiPocCmd.o [1]
    .near.data       inited   0x0015d4     0x2  ApiPocCmd.o [1]
    .near.data       inited   0x0015d6     0x2  ApiPocCmd.o [1]
    .near.data       inited   0x0015d8     0x2  ApiPocCmd.o [1]
    .near.data       inited   0x0015da     0x2  ApiPocCmd.o [1]
    .near.data       inited   0x0015dc     0x2  ApiPocCmd.o [1]
    .near.data       inited   0x0015de     0x2  ApiPocCmd.o [1]
    .near.data       inited   0x0015e0     0x2  ApiPocCmd.o [1]
    .near.data       inited   0x0015e2     0x2  ApiPocCmd.o [1]
    .near.data       inited   0x0015e4     0x2  ApiVoice.o [1]
    .near.data       inited   0x0015e6     0x2  ApiVoice.o [1]
    .near.data       inited   0x0015e8     0x2  ApiVoice.o [1]
    .near.data       inited   0x0015ea     0x2  ApiVoice.o [1]
    .near.data       inited   0x0015ec     0x2  ApiVoice.o [1]
    .near.data       inited   0x0015ee     0x2  ApiVoice.o [1]
    .near.data       inited   0x0015f0     0x2  ApiVoice.o [1]
    .near.data       inited   0x0015f2     0x2  ApiVoice.o [1]
    .near.data       inited   0x0015f4     0x2  ApiVoice.o [1]
    .near.data       inited   0x0015f6     0x2  ApiVoice.o [1]
    .near.data       inited   0x0015f8     0x2  ApiVoice.o [1]
    .near.data       inited   0x0015fa     0x2  ApiVoice.o [1]
    .near.data       inited   0x0015fc     0x2  ApiVoice.o [1]
    .near.data       inited   0x0015fe     0x2  ApiVoice.o [1]
    .near.data       inited   0x001600     0x2  ApiVoice.o [1]
    .near.data       inited   0x001602     0x2  ApiVoice.o [1]
    .near.data       inited   0x001604     0x2  ApiVoice.o [1]
    .near.data       inited   0x001606     0x2  ApiVoice.o [1]
    .near.data       inited   0x001608     0x2  ApiVoice.o [1]
    .near.data       inited   0x00160a     0x2  ApiVoice.o [1]
    .near.data       inited   0x00160c     0x2  ApiVoice.o [1]
    .near.data       inited   0x00160e     0x2  ApiVoice.o [1]
    .near.data       inited   0x001610     0x2  ApiVoice.o [1]
    .near.data       inited   0x001612     0x2  ApiVoice.o [1]
    .near.data       inited   0x001614     0x2  ApiVoice.o [1]
    .near.data       inited   0x001616     0x2  ApiVoice.o [1]
    .near.data       inited   0x001618     0x2  ApiVoice.o [1]
    .near.data       inited   0x00161a     0x2  ApiVoice.o [1]
    .near.data       inited   0x00161c     0x2  ApiVoice.o [1]
    .near.data       inited   0x00161e     0x2  ApiVoice.o [1]
    .near.data       inited   0x001620     0x2  ApiVoice.o [1]
    .near.data       inited   0x001622     0x2  ApiVoice.o [1]
    .near.data       inited   0x001624     0x2  DrvZM389.o [1]
    .near.data       inited   0x001626     0x2  DrvZM389.o [1]
    .near.data       inited   0x001628     0x2  DrvZM389.o [1]
    .near.data       inited   0x00162a     0x2  DrvZM389.o [1]
                            - 0x00162c   0x11b

"A2":                                    0x100
  CSTACK                      0x001700   0x100  <Block>
    CSTACK           uninit   0x001700   0x100  <Block tail>
                            - 0x001800   0x100

"A3":                                     0x80
  INTVEC                      0x008000    0x80  <Block>
    .intvec          const    0x008000    0x80  interrupt.o [5]
                            - 0x008080    0x80

"P3":                                   0x31be
  .near.rodata       const    0x008080  0x1b00  GT20L16P1Y_D.o [1]
  .near.rodata       const    0x009b80   0x400  ApiDisplay.o [1]
  .near.rodata       const    0x009f80   0x1b0  GT20L16P1Y_D.o [1]
  Initializer bytes  const    0x00a130   0x11b  <for P2-1>
  .near.rodata       const    0x00a24b    0x79  ApiVoice.o [1]
  .near.rodata       const    0x00a2c4    0x6d  ApiVoice.o [1]
  .near.rodata       const    0x00a331    0x65  ApiVoice.o [1]
  .near.rodata       const    0x00a396    0x5d  ApiVoice.o [1]
  .near.rodata       const    0x00a3f3    0x5d  ApiVoice.o [1]
  .near.rodata       const    0x00a450    0x59  ApiVoice.o [1]
  .near.rodata       const    0x00a4a9    0x55  ApiVoice.o [1]
  .near.rodata       const    0x00a4fe    0x51  ApiVoice.o [1]
  .near.rodata       const    0x00a54f    0x51  ApiVoice.o [1]
  .near.rodata       const    0x00a5a0    0x4d  ApiVoice.o [1]
  .near.rodata       const    0x00a5ed    0x4d  ApiVoice.o [1]
  .near.rodata       const    0x00a63a    0x4d  ApiVoice.o [1]
  .near.rodata       const    0x00a687    0x49  ApiVoice.o [1]
  .near.rodata       const    0x00a6d0    0x49  ApiVoice.o [1]
  .near.rodata       const    0x00a719    0x49  ApiVoice.o [1]
  .near.rodata       const    0x00a762    0x45  ApiVoice.o [1]
  .near.rodata       const    0x00a7a7    0x41  ApiVoice.o [1]
  .near_func.text    const    0x00a7e8    0x3e  ApiDisplay.o [1]
  .near.rodata       const    0x00a826    0x3d  ApiVoice.o [1]
  .near.rodata       const    0x00a863    0x39  ApiVoice.o [1]
  .near.rodata       const    0x00a89c    0x39  ApiVoice.o [1]
  .near.rodata       const    0x00a8d5    0x39  ApiVoice.o [1]
  .near.rodata       const    0x00a90e    0x35  ApiVoice.o [1]
  .near.rodata       const    0x00a943    0x35  ApiVoice.o [1]
  .near.rodata       const    0x00a978    0x2d  ApiVoice.o [1]
  .near.rodata       const    0x00a9a5    0x2d  ApiVoice.o [1]
  .near.rodata       const    0x00a9d2    0x2d  ApiVoice.o [1]
  .near.rodata       const    0x00a9ff    0x2d  ApiVoice.o [1]
  .near.rodata       const    0x00aa2c    0x29  ApiAtCmd.o [1]
  .near.rodata       const    0x00aa55    0x29  ApiVoice.o [1]
  .near.rodata       const    0x00aa7e    0x29  ApiVoice.o [1]
  .near.rodata       const    0x00aaa7    0x21  ApiVoice.o [1]
  .iar.init_table    const    0x00aac8    0x20  - Linker created -
  .near.rodata       const    0x00aae8    0x20  ApiAtCmd.o [1]
  .near.rodata       const    0x00ab08    0x20  ApiMcuVersion.o [1]
  .near.rodata       const    0x00ab28    0x1d  ApiAtCmd.o [1]
  .near.rodata       const    0x00ab45    0x1a  ApiAtCmd.o [1]
  .near.rodata       const    0x00ab5f    0x18  ApiAtCmd.o [1]
  .near.rodata       const    0x00ab77    0x17  ApiMenu.o [1]
  .near.rodata       const    0x00ab8e    0x15  ApiAtCmd.o [1]
  .near.rodata       const    0x00aba3    0x15  ApiVoice.o [1]
  .near.rodata       const    0x00abb8    0x13  ApiAtCmd.o [1]
  .near.rodata       const    0x00abcb    0x11  ApiAtCmd.o [1]
  .near.rodata       const    0x00abdc    0x11  ApiDisplay.o [1]
  .near.rodata       const    0x00abed    0x11  ApiDisplay.o [1]
  .near.rodata       const    0x00abfe    0x11  ApiDisplay.o [1]
  .near.rodata       const    0x00ac0f    0x11  ApiDisplay.o [1]
  .near.rodata       const    0x00ac20    0x11  ApiDisplay.o [1]
  .near.rodata       const    0x00ac31    0x11  ApiDisplay.o [1]
  .near.rodata       const    0x00ac42    0x11  ApiDisplay.o [1]
  .near.rodata       const    0x00ac53    0x11  ApiDisplay.o [1]
  .near.rodata       const    0x00ac64    0x11  ApiDisplay.o [1]
  .near.rodata       const    0x00ac75    0x11  ApiDisplay.o [1]
  .near.rodata       const    0x00ac86    0x11  ApiDisplay.o [1]
  .near.rodata       const    0x00ac97    0x11  ApiDisplay.o [1]
  .near.rodata       const    0x00aca8    0x11  ApiDisplay.o [1]
  .near.rodata       const    0x00acb9    0x11  ApiDisplay.o [1]
  .near.rodata       const    0x00acca    0x11  ApiDisplay.o [1]
  .near.rodata       const    0x00acdb    0x11  ApiDisplay.o [1]
  .near.rodata       const    0x00acec    0x11  ApiDisplay.o [1]
  .near.rodata       const    0x00acfd    0x11  ApiDisplay.o [1]
  .near.rodata       const    0x00ad0e    0x11  ApiDisplay.o [1]
  .near.rodata       const    0x00ad1f    0x11  ApiDisplay.o [1]
  .near.rodata       const    0x00ad30    0x11  ApiDisplay.o [1]
  .near.rodata       const    0x00ad41    0x11  ApiDisplay.o [1]
  .near.rodata       const    0x00ad52    0x11  ApiDisplay.o [1]
  .near.rodata       const    0x00ad63    0x11  ApiDisplay.o [1]
  .near.rodata       const    0x00ad74    0x11  ApiDisplay.o [1]
  .near.rodata       const    0x00ad85    0x11  ApiDisplay.o [1]
  .near.rodata       const    0x00ad96    0x11  ApiDisplay.o [1]
  .near.rodata       const    0x00ada7    0x11  ApiDisplay.o [1]
  .near.rodata       const    0x00adb8    0x11  ApiDisplay.o [1]
  .near.rodata       const    0x00adc9    0x11  ApiDisplay.o [1]
  .near.rodata       const    0x00adda    0x11  ApiDisplay.o [1]
  .near.rodata       const    0x00adeb    0x11  ApiDisplay.o [1]
  .near.rodata       const    0x00adfc    0x11  ApiDisplay.o [1]
  .near.rodata       const    0x00ae0d    0x11  ApiDisplay.o [1]
  .near.rodata       const    0x00ae1e    0x11  ApiDisplay.o [1]
  .near.rodata       const    0x00ae2f    0x11  ApiDisplay.o [1]
  .near.rodata       const    0x00ae40    0x11  ApiDisplay.o [1]
  .near.rodata       const    0x00ae51    0x11  ApiDisplay.o [1]
  .near.rodata       const    0x00ae62    0x11  ApiDisplay.o [1]
  .near.rodata       const    0x00ae73    0x11  ApiKeyboard.o [1]
  .near.rodata       const    0x00ae84    0x11  ApiKeyCmd.o [1]
  .near.rodata       const    0x00ae95    0x11  ApiMcuVersion.o [1]
  .near.rodata       const    0x00aea6    0x11  ApiMenu.o [1]
  .near.rodata       const    0x00aeb7    0x11  ApiMenu.o [1]
  .near.rodata       const    0x00aec8    0x11  ApiMenu.o [1]
  .near.rodata       const    0x00aed9    0x11  ApiMenu.o [1]
  .near.rodata       const    0x00aeea    0x11  ApiMenu.o [1]
  .near.rodata       const    0x00aefb    0x11  ApiMenu.o [1]
  .near.rodata       const    0x00af0c    0x11  ApiMenu.o [1]
  .near.rodata       const    0x00af1d    0x11  ApiPocCmd.o [1]
  .near.rodata       const    0x00af2e    0x11  ApiPocCmd.o [1]
  .near.rodata       const    0x00af3f    0x11  CommonLib.o [1]
  .near.rodata       const    0x00af50    0x11  Task.o [1]
  .near.rodata       const    0x00af61    0x10  ApiDisplay.o [1]
  .near.rodata       const    0x00af71    0x10  ApiDisplay.o [1]
  .near.rodata       const    0x00af81    0x10  DrvUart3.o [1]
  .near.rodata       const    0x00af91     0xf  ApiAtCmd.o [1]
  .near.rodata       const    0x00afa0     0xf  ApiPocCmd.o [1]
  .near.rodata       const    0x00afaf     0xe  ApiAtCmd.o [1]
  .near.rodata       const    0x00afbd     0xe  ApiAtCmd.o [1]
  .near.rodata       const    0x00afcb     0xe  ApiAtCmd.o [1]
  .near.rodata       const    0x00afd9     0xe  ApiAtCmd.o [1]
  .near.rodata       const    0x00afe7     0xe  ApiAtCmd.o [1]
  .near.rodata       const    0x00aff5     0xd  ApiAtCmd.o [1]
  .near.rodata       const    0x00b002     0xd  ApiAtCmd.o [1]
  .near.rodata       const    0x00b00f     0xd  ApiAtCmd.o [1]
  .near.rodata       const    0x00b01c     0xd  ApiAtCmd.o [1]
  .near.rodata       const    0x00b029     0xd  ApiAtCmd.o [1]
  .near.rodata       const    0x00b036     0xd  ApiAtCmd.o [1]
  .near.rodata       const    0x00b043     0xd  ApiAtCmd.o [1]
  .near.rodata       const    0x00b050     0xd  ApiAtCmd.o [1]
  .near.rodata       const    0x00b05d     0xd  ApiAtCmd.o [1]
  .near.rodata       const    0x00b06a     0xc  ApiAtCmd.o [1]
  .near.rodata       const    0x00b076     0xc  ApiAtCmd.o [1]
  .near.rodata       const    0x00b082     0xc  ApiAtCmd.o [1]
  .near.rodata       const    0x00b08e     0xc  ApiAtCmd.o [1]
  .near.rodata       const    0x00b09a     0xc  ApiAtCmd.o [1]
  .near.rodata       const    0x00b0a6     0xb  ApiAtCmd.o [1]
  .near.rodata       const    0x00b0b1     0xb  ApiAtCmd.o [1]
  .near.rodata       const    0x00b0bc     0xb  ApiAtCmd.o [1]
  .near.rodata       const    0x00b0c7     0xb  ApiAtCmd.o [1]
  .near.rodata       const    0x00b0d2     0xb  ApiAtCmd.o [1]
  .near.rodata       const    0x00b0dd     0xb  ApiAtCmd.o [1]
  .near.rodata       const    0x00b0e8     0xb  ApiAtCmd.o [1]
  .near.rodata       const    0x00b0f3     0xb  ApiPocCmd.o [1]
  .near.rodata       const    0x00b0fe     0xb  ApiPocCmd.o [1]
  .near.rodata       const    0x00b109     0xa  ApiAtCmd.o [1]
  .near.rodata       const    0x00b113     0xa  ApiAtCmd.o [1]
  .near.rodata       const    0x00b11d     0x9  ApiAtCmd.o [1]
  .near.rodata       const    0x00b126     0x9  ApiAtCmd.o [1]
  .near.rodata       const    0x00b12f     0x9  ApiAtCmd.o [1]
  .near.rodata       const    0x00b138     0x9  ApiAtCmd.o [1]
  .near.rodata       const    0x00b141     0x9  ApiAtCmd.o [1]
  .near.rodata       const    0x00b14a     0x9  ApiAtCmd.o [1]
  .near.rodata       const    0x00b153     0x9  ApiPocCmd.o [1]
  .near.rodata       const    0x00b15c     0x9  DrvZM389.o [1]
  .near.rodata       const    0x00b165     0x8  ApiAtCmd.o [1]
  .near.rodata       const    0x00b16d     0x8  ApiAtCmd.o [1]
  .near.rodata       const    0x00b175     0x8  ApiAtCmd.o [1]
  .near.rodata       const    0x00b17d     0x8  ApiDisplay.o [1]
  .near.rodata       const    0x00b185     0x8  ApiPocCmd.o [1]
  .near.rodata       const    0x00b18d     0x7  ApiAtCmd.o [1]
  .near.rodata       const    0x00b194     0x7  ApiAtCmd.o [1]
  .near.rodata       const    0x00b19b     0x7  ApiPocCmd.o [1]
  .near.rodata       const    0x00b1a2     0x7  ApiPocCmd.o [1]
  .near.rodata       const    0x00b1a9     0x7  ApiPocCmd.o [1]
  .near.rodata       const    0x00b1b0     0x7  ApiPocCmd.o [1]
  .near.rodata       const    0x00b1b7     0x7  ApiPocCmd.o [1]
  .near.rodata       const    0x00b1be     0x7  ApiPocCmd.o [1]
  .near.rodata       const    0x00b1c5     0x7  ApiPocCmd.o [1]
  .near.rodata       const    0x00b1cc     0x7  ApiPocCmd.o [1]
  .near.rodata       const    0x00b1d3     0x7  ApiPocCmd.o [1]
  .near.rodata       const    0x00b1da     0x7  DrvZM389.o [1]
  .near.rodata       const    0x00b1e1     0x6  ApiAtCmd.o [1]
  .near.rodata       const    0x00b1e7     0x6  DrvZM389.o [1]
  .near.rodata       const    0x00b1ed     0x5  ApiAtCmd.o [1]
  .near.rodata       const    0x00b1f2     0x4  ApiDisplay.o [1]
  .near.rodata       const    0x00b1f6     0x4  ApiDisplay.o [1]
  .near.rodata       const    0x00b1fa     0x4  ApiDisplay.o [1]
  .near.rodata       const    0x00b1fe     0x4  ApiDisplay.o [1]
  .near.rodata       const    0x00b202     0x4  ApiDisplay.o [1]
  .near.rodata       const    0x00b206     0x4  ApiMenu.o [1]
  .near.rodata       const    0x00b20a     0x4  ApiMenu.o [1]
  .near.rodata       const    0x00b20e     0x4  ApiMenu.o [1]
  .near.rodata       const    0x00b212     0x4  ApiMenu.o [1]
  .near.rodata       const    0x00b216     0x4  ApiMenu.o [1]
  .near.rodata       const    0x00b21a     0x4  ApiMenu.o [1]
  .near.rodata       const    0x00b21e     0x4  ApiMenu.o [1]
  .near.rodata       const    0x00b222     0x4  ApiPocCmd.o [1]
  .near.rodata       const    0x00b226     0x4  DrvUart3.o [1]
  .near.rodata       const    0x00b22a     0x4  DrvUart3.o [1]
  .near.rodata       const    0x00b22e     0x4  stm8s_clk.o [1]
  .near.rodata       const    0x00b232     0x3  ApiPocCmd.o [1]
  .near.rodata       const    0x00b235     0x3  DrvUart3.o [1]
  .near.rodata       const    0x00b238     0x3  DrvUart3.o [1]
  .near.rodata       const    0x00b23b     0x3  DrvZM389.o [1]
                            - 0x00b23e  0x31be

"P4", part 1 of 2:                      0x4a2a
  .far_func.text     ro code  0x00b23e   0x9f6  ApiPocCmd.o [1]
  .far_func.text     ro code  0x00bc34   0x92b  ApiKeyboard.o [1]
  .far_func.text     ro code  0x00c55f   0x922  ApiDelay.o [1]
  .far_func.text     ro code  0x00ce81   0x823  DrvZM389.o [1]
  .far_func.text     ro code  0x00d6a4   0x7c6  ApiPocCmd.o [1]
  .far_func.text     ro code  0x00de6a   0x5d2  DrvKeyboard.o [1]
  .far_func.text     ro code  0x00e43c   0x412  ApiAtCmd.o [1]
  .far_func.text     ro code  0x00e84e   0x3d6  ApiVoice.o [1]
  .far_func.text     ro code  0x00ec24   0x3c7  ApiDisplay.o [1]
  .far_func.text     ro code  0x00efeb    0x3a  char.o [5]
  .far_func.text     ro code  0x00f025    0x39  ApiKeyboard.o [1]
  .far_func.text     ro code  0x00f05e    0x39  DrvUart3.o [1]
  .far_func.text     ro code  0x00f097    0x38  DrvBeep.o [1]
  .far_func.text     ro code  0x00f0cf    0x38  DrvGT20L16S1Y.o [1]
  .far_func.text     ro code  0x00f107    0x38  Task.o [1]
  .far_func.text     ro code  0x00f13f    0x36  stm8s_flash.o [1]
  .far_func.text     ro code  0x00f175    0x36  sysclock.o [1]
  .far_func.text     ro code  0x00f1ab    0x36  memcmp.o [5]
  .far_func.text     ro code  0x00f1e1    0x35  ApiPocCmd.o [1]
  .far_func.text     ro code  0x00f216    0x34  DrvMcuPin.o [1]
  .far_func.text     ro code  0x00f24a    0x32  stm8s_uart1.o [1]
  .far_func.text     ro code  0x00f27c    0x30  stm8s_adc2.o [1]
  .far_func.text     ro code  0x00f2ac    0x2f  stm8s_adc2.o [1]
  .far_func.text     ro code  0x00f2db    0x2d  stm8s_uart1.o [1]
  .far_func.text     ro code  0x00f308    0x2c  DrvZM389.o [1]
  .far_func.text     ro code  0x00f334    0x2b  ApiPocCmd.o [1]
  .far_func.text     ro code  0x00f35f    0x2b  sysclock.o [1]
  .far_func.text     ro code  0x00f38a    0x29  ApiDelay.o [1]
  .far_func.text     ro code  0x00f3b3    0x29  DrvMcuPin.o [1]
  .far_func.text     ro code  0x00f3dc    0x28  ApiAtCmd.o [1]
  .far_func.text     ro code  0x00f404    0x28  ApiAtCmd.o [1]
  .far_func.text     ro code  0x00f42c    0x28  stm8s_flash.o [1]
  .far_func.text     ro code  0x00f454    0x28  init_small.o [5]
  .far_func.text     ro code  0x00f47c    0x27  ApiBattery.o [1]
  .far_func.text     ro code  0x00f4a3    0x26  DrvTone.o [1]
  .far_func.text     ro code  0x00f4c9    0x26  stm8s_it.o [1]
  .far_func.text     ro code  0x00f4ef    0x26  memcpy.o [5]
  .far_func.text     ro code  0x00f515    0x25  stm8s_flash.o [1]
  .far_func.text     ro code  0x00f53a    0x25  stm8s_it.o [1]
  .far_func.text     ro code  0x00f55f    0x25  stm8s_uart3.o [1]
  .far_func.text     ro code  0x00f584    0x25  move.o [5]
  .far_func.text     ro code  0x00f5a9    0x24  stm8s_tim1.o [1]
  .far_func.text     ro code  0x00f5cd    0x24  Task.o [1]
  .far_func.text     ro code  0x00f5f1    0x22  ApiBattery.o [1]
  .far_func.text     ro code  0x00f613    0x21  ApiMenu.o [1]
  .far_func.text     ro code  0x00f634    0x21  stm8s_adc2.o [1]
  .far_func.text     ro code  0x00f655    0x20  ApiMcuVersion.o [1]
  .far_func.text     ro code  0x00f675    0x1f  sysclock.o [1]
  .far_func.text     ro code  0x00f694    0x1e  init.o [5]
  .far_func.text     ro code  0x00f6b2    0x1e  init_small.o [5]
  .far_func.text     ro code  0x00f6d0    0x1c  ApiDelay.o [1]
  .far_func.text     ro code  0x00f6ec    0x1c  DrvBeep.o [1]
  .far_func.text     ro code  0x00f708    0x1b  stm8s_it.o [1]
  .far_func.text     ro code  0x00f723    0x1a  DrvMcuPin.o [1]
  .far_func.text     ro code  0x00f73d    0x19  DrvMcuPin.o [1]
  .far_func.text     ro code  0x00f756    0x19  DrvMcuPin.o [1]
  .far_func.text     ro code  0x00f76f    0x19  DrvMcuPin.o [1]
  .far_func.text     ro code  0x00f788    0x19  DrvMcuPin.o [1]
  .far_func.text     ro code  0x00f7a1    0x19  DrvMcuPin.o [1]
  .far_func.text     ro code  0x00f7ba    0x19  DrvMcuPin.o [1]
  .far_func.text     ro code  0x00f7d3    0x19  DrvMcuPin.o [1]
  .far_func.text     ro code  0x00f7ec    0x18  ApiKeyboard.o [1]
  .far_func.text     ro code  0x00f804    0x18  ApiKeyboard.o [1]
  .far_func.text     ro code  0x00f81c    0x17  ApiDisplay.o [1]
  .far_func.text     ro code  0x00f833    0x17  cstartup.o [5]
  .far_func.text     ro code  0x00f84a    0x17  memset.o [5]
  .far_func.text     ro code  0x00f861    0x16  stm8s_flash.o [1]
  .far_func.text     ro code  0x00f877    0x16  __dbg_xxexit.o [4]
  .far_func.text     ro code  0x00f88d    0x15  ApiBattery.o [1]
  .far_func.text     ro code  0x00f8a2    0x15  ApiPocCmd.o [1]
  .far_func.text     ro code  0x00f8b7    0x14  ApiMcuVersion.o [1]
  .far_func.text     ro code  0x00f8cb    0x14  stm8s_flash.o [1]
  .far_func.text     ro code  0x00f8df    0x13  stm8s_adc2.o [1]
  .far_func.text     ro code  0x00f8f2    0x13  stm8s_clk.o [1]
  .far_func.text     ro code  0x00f905    0x13  stm8s_tim1.o [1]
  .far_func.text     ro code  0x00f918    0x13  stm8s_tim3.o [1]
  .far_func.text     ro code  0x00f92b    0x12  DrvUart3.o [1]
  .far_func.text     ro code  0x00f93d    0x12  strlen.o [5]
  .far_func.text     ro code  0x00f94f    0x11  Task.o [1]
  .far_func.text     ro code  0x00f960    0x10  ApiAtCmd.o [1]
  .far_func.text     ro code  0x00f970    0x10  DrvUart3.o [1]
  .far_func.text     ro code  0x00f980     0xf  ApiVoice.o [1]
  .far_func.text     ro code  0x00f98f     0xe  far_util.o [5]
  .far_func.text     ro code  0x00f99d     0xd  ApiAtCmd.o [1]
  .far_func.text     ro code  0x00f9aa     0xd  ApiVoice.o [1]
  .far_func.text     ro code  0x00f9b7     0xd  DrvMcuPin.o [1]
  .far_func.text     ro code  0x00f9c4     0xd  stm8s_adc2.o [1]
  .far_func.text     ro code  0x00f9d1     0xd  stm8s_tim1.o [1]
  .far_func.text     ro code  0x00f9de     0xd  stm8s_tim1.o [1]
  .far_func.text     ro code  0x00f9eb     0xd  stm8s_tim1.o [1]
  .far_func.text     ro code  0x00f9f8     0xd  stm8s_tim1.o [1]
  .far_func.text     ro code  0x00fa05     0xd  stm8s_tim3.o [1]
  .far_func.text     ro code  0x00fa12     0xd  stm8s_tim3.o [1]
  .far_func.text     ro code  0x00fa1f     0xd  stm8s_uart1.o [1]
  .far_func.text     ro code  0x00fa2c     0xd  stm8s_uart3.o [1]
  .far_func.text     ro code  0x00fa39     0xc  ApiAtCmd.o [1]
  .far_func.text     ro code  0x00fa45     0xc  stm8s_tim3.o [1]
  .far_func.text     ro code  0x00fa51     0xb  stm8s_flash.o [1]
  .far_func.text     ro code  0x00fa5c     0x9  ApiKeyCmd.o [1]
  .far_func.text     ro code  0x00fa65     0x9  DrvTone.o [1]
  .far_func.text     ro code  0x00fa6e     0x9  stm8s_gpio.o [1]
  .far_func.text     ro code  0x00fa77     0x9  stm8s_tim1.o [1]
  .far_func.text     ro code  0x00fa80     0x9  stm8s_tim3.o [1]
  .far_func.text     ro code  0x00fa89     0x8  ApiPocCmd.o [1]
  .far_func.text     ro code  0x00fa91     0x7  ApiGpsCmd.o [1]
  .far_func.text     ro code  0x00fa98     0x7  ApiGpsCmd.o [1]
  .far_func.text     ro code  0x00fa9f     0x7  ApiGpsCmd.o [1]
  .far_func.text     ro code  0x00faa6     0x7  ApiGpsCmd.o [1]
  .far_func.text     ro code  0x00faad     0x7  ApiGpsCmd.o [1]
  .far_func.text     ro code  0x00fab4     0x7  ApiPocCmd.o [1]
  .far_func.text     ro code  0x00fabb     0x7  ApiPocCmd.o [1]
  .far_func.text     ro code  0x00fac2     0x7  ApiPocCmd.o [1]
  .far_func.text     ro code  0x00fac9     0x7  ApiPocCmd.o [1]
  .far_func.text     ro code  0x00fad0     0x7  stm8s_flash.o [1]
  .far_func.text     ro code  0x00fad7     0x7  stm8s_gpio.o [1]
  .far_func.text     ro code  0x00fade     0x6  cexit.o [5]
  .far_func.text     ro code  0x00fae4     0x5  ApiDisplay.o [1]
  .far_func.text     ro code  0x00fae9     0x5  ApiLED.o [1]
  .far_func.text     ro code  0x00faee     0x5  stm8s_adc2.o [1]
  .far_func.text     ro code  0x00faf3     0x5  stm8s_flash.o [1]
  .far_func.text     ro code  0x00faf8     0x5  stm8s_flash.o [1]
  .far_func.text     ro code  0x00fafd     0x5  stm8s_tim1.o [1]
  .far_func.text     ro code  0x00fb02     0x5  stm8s_tim3.o [1]
  .far_func.text     ro code  0x00fb07     0x4  ApiDelay.o [1]
  .far_func.text     ro code  0x00fb0b     0x4  ApiDelay.o [1]
  .far_func.text     ro code  0x00fb0f     0x4  ApiDelay.o [1]
  .far_func.text     ro code  0x00fb13     0x4  ApiGpsCmd.o [1]
  .far_func.text     ro code  0x00fb17     0x4  ApiKeyCmd.o [1]
  .far_func.text     ro code  0x00fb1b     0x4  ApiKeyCmd.o [1]
  .far_func.text     ro code  0x00fb1f     0x4  ApiKeyCmd.o [1]
  .far_func.text     ro code  0x00fb23     0x4  ApiPocCmd.o [1]
  .far_func.text     ro code  0x00fb27     0x4  ApiPocCmd.o [1]
  .far_func.text     ro code  0x00fb2b     0x4  ApiPocCmd.o [1]
  .far_func.text     ro code  0x00fb2f     0x4  ApiPocCmd.o [1]
  .far_func.text     ro code  0x00fb33     0x4  ApiPocCmd.o [1]
  .far_func.text     ro code  0x00fb37     0x4  ApiPocCmd.o [1]
  .far_func.text     ro code  0x00fb3b     0x4  ApiPocCmd.o [1]
  .far_func.text     ro code  0x00fb3f     0x4  ApiPocCmd.o [1]
  .far_func.text     ro code  0x00fb43     0x4  ApiPocCmd.o [1]
  .far_func.text     ro code  0x00fb47     0x4  ApiPocCmd.o [1]
  .far_func.text     ro code  0x00fb4b     0x4  ApiPocCmd.o [1]
  .far_func.text     ro code  0x00fb4f     0x4  ApiPocCmd.o [1]
  .far_func.text     ro code  0x00fb53     0x4  ApiPocCmd.o [1]
  .far_func.text     ro code  0x00fb57     0x4  ApiPocCmd.o [1]
  .far_func.text     ro code  0x00fb5b     0x4  ApiPocCmd.o [1]
  .far_func.text     ro code  0x00fb5f     0x4  ApiPocCmd.o [1]
  .far_func.text     ro code  0x00fb63     0x4  ApiPocCmd.o [1]
  .far_func.text     ro code  0x00fb67     0x4  ApiPocCmd.o [1]
  .far_func.text     ro code  0x00fb6b     0x4  ApiPocCmd.o [1]
  .far_func.text     ro code  0x00fb6f     0x4  ApiPocCmd.o [1]
  .far_func.text     ro code  0x00fb73     0x4  ApiPocCmd.o [1]
  .far_func.text     ro code  0x00fb77     0x4  ApiPocCmd.o [1]
  .far_func.text     ro code  0x00fb7b     0x4  ApiPocCmd.o [1]
  .far_func.text     ro code  0x00fb7f     0x4  DrvKeyboard.o [1]
  .far_func.text     ro code  0x00fb83     0x4  DrvKeyboard.o [1]
  .far_func.text     ro code  0x00fb87     0x4  DrvKeyboard.o [1]
  .far_func.text     ro code  0x00fb8b     0x4  DrvKeyboard.o [1]
  .far_func.text     ro code  0x00fb8f     0x4  DrvKeyboard.o [1]
  .far_func.text     ro code  0x00fb93     0x4  DrvKeyboard.o [1]
  .far_func.text     ro code  0x00fb97     0x4  DrvKeyboard.o [1]
  .far_func.text     ro code  0x00fb9b     0x4  DrvKeyboard.o [1]
  .far_func.text     ro code  0x00fb9f     0x4  DrvKeyboard.o [1]
  .far_func.text     ro code  0x00fba3     0x4  DrvKeyboard.o [1]
  .far_func.text     ro code  0x00fba7     0x4  DrvKeyboard.o [1]
  .far_func.text     ro code  0x00fbab     0x4  DrvKeyboard.o [1]
  .far_func.text     ro code  0x00fbaf     0x4  DrvKeyboard.o [1]
  .far_func.text     ro code  0x00fbb3     0x4  DrvKeyboard.o [1]
  .far_func.text     ro code  0x00fbb7     0x4  DrvKeyboard.o [1]
  .far_func.text     ro code  0x00fbbb     0x4  DrvKeyboard.o [1]
  .far_func.text     ro code  0x00fbbf     0x4  DrvKeyboard.o [1]
  .far_func.text     ro code  0x00fbc3     0x4  DrvKeyboard.o [1]
  .far_func.text     ro code  0x00fbc7     0x4  DrvKeyboard.o [1]
  .far_func.text     ro code  0x00fbcb     0x4  DrvKeyboard.o [1]
  .far_func.text     ro code  0x00fbcf     0x4  DrvKeyboard.o [1]
  .far_func.text     ro code  0x00fbd3     0x4  DrvKeyboard.o [1]
  .far_func.text     ro code  0x00fbd7     0x4  DrvKeyboard.o [1]
  .far_func.text     ro code  0x00fbdb     0x4  DrvKeyboard.o [1]
  .far_func.text     ro code  0x00fbdf     0x4  DrvKeyboard.o [1]
  .far_func.text     ro code  0x00fbe3     0x4  DrvKeyboard.o [1]
  .far_func.text     ro code  0x00fbe7     0x4  DrvKeyboard.o [1]
  .far_func.text     ro code  0x00fbeb     0x4  DrvKeyboard.o [1]
  .far_func.text     ro code  0x00fbef     0x4  DrvKeyboard.o [1]
  .far_func.text     ro code  0x00fbf3     0x4  DrvKeyboard.o [1]
  .far_func.text     ro code  0x00fbf7     0x4  DrvKeyboard.o [1]
  .far_func.text     ro code  0x00fbfb     0x4  DrvKeyboard.o [1]
  .far_func.text     ro code  0x00fbff     0x4  DrvKeyboard.o [1]
  .far_func.text     ro code  0x00fc03     0x4  DrvKeyboard.o [1]
  .far_func.text     ro code  0x00fc07     0x4  DrvKeyboard.o [1]
  .far_func.text     ro code  0x00fc0b     0x4  DrvKeyboard.o [1]
  .far_func.text     ro code  0x00fc0f     0x4  DrvKeyscan.o [1]
  .far_func.text     ro code  0x00fc13     0x4  DrvKeyscan.o [1]
  .far_func.text     ro code  0x00fc17     0x4  DrvKeyscan.o [1]
  .far_func.text     ro code  0x00fc1b     0x4  DrvKeyscan.o [1]
  .far_func.text     ro code  0x00fc1f     0x4  DrvKeyscan.o [1]
  .far_func.text     ro code  0x00fc23     0x4  DrvKeyscan.o [1]
  .far_func.text     ro code  0x00fc27     0x4  DrvKeyscan.o [1]
  .far_func.text     ro code  0x00fc2b     0x4  DrvKeyscan.o [1]
  .far_func.text     ro code  0x00fc2f     0x4  stm8s_gpio.o [1]
  .far_func.text     ro code  0x00fc33     0x4  stm8s_uart1.o [1]
  .far_func.text     ro code  0x00fc37     0x4  stm8s_uart1.o [1]
  .far_func.text     ro code  0x00fc3b     0x4  stm8s_uart3.o [1]
  .far_func.text     ro code  0x00fc3f     0x4  stm8s_uart3.o [1]
  .far_func.text     ro code  0x00fc43     0x4  interrupt.o [5]
  .far_func.text     ro code  0x00fc47     0x4  exit.o [5]
  .far_func.text     ro code  0x00fc4b     0x3  low_level_init.o [5]
  .far_func.text     ro code  0x00fc4e     0x3  unhandled_exception.o [5]
  .far_func.text     ro code  0x00fc51     0x1  ApiKeyboard.o [1]
  .far_func.text     ro code  0x00fc52     0x1  ApiMcuVersion.o [1]
  .far_func.text     ro code  0x00fc53     0x1  stm8s_it.o [1]
  .far_func.text     ro code  0x00fc54     0x1  stm8s_it.o [1]
  .far_func.text     ro code  0x00fc55     0x1  stm8s_it.o [1]
  .far_func.text     ro code  0x00fc56     0x1  stm8s_it.o [1]
  .far_func.text     ro code  0x00fc57     0x1  stm8s_it.o [1]
  .far_func.text     ro code  0x00fc58     0x1  stm8s_it.o [1]
  .far_func.text     ro code  0x00fc59     0x1  stm8s_it.o [1]
  .far_func.text     ro code  0x00fc5a     0x1  stm8s_it.o [1]
  .far_func.text     ro code  0x00fc5b     0x1  stm8s_it.o [1]
  .far_func.text     ro code  0x00fc5c     0x1  stm8s_it.o [1]
  .far_func.text     ro code  0x00fc5d     0x1  stm8s_it.o [1]
  .far_func.text     ro code  0x00fc5e     0x1  stm8s_it.o [1]
  .far_func.text     ro code  0x00fc5f     0x1  stm8s_it.o [1]
  .far_func.text     ro code  0x00fc60     0x1  stm8s_it.o [1]
  .far_func.text     ro code  0x00fc61     0x1  stm8s_it.o [1]
  .far_func.text     ro code  0x00fc62     0x1  stm8s_it.o [1]
  .far_func.text     ro code  0x00fc63     0x1  stm8s_it.o [1]
  .far_func.text     ro code  0x00fc64     0x1  stm8s_it.o [1]
  .far_func.text     ro code  0x00fc65     0x1  stm8s_it.o [1]
  .far_func.text     ro code  0x00fc66     0x1  stm8s_it.o [1]
  .far_func.text     ro code  0x00fc67     0x1  __dbg_break.o [4]
                            - 0x00fc68  0x4a2a

"P4", part 2 of 2:                      0x664c
  .far_func.text     ro code  0x010000   0x30f  DrvBeep.o [1]
  .far_func.text     ro code  0x01030f   0x2cd  GT20L16P1Y.o [3]
  .far_func.text     ro code  0x0105dc   0x2be  ApiAtCmd.o [1]
  .far_func.text     ro code  0x01089a   0x2b8  ApiBattery.o [1]
  .far_func.text     ro code  0x010b52   0x252  DrvHTG12832.o [1]
  .far_func.text     ro code  0x010da4   0x251  GT20L16P1Y.o [3]
  .far_func.text     ro code  0x010ff5   0x215  Task.o [1]
  .far_func.text     ro code  0x01120a   0x211  DrvKeyboard.o [1]
  .far_func.text     ro code  0x01141b   0x20e  ApiMenu.o [1]
  .far_func.text     ro code  0x011629   0x20b  float.o [5]
  .far_func.text     ro code  0x011834   0x1fe  ApiKeyCmd.o [1]
  .far_func.text     ro code  0x011a32   0x1eb  ApiGpsCmd.o [1]
  .far_func.text     ro code  0x011c1d   0x1d7  ApiMenu.o [1]
  .far_func.text     ro code  0x011df4   0x1c4  ApiKeyCmd.o [1]
  .far_func.text     ro code  0x011fb8   0x1b2  DrvUart3.o [1]
  .far_func.text     ro code  0x01216a   0x1af  long.o [5]
  .far_func.text     ro code  0x012319   0x1ab  ApiPocCmd.o [1]
  .far_func.text     ro code  0x0124c4   0x189  ApiMenu.o [1]
  .far_func.text     ro code  0x01264d   0x186  ApiPocCmd.o [1]
  .far_func.text     ro code  0x0127d3   0x15c  vreg_util.o [5]
  .far_func.text     ro code  0x01292f   0x159  stm8s_uart1.o [1]
  .far_func.text     ro code  0x012a88   0x148  DrvKeyboard.o [1]
  .far_func.text     ro code  0x012bd0   0x148  DrvKeyscan.o [1]
  .far_func.text     ro code  0x012d18   0x13f  DrvKeyboard.o [1]
  .far_func.text     ro code  0x012e57   0x134  CommonLib.o [1]
  .far_func.text     ro code  0x012f8b   0x134  DrvGT20L16S1Y.o [1]
  .far_func.text     ro code  0x0130bf   0x12a  stm8s_uart3.o [1]
  .far_func.text     ro code  0x0131e9   0x11c  ApiAtCmd.o [1]
  .far_func.text     ro code  0x013305   0x103  stm8s_itc.o [1]
  .far_func.text     ro code  0x013408    0xfa  CommonLib.o [1]
  .far_func.text     ro code  0x013502    0xf7  main.o [1]
  .far_func.text     ro code  0x0135f9    0xf5  UTF8toUNICODE.o [1]
  .far_func.text     ro code  0x0136ee    0xf3  DrvUart3.o [1]
  .far_func.text     ro code  0x0137e1    0xeb  DrvZM389.o [1]
  .far_func.text     ro code  0x0138cc    0xe9  ApiPocCmd.o [1]
  .far_func.text     ro code  0x0139b5    0xe9  DrvUart3.o [1]
  .far_func.text     ro code  0x013a9e    0xe6  ApiAtCmd.o [1]
  .far_func.text     ro code  0x013b84    0xe5  DrvKeyboard.o [1]
  .far_func.text     ro code  0x013c69    0xdf  DrvUart3.o [1]
  .far_func.text     ro code  0x013d48    0xd5  ApiPocCmd.o [1]
  .far_func.text     ro code  0x013e1d    0xd5  ApiPocCmd.o [1]
  .far_func.text     ro code  0x013ef2    0xd0  ApiPocCmd.o [1]
  .far_func.text     ro code  0x013fc2    0xc9  ApiAtCmd.o [1]
  .far_func.text     ro code  0x01408b    0xc8  ApiDisplay.o [1]
  .far_func.text     ro code  0x014153    0xbd  ApiKeyCmd.o [1]
  .far_func.text     ro code  0x014210    0xbc  ApiDelay.o [1]
  .far_func.text     ro code  0x0142cc    0xba  DrvUart3.o [1]
  .far_func.text     ro code  0x014386    0xb8  ApiDisplay.o [1]
  .far_func.text     ro code  0x01443e    0xb6  stm8s_uart3.o [1]
  .far_func.text     ro code  0x0144f4    0xb2  CommonLib.o [1]
  .far_func.text     ro code  0x0145a6    0xb0  ApiDisplay.o [1]
  .far_func.text     ro code  0x014656    0xaf  stm8s_gpio.o [1]
  .far_func.text     ro code  0x014705    0xad  DrvUart3.o [1]
  .far_func.text     ro code  0x0147b2    0xa3  ApiDelay.o [1]
  .far_func.text     ro code  0x014855    0xa2  ApiKeyboard.o [1]
  .far_func.text     ro code  0x0148f7    0xa2  stm8s_clk.o [1]
  .far_func.text     ro code  0x014999    0x9d  ApiLED.o [1]
  .far_func.text     ro code  0x014a36    0x99  stm8s_tim1.o [1]
  .far_func.text     ro code  0x014acf    0x96  DrvKeyboard.o [1]
  .far_func.text     ro code  0x014b65    0x95  DrvUart3.o [1]
  .far_func.text     ro code  0x014bfa    0x93  ApiAtCmd.o [1]
  .far_func.text     ro code  0x014c8d    0x92  stm8s_uart1.o [1]
  .far_func.text     ro code  0x014d1f    0x8f  DrvUart3.o [1]
  .far_func.text     ro code  0x014dae    0x8e  ApiPocCmd.o [1]
  .far_func.text     ro code  0x014e3c    0x8e  ApiPocCmd.o [1]
  .far_func.text     ro code  0x014eca    0x8e  ApiPocCmd.o [1]
  .far_func.text     ro code  0x014f58    0x8d  DrvTone.o [1]
  .far_func.text     ro code  0x014fe5    0x8d  stm8s_uart3.o [1]
  .far_func.text     ro code  0x015072    0x88  ApiDisplay.o [1]
  .far_func.text     ro code  0x0150fa    0x83  ApiAtCmd.o [1]
  .far_func.text     ro code  0x01517d    0x82  stm8s_adc2.o [1]
  .far_func.text     ro code  0x0151ff    0x80  DrvZM389.o [1]
  .far_func.text     ro code  0x01527f    0x7f  main.o [1]
  .far_func.text     ro code  0x0152fe    0x7d  ApiDisplay.o [1]
  .far_func.text     ro code  0x01537b    0x7b  ApiPocCmd.o [1]
  .far_func.text     ro code  0x0153f6    0x7b  ApiPocCmd.o [1]
  .far_func.text     ro code  0x015471    0x75  ApiGpsCmd.o [1]
  .far_func.text     ro code  0x0154e6    0x75  Task.o [1]
  .far_func.text     ro code  0x01555b    0x73  ApiDelay.o [1]
  .far_func.text     ro code  0x0155ce    0x72  DrvKeyboard.o [1]
  .far_func.text     ro code  0x015640    0x72  long_util.o [5]
  .far_func.text     ro code  0x0156b2    0x71  ApiVoice.o [1]
  .far_func.text     ro code  0x015723    0x6e  DrvUart3.o [1]
  .far_func.text     ro code  0x015791    0x6d  DrvTone.o [1]
  .far_func.text     ro code  0x0157fe    0x6d  stm8s_uart1.o [1]
  .far_func.text     ro code  0x01586b    0x6b  DrvTone.o [1]
  .far_func.text     ro code  0x0158d6    0x69  DrvUart3.o [1]
  .far_func.text     ro code  0x01593f    0x67  ApiAtCmd.o [1]
  .far_func.text     ro code  0x0159a6    0x65  ApiAtCmd.o [1]
  .far_func.text     ro code  0x015a0b    0x64  ApiDisplay.o [1]
  .far_func.text     ro code  0x015a6f    0x64  CommonLib.o [1]
  .far_func.text     ro code  0x015ad3    0x61  ApiMcuVersion.o [1]
  .far_func.text     ro code  0x015b34    0x61  stm8s_tim1.o [1]
  .far_func.text     ro code  0x015b95    0x5e  CommonLib.o [1]
  .far_func.text     ro code  0x015bf3    0x5d  short.o [5]
  .far_func.text     ro code  0x015c50    0x5c  DrvUart3.o [1]
  .far_func.text     ro code  0x015cac    0x5c  GT20L16P1Y_D.o [1]
  .far_func.text     ro code  0x015d08    0x5a  ApiDisplay.o [1]
  .far_func.text     ro code  0x015d62    0x58  stm8s_clk.o [1]
  .far_func.text     ro code  0x015dba    0x58  dc_util.o [5]
  .far_func.text     ro code  0x015e12    0x57  ApiDisplay.o [1]
  .far_func.text     ro code  0x015e69    0x55  ApiDelay.o [1]
  .far_func.text     ro code  0x015ebe    0x54  stm8s_adc2.o [1]
  .far_func.text     ro code  0x015f12    0x52  DrvUart3.o [1]
  .far_func.text     ro code  0x015f64    0x50  DrvEeprom.o [1]
  .far_func.text     ro code  0x015fb4    0x4f  ApiDisplay.o [1]
  .far_func.text     ro code  0x016003    0x4f  DrvEeprom.o [1]
  .far_func.text     ro code  0x016052    0x4f  DrvUart3.o [1]
  .far_func.text     ro code  0x0160a1    0x4e  ApiPocCmd.o [1]
  .far_func.text     ro code  0x0160ef    0x4e  ApiPocCmd.o [1]
  .far_func.text     ro code  0x01613d    0x4e  ApiPocCmd.o [1]
  .far_func.text     ro code  0x01618b    0x4e  CommonLib.o [1]
  .far_func.text     ro code  0x0161d9    0x4a  DrvZM389.o [1]
  .far_func.text     ro code  0x016223    0x4a  DrvZM389.o [1]
  .far_func.text     ro code  0x01626d    0x4a  DrvZM389.o [1]
  .far_func.text     ro code  0x0162b7    0x49  stm8s_uart3.o [1]
  .far_func.text     ro code  0x016300    0x48  DrvEeprom.o [1]
  .far_func.text     ro code  0x016348    0x48  GT20L16P1Y_D.o [1]
  .far_func.text     ro code  0x016390    0x47  ApiVoice.o [1]
  .far_func.text     ro code  0x0163d7    0x44  ApiPocCmd.o [1]
  .far_func.text     ro code  0x01641b    0x43  stm8s_it.o [1]
  .far_func.text     ro code  0x01645e    0x43  stm8s_tim1.o [1]
  .far_func.text     ro code  0x0164a1    0x40  ApiDelay.o [1]
  .far_func.text     ro code  0x0164e1    0x3f  DrvKeyscan.o [1]
  .far_func.text     ro code  0x016520    0x3e  DrvEeprom.o [1]
  .far_func.text     ro code  0x01655e    0x3d  DrvZM389.o [1]
  .far_func.text     ro code  0x01659b    0x3b  ApiBattery.o [1]
  .far_func.text     ro code  0x0165d6    0x3b  DrvUart1.o [1]
  .far_func.text     ro code  0x016611    0x3a  Task.o [1]
  .far_func.text     ro code  0x01664b     0x1  ApiAtCmd.o [1]
                            - 0x01664c  0x664c


*******************************************************************************
*** INIT TABLE
***

          Address   Size
          -------   ----
Zero (__iar_zero_init2)
    4 destination ranges, total size 0x1501:
          0x000010  0xa24
          0x000a34  0x68c
          0x0010c0  0x200
          0x0012c0  0x251

Copy (__iar_copy_init2)
    1 source range, total size 0x11b:
          0x00a130  0x11b
    1 destination range, total size 0x11b:
          0x001511  0x11b



*******************************************************************************
*** MODULE SUMMARY
***

    Module                 ro code  ro data  rw data
    ------                 -------  -------  -------
E:\1-source\6-A508_4G_ME3610\PRJ\Debug\Obj: [1]
    ApiAtCmd.o               3 063      777      152
    ApiBattery.o               849                 5
    ApiDelay.o               3 034                55
    ApiDisplay.o             2 172    1 885      654
    ApiGpsCmd.o                647               111
    ApiKeyCmd.o              1 172       17        2
    ApiKeyboard.o            2 615       20       15
    ApiLED.o                   162                 1
    ApiMcuVersion.o            150       49
    ApiMenu.o                1 423      170        8
    ApiPocCmd.o              7 443      184    2 622
    ApiVoice.o               1 194    2 155       70
    CommonLib.o              1 008       17
    DrvBeep.o                  867                18
    DrvEeprom.o                293
    DrvGT20L16S1Y.o            364
    DrvHTG12832.o              594                 2
    DrvKeyboard.o            3 303                92
    DrvKeyscan.o               423                19
    DrvMcuPin.o                307
    DrvTone.o                  404                21
    DrvUart1.o                  59
    DrvUart3.o               2 343       30      122
    DrvZM389.o               2 773       33    1 685
    GT20L16P1Y_D.o             164    7 344
    Task.o                     817       17        5
    UTF8toUNICODE.o            245
    main.o                     374
    stm8s_adc2.o               379
    stm8s_clk.o                269        4
    stm8s_flash.o              201
    stm8s_gpio.o               195
    stm8s_it.o                 189                 1
    stm8s_itc.o                259
    stm8s_tim1.o               438
    stm8s_tim3.o                71
    stm8s_uart1.o              716
    stm8s_uart3.o              752
    sysclock.o                 128
    ------------------------------------------------
    Total:                  41 859   12 702    5 660

command line: [2]
    ------------------------------------------------
    Total:

GT20L16_STM8_DOUBLE_MEDIUM_IAR.a: [3]
    GT20L16P1Y.o             1 310
    ------------------------------------------------
    Total:                   1 310

dbgstm8mmd.a: [4]
    __dbg_break.o                1
    __dbg_xxexit.o              22
    ------------------------------------------------
    Total:                      23

dlstm8mmn.a: [5]
    cexit.o                      6
    char.o                      58
    cstartup.o                  23
    dc_util.o                   88
    exit.o                       4
    far_util.o                  14
    float.o                    523
    init.o                      30
    init_small.o                70
    interrupt.o                  4      128
    long.o                     431
    long_util.o                114
    low_level_init.o             3
    memcmp.o                    54
    memcpy.o                    38
    memset.o                    23
    move.o                      37
    short.o                     93
    strlen.o                    18
    unhandled_exception.o        3
    vreg_util.o                348
    vregs.o                                       16
    ------------------------------------------------
    Total:                   1 982      128       16

    Linker created                       32      256
----------------------------------------------------
    Grand Total:            45 174   12 862    5 932


*******************************************************************************
*** ENTRY LIST
***

Entry                    Address    Size  Type      Object
-----                    -------    ----  ----      ------
.iar.init_table$$Base   0x00aac8           --   Gb  - Linker created -
.iar.init_table$$Limit  0x00aae8           --   Gb  - Linker created -
?add32_l0_l0_0x         0x01216d          Code  Gb  long.o [5]
?add32_l0_l0_l1         0x01216a          Code  Gb  long.o [5]
?and32_l0_l0_0x         0x0122b9          Code  Gb  long.o [5]
?and32_l0_l0_l1         0x0122b6          Code  Gb  long.o [5]
?b0                     0x000000          Data  Gb  vregs.o [5]
?b1                     0x000001          Data  Gb  vregs.o [5]
?b10                    0x00000a          Data  Gb  vregs.o [5]
?b11                    0x00000b          Data  Gb  vregs.o [5]
?b12                    0x00000c          Data  Gb  vregs.o [5]
?b13                    0x00000d          Data  Gb  vregs.o [5]
?b14                    0x00000e          Data  Gb  vregs.o [5]
?b15                    0x00000f          Data  Gb  vregs.o [5]
?b2                     0x000002          Data  Gb  vregs.o [5]
?b3                     0x000003          Data  Gb  vregs.o [5]
?b4                     0x000004          Data  Gb  vregs.o [5]
?b5                     0x000005          Data  Gb  vregs.o [5]
?b6                     0x000006          Data  Gb  vregs.o [5]
?b7                     0x000007          Data  Gb  vregs.o [5]
?b8                     0x000008          Data  Gb  vregs.o [5]
?b9                     0x000009          Data  Gb  vregs.o [5]
?dc32_l0                0x015dba          Code  Gb  dc_util.o [5]
?dc32_l1                0x015de6          Code  Gb  dc_util.o [5]
?e0                     0x000001          Data  Gb  vregs.o [5]
?e1                     0x000005          Data  Gb  vregs.o [5]
?e2                     0x000009          Data  Gb  vregs.o [5]
?e3                     0x00000d          Data  Gb  vregs.o [5]
?epilogue_l2            0x01288b          Code  Gb  vreg_util.o [5]
?epilogue_l2_l3         0x012887          Code  Gb  vreg_util.o [5]
?epilogue_l2_w6         0x012890          Code  Gb  vreg_util.o [5]
?epilogue_w4            0x012899          Code  Gb  vreg_util.o [5]
?fcastf32u32_l0_l0      0x0116f9          Code  Gb  float.o [5]
?fcasts16f32_x_l0       0x0116c4          Code  Gb  float.o [5]
?fmul32_l0_l0_dc32      0x011629          Code  Gb  float.o [5]
?fmul32_l0_l0_l1        0x01162f          Code  Gb  float.o [5]
?l0                     0x000000          Data  Gb  vregs.o [5]
?l1                     0x000004          Data  Gb  vregs.o [5]
?l2                     0x000008          Data  Gb  vregs.o [5]
?l3                     0x00000c          Data  Gb  vregs.o [5]
?load24_e1_0x           0x00f98f          Code  Gb  far_util.o [5]
?load32_0x_l0           0x015696          Code  Gb  long_util.o [5]
?load32_0x_l3           0x0156a4          Code  Gb  long_util.o [5]
?load32_l0_0x           0x01565a          Code  Gb  long_util.o [5]
?load32_l0_asp          0x01564e          Code  Gb  long_util.o [5]
?load32_l0_dbsp         0x015640          Code  Gb  long_util.o [5]
?load32_l0_xsp          0x015650          Code  Gb  long_util.o [5]
?load32_l1_0x           0x015680          Code  Gb  long_util.o [5]
?load32_l1_asp          0x015674          Code  Gb  long_util.o [5]
?load32_l1_dbsp         0x015666          Code  Gb  long_util.o [5]
?load32_l1_xsp          0x015676          Code  Gb  long_util.o [5]
?load32_xsp_l0          0x01568c          Code  Gb  long_util.o [5]
?longfarg16_v_w0_a      0x00f591          Code  Gb  move.o [5]
?longfarg16_v_w0_x      0x00f593          Code  Gb  move.o [5]
?mov_e0_e1              0x0128b6          Code  Gb  vreg_util.o [5]
?mov_e0_e2              0x0128c3          Code  Gb  vreg_util.o [5]
?mov_e0_e3              0x0128d0          Code  Gb  vreg_util.o [5]
?mov_e1_e0              0x0128dd          Code  Gb  vreg_util.o [5]
?mov_e1_e2              0x0128ea          Code  Gb  vreg_util.o [5]
?mov_e1_e3              0x0128f7          Code  Gb  vreg_util.o [5]
?mov_e2_e0              0x012904          Code  Gb  vreg_util.o [5]
?mov_e3_e0              0x012918          Code  Gb  vreg_util.o [5]
?mov_e3_e1              0x012925          Code  Gb  vreg_util.o [5]
?mov_l0_l1              0x0128b3          Code  Gb  vreg_util.o [5]
?mov_l0_l2              0x0128c0          Code  Gb  vreg_util.o [5]
?mov_l0_l3              0x0128cd          Code  Gb  vreg_util.o [5]
?mov_l1_l0              0x0128da          Code  Gb  vreg_util.o [5]
?mov_l1_l2              0x0128e7          Code  Gb  vreg_util.o [5]
?mov_l1_l3              0x0128f4          Code  Gb  vreg_util.o [5]
?mov_l2_l0              0x012901          Code  Gb  vreg_util.o [5]
?mov_l3_l0              0x012915          Code  Gb  vreg_util.o [5]
?mov_l3_l1              0x012922          Code  Gb  vreg_util.o [5]
?mov_w1_w3              0x0128b9          Code  Gb  vreg_util.o [5]
?mov_w1_w4              0x01289e          Code  Gb  vreg_util.o [5]
?mov_w1_w5              0x0128c6          Code  Gb  vreg_util.o [5]
?mov_w1_w7              0x0128d3          Code  Gb  vreg_util.o [5]
?mov_w2_w1              0x0128a5          Code  Gb  vreg_util.o [5]
?mov_w3_w1              0x0128e0          Code  Gb  vreg_util.o [5]
?mov_w3_w5              0x0128ed          Code  Gb  vreg_util.o [5]
?mov_w3_w7              0x0128fa          Code  Gb  vreg_util.o [5]
?mov_w5_w1              0x012907          Code  Gb  vreg_util.o [5]
?mov_w5_w3              0x01290e          Code  Gb  vreg_util.o [5]
?mov_w6_w0              0x0128ac          Code  Gb  vreg_util.o [5]
?mov_w7_w1              0x01291b          Code  Gb  vreg_util.o [5]
?mov_w7_w3              0x012928          Code  Gb  vreg_util.o [5]
?move1616_v_x_y_a       0x00f584          Code  Gb  move.o [5]
?mul16_x_x_w0           0x015bf3          Code  Gb  short.o [5]
?mul32_l0_l0_l1         0x0121a0          Code  Gb  long.o [5]
?or32_l0_l0_0x          0x0122d4          Code  Gb  long.o [5]
?or32_l0_l0_l1          0x0122d1          Code  Gb  long.o [5]
?pop_l0                 0x01284f          Code  Gb  vreg_util.o [5]
?pop_l1                 0x01285a          Code  Gb  vreg_util.o [5]
?pop_l2                 0x012865          Code  Gb  vreg_util.o [5]
?pop_l3                 0x012870          Code  Gb  vreg_util.o [5]
?pop_w4                 0x0127f9          Code  Gb  vreg_util.o [5]
?pop_w5                 0x012800          Code  Gb  vreg_util.o [5]
?pop_w6                 0x012807          Code  Gb  vreg_util.o [5]
?push_l0                0x01281a          Code  Gb  vreg_util.o [5]
?push_l1                0x01281f          Code  Gb  vreg_util.o [5]
?push_l2                0x012824          Code  Gb  vreg_util.o [5]
?push_l3                0x012829          Code  Gb  vreg_util.o [5]
?push_w4                0x0127d3          Code  Gb  vreg_util.o [5]
?push_w5                0x0127d8          Code  Gb  vreg_util.o [5]
?push_w6                0x0127dd          Code  Gb  vreg_util.o [5]
?sdiv16_x_x_y           0x015c11          Code  Gb  short.o [5]
?sdiv8_xl_a_b0          0x00efeb          Code  Gb  char.o [5]
?sext16_x_a             0x015c49          Code  Gb  short.o [5]
?sext32_l0_x            0x01230e          Code  Gb  long.o [5]
?sll16_x_x_4            0x015c44          Code  Gb  short.o [5]
?sll16_x_x_5            0x015c43          Code  Gb  short.o [5]
?sll16_x_x_6            0x015c42          Code  Gb  short.o [5]
?sll16_x_x_a            0x015c3a          Code  Gb  short.o [5]
?sll32_0x_0x_a          0x0122ef          Code  Gb  long.o [5]
?sll32_l0_l0_a          0x0122ec          Code  Gb  long.o [5]
?sll8_a_a_5             0x00f01a          Code  Gb  char.o [5]
?sll8_a_a_6             0x00f019          Code  Gb  char.o [5]
?smod16_y_x_y           0x015c2a          Code  Gb  short.o [5]
?smod8_a_b0_a           0x00f005          Code  Gb  char.o [5]
?srl32_0x_0x_a          0x012300          Code  Gb  long.o [5]
?srl32_l0_l0_a          0x0122fd          Code  Gb  long.o [5]
?srl8_a_a_5             0x00f020          Code  Gb  char.o [5]
?srl8_a_a_6             0x00f01f          Code  Gb  char.o [5]
?sub32_l0_l0_0x         0x012188          Code  Gb  long.o [5]
?sub32_l0_l0_l1         0x012185          Code  Gb  long.o [5]
?ucmp32_c_l0_0x         0x01229b          Code  Gb  long.o [5]
?ucmp32_c_l0_l1         0x0122ab          Code  Gb  long.o [5]
?udiv32_l0_dl_l1        0x012224          Code  Gb  long.o [5]
?udiv32_l0_l0_dl        0x01222a          Code  Gb  long.o [5]
?udiv32_l0_l0_l1        0x01222e          Code  Gb  long.o [5]
?umod32_l1_l0_dl        0x01221e          Code  Gb  long.o [5]
?umod32_l1_l0_l1        0x01222e          Code  Gb  long.o [5]
?w0                     0x000000          Data  Gb  vregs.o [5]
?w1                     0x000002          Data  Gb  vregs.o [5]
?w2                     0x000004          Data  Gb  vregs.o [5]
?w3                     0x000006          Data  Gb  vregs.o [5]
?w4                     0x000008          Data  Gb  vregs.o [5]
?w5                     0x00000a          Data  Gb  vregs.o [5]
?w6                     0x00000c          Data  Gb  vregs.o [5]
?w7                     0x00000e          Data  Gb  vregs.o [5]
ADC2_Cmd                0x00f9c4     0xd  Code  Gb  stm8s_adc2.o [1]
ADC2_ConversionConfig   0x00f2ac    0x2f  Code  Gb  stm8s_adc2.o [1]
ADC2_ExternalTriggerConfig
                        0x00f634    0x21  Code  Gb  stm8s_adc2.o [1]
ADC2_GetConversionValue
                        0x015ebe    0x54  Code  Gb  stm8s_adc2.o [1]
ADC2_IRQHandler         0x00fc64     0x1  Code  Gb  stm8s_it.o [1]
ADC2_Init               0x00f27c    0x30  Code  Gb  stm8s_adc2.o [1]
ADC2_PrescalerConfig    0x00f8df    0x13  Code  Gb  stm8s_adc2.o [1]
ADC2_SchmittTriggerConfig
                        0x01517d    0x82  Code  Gb  stm8s_adc2.o [1]
ADC2_StartConversion    0x00faee     0x5  Code  Gb  stm8s_adc2.o [1]
ADC_Init                0x00f5f1    0x22  Code  Gb  ApiBattery.o [1]
AUDIO_IOAFPOW           0x00f7a1    0x19  Code  Gb  DrvMcuPin.o [1]
AWU_IRQHandler          0x00fc55     0x1  Code  Gb  stm8s_it.o [1]
ApiAtCmd_100msRenew     0x01664b     0x1  Code  Gb  ApiAtCmd.o [1]
ApiAtCmd_10msRenew      0x00e43c   0x412  Code  Gb  ApiAtCmd.o [1]
ApiAtCmd_PlayVoice      0x014bfa    0x93  Code  Gb  ApiAtCmd.o [1]
ApiAtCmd_PowerOnInitial
                        0x0131e9   0x11c  Code  Gb  ApiAtCmd.o [1]
ApiAtCmd_WritCommand    0x0105dc   0x2be  Code  Gb  ApiAtCmd.o [1]
ApiAtCmd_bZTTSStates    0x00fa39     0xc  Code  Gb  ApiAtCmd.o [1]
ApiAtCmd_bZTTSStates_Intermediate
                        0x00f99d     0xd  Code  Gb  ApiAtCmd.o [1]
ApiBattery_PowerOnInitial
                        0x00f88d    0x15  Code  Gb  ApiBattery.o [1]
ApiBeidou_Get_location_Information
                        0x011a32   0x1eb  Code  Gb  ApiGpsCmd.o [1]
ApiBeidou_PowerOnInitial
                        0x015471    0x75  Code  Gb  ApiGpsCmd.o [1]
ApiCaretCmd_10msRenew   0x00f960    0x10  Code  Gb  ApiAtCmd.o [1]
ApiDisplay_PowerOnInitial
                        0x00fae4     0x5  Code  Gb  ApiDisplay.o [1]
ApiKeyCmd_PowerOnInitial
                        0x00fa5c     0x9  Code  Gb  ApiKeyCmd.o [1]
ApiKeyboard_PowerOnInitial
                        0x00f025    0x39  Code  Gb  ApiKeyboard.o [1]
ApiLED_PowerOnInitial   0x00fae9     0x5  Code  Gb  ApiLED.o [1]
ApiMcuVersion_PowerOnInitial
                        0x00fc52     0x1  Code  Gb  ApiMcuVersion.o [1]
ApiMenu_BacklightTimeSet_Flag
                        0x001509     0x1  Data  Gb  ApiMenu.o [1]
ApiMenu_BeiDouOrWritingFrequency_Flag
                        0x00150b     0x1  Data  Gb  ApiMenu.o [1]
ApiMenu_GpsInfo_Flag    0x001507     0x1  Data  Gb  ApiMenu.o [1]
ApiMenu_KeylockTimeSet_Flag
                        0x00150a     0x1  Data  Gb  ApiMenu.o [1]
ApiMenu_NativeInfo_Flag
                        0x001508     0x1  Data  Gb  ApiMenu.o [1]
ApiMenu_SwitchCallUser_Flag
                        0x001505     0x1  Data  Gb  ApiMenu.o [1]
ApiMenu_SwitchGroup_Flag
                        0x001504     0x1  Data  Gb  ApiMenu.o [1]
ApiMenu_SwitchOnlineUser_Flag
                        0x001506     0x1  Data  Gb  ApiMenu.o [1]
ApiMenu_init            0x00f613    0x21  Code  Gb  ApiMenu.o [1]
ApiPocCmd_10msRenew     0x00b23e   0x9f6  Code  Gb  ApiPocCmd.o [1]
ApiPocCmd_GroupStates   0x00fb23     0x4  Code  Gb  ApiPocCmd.o [1]
ApiPocCmd_GroupStatesSet
                        0x00fb27     0x4  Code  Gb  ApiPocCmd.o [1]
ApiPocCmd_KeyPttState   0x00fb2b     0x4  Code  Gb  ApiPocCmd.o [1]
ApiPocCmd_PowerOnInitial
                        0x01264d   0x186  Code  Gb  ApiPocCmd.o [1]
ApiPocCmd_ReceivedVoicePlayStates
                        0x00fb33     0x4  Code  Gb  ApiPocCmd.o [1]
ApiPocCmd_ReceivedVoicePlayStatesForDisplay
                        0x00fb3b     0x4  Code  Gb  ApiPocCmd.o [1]
ApiPocCmd_ReceivedVoicePlayStatesForDisplaySet
                        0x00fb3f     0x4  Code  Gb  ApiPocCmd.o [1]
ApiPocCmd_ReceivedVoicePlayStatesForLED
                        0x00fb4b     0x4  Code  Gb  ApiPocCmd.o [1]
ApiPocCmd_ReceivedVoicePlayStatesIntermediate
                        0x00fb43     0x4  Code  Gb  ApiPocCmd.o [1]
ApiPocCmd_ReceivedVoicePlayStatesIntermediateSet
                        0x00fb47     0x4  Code  Gb  ApiPocCmd.o [1]
ApiPocCmd_ReceivedVoicePlayStatesSet
                        0x00fb37     0x4  Code  Gb  ApiPocCmd.o [1]
ApiPocCmd_SetKeyPttState
                        0x00fb2f     0x4  Code  Gb  ApiPocCmd.o [1]
ApiPocCmd_ToneStateIntermediate
                        0x00fb4f     0x4  Code  Gb  ApiPocCmd.o [1]
ApiPocCmd_ToneStateIntermediateSet
                        0x00fb53     0x4  Code  Gb  ApiPocCmd.o [1]
ApiPocCmd_ToneStateSet  0x00fb57     0x4  Code  Gb  ApiPocCmd.o [1]
ApiPocCmd_WritCommand   0x00d6a4   0x7c6  Code  Gb  ApiPocCmd.o [1]
ApiPocCmd_user_info_get
                        0x00f1e1    0x35  Code  Gb  ApiPocCmd.o [1]
ApiPocCmd_user_info_set
                        0x013ef2    0xd0  Code  Gb  ApiPocCmd.o [1]
AtCmdDrvobj             0x00144b    0x2e  Data  Gb  ApiAtCmd.o [1]
AtNotify_Queue          0x00cf1b    0x4d  Code  Lc  DrvZM389.o [1]
AtNotify_Queue_Start    0x00cf68    0x56  Code  Lc  DrvZM389.o [1]
BEEP_Interrupt10ms      0x00f6ec    0x1c  Code  Gb  DrvBeep.o [1]
BEEP_PowerOnInitial     0x01023c    0xd3  Code  Gb  DrvBeep.o [1]
BEEP_SetOutput          0x010000   0x23c  Code  Gb  DrvBeep.o [1]
BEEP_Time               0x00f097    0x38  Code  Gb  DrvBeep.o [1]
BacklightTimeCount      0x0014f5     0x1  Data  Gb  ApiDelay.o [1]
BacklightTimeSetCount   0x0015c7     0x1  Data  Gb  ApiKeyboard.o [1]
BatteryLevel            0x0014ef     0x1  Data  Gb  ApiBattery.o [1]
BeepDrvObj              0x0014a9    0x12  Data  Lc  DrvBeep.o [1]
BeidouFunDrvObj         0x001479    0x1d  Data  Lc  ApiGpsCmd.o [1]
BeidouRxData            0x001391    0x4b  Data  Gb  ApiGpsCmd.o [1]
BeidouRxDataLen         0x0014f6     0x1  Data  Gb  ApiGpsCmd.o [1]
BitTab                  0x00b17d     0x8  Data  Gb  ApiDisplay.o [1]
CHAR_HIGH               0x00af61    0x10  Data  Gb  ApiDisplay.o [1]
CHAR_TO_DIV_CHAR        0x0150fa    0x83  Code  Gb  ApiAtCmd.o [1]
CHAR_TO_Digital         0x01593f    0x67  Code  Gb  ApiAtCmd.o [1]
CHAR_WIDTH              0x00af71    0x10  Data  Gb  ApiDisplay.o [1]
CLK_ClockSwitchConfig   0x0148f7    0xa2  Code  Gb  stm8s_clk.o [1]
CLK_GetClockFreq        0x015d62    0x58  Code  Gb  stm8s_clk.o [1]
CLK_HSIPrescalerConfig  0x00f8f2    0x13  Code  Gb  stm8s_clk.o [1]
CLK_IRQHandler          0x00fc56     0x1  Code  Gb  stm8s_it.o [1]
COML_AscToHex           0x013408    0xfa  Code  Gb  CommonLib.o [1]
COML_DecToAsc           0x015a6f    0x64  Code  Gb  CommonLib.o [1]
COML_HexToAsc           0x0144f4    0xb2  Code  Gb  CommonLib.o [1]
COML_StringReverse      0x015b95    0x5e  Code  Gb  CommonLib.o [1]
CSTACK$$Base            0x001700           --   Gb  - Linker created -
CSTACK$$Limit           0x001800           --   Gb  - Linker created -
CaretNotify_Queue       0x00ce81    0x4d  Code  Lc  DrvZM389.o [1]
CaretNotify_Queue_Start
                        0x00d014    0x56  Code  Lc  DrvZM389.o [1]
CharCode                0x0014e7     0x2  Data  Gb  ApiDisplay.o [1]
Combine2Hex             0x012e57   0x134  Code  Gb  CommonLib.o [1]
Count                   0x0014f0     0x1  Data  Gb  ApiBattery.o [1]
Count2                  0x0014f1     0x1  Data  Gb  ApiBattery.o [1]
Count3                  0x0014f2     0x1  Data  Gb  ApiBattery.o [1]
DEL_100msProcess        0x00cb4a   0x2c6  Code  Lc  ApiDelay.o [1]
DEL_10msProcess         0x00ce10    0x39  Code  Lc  ApiDelay.o [1]
DEL_1msProcess          0x00ce49    0x28  Code  Lc  ApiDelay.o [1]
DEL_500msProcess        0x00c55f   0x5eb  Code  Lc  ApiDelay.o [1]
DEL_GetTimer            0x015e69    0x55  Code  Gb  ApiDelay.o [1]
DEL_Interrupt           0x0147b2    0xa3  Code  Gb  ApiDelay.o [1]
DEL_PowerOnInitial      0x014210    0xbc  Code  Gb  ApiDelay.o [1]
DEL_Renew               0x00ce71    0x10  Code  Gb  ApiDelay.o [1]
DEL_SetTimer            0x01555b    0x73  Code  Gb  ApiDelay.o [1]
DEL_Soft1ms             0x00f6d0    0x1c  Code  Gb  ApiDelay.o [1]
DEL_TimerRenew          0x00f38a    0x29  Code  Lc  ApiDelay.o [1]
DISPLAY_Show            0x00ec6f   0x37c  Code  Gb  ApiDisplay.o [1]
DISP_DataBuf            0x01408b    0xc8  Code  Lc  ApiDisplay.o [1]
DISP_MulTypePro         0x014386    0xb8  Code  Lc  ApiDisplay.o [1]
Dec2Hex                 0x01618b    0x4e  Code  Gb  CommonLib.o [1]
DefaultSystemClockForHSI
                        0x00f675    0x1f  Code  Gb  sysclock.o [1]
DelDrvObj               0x00141c    0x2f  Data  Lc  ApiDelay.o [1]
Delay_100ms             0x0164a1    0x40  Code  Gb  ApiDelay.o [1]
Digital_TO_CHAR         0x0159a6    0x65  Code  Gb  ApiAtCmd.o [1]
DisDataBit              0x0013dc    0x40  Data  Gb  ApiDisplay.o [1]
DisDataBuf              0x0010c0   0x200  Data  Gb  ApiDisplay.o [1]
DrvGD83DrvObj           0x000a34   0x68c  Data  Lc  DrvZM389.o [1]
DrvGD83_UART_TxCommand  0x0151ff    0x80  Code  Gb  DrvZM389.o [1]
DrvMC8332_AtNotify_Queue_front
                        0x016223    0x4a  Code  Gb  DrvZM389.o [1]
DrvMC8332_CaretNotify_Queue_front
                        0x0161d9    0x4a  Code  Gb  DrvZM389.o [1]
DrvMC8332_PocNotify_Queue_front
                        0x01626d    0x4a  Code  Gb  DrvZM389.o [1]
DrvMC8332_Software_Initial
                        0x01655e    0x3d  Code  Gb  DrvZM389.o [1]
DrvMC8332_TxPort_SetValidable
                        0x00f308    0x2c  Code  Gb  DrvZM389.o [1]
DrvMc8332_UART_TxTail   0x0137e1    0xeb  Code  Gb  DrvZM389.o [1]
DrvUart1_init           0x0165d6    0x3b  Code  Gb  DrvUart1.o [1]
DrvZM389_uart1_interrupt
                        0x00d2d9   0x3cb  Code  Gb  DrvZM389.o [1]
Duty_Val                0x0014ed     0x2  Data  Gb  DrvTone.o [1]
EEPROM_EEC_IRQHandler   0x00fc66     0x1  Code  Gb  stm8s_it.o [1]
EXTI_PORTA_IRQHandler   0x00fc57     0x1  Code  Gb  stm8s_it.o [1]
EXTI_PORTB_IRQHandler   0x00fc58     0x1  Code  Gb  stm8s_it.o [1]
EXTI_PORTC_IRQHandler   0x00fc59     0x1  Code  Gb  stm8s_it.o [1]
EXTI_PORTD_IRQHandler   0x00fc5a     0x1  Code  Gb  stm8s_it.o [1]
EXTI_PORTE_IRQHandler   0x00fc5b     0x1  Code  Gb  stm8s_it.o [1]
FILE_Read               0x016300    0x48  Code  Gb  DrvEeprom.o [1]
FILE_Write              0x016003    0x4f  Code  Gb  DrvEeprom.o [1]
FILE_Write2             0x015f64    0x50  Code  Gb  DrvEeprom.o [1]
FLASH_EraseOptionByte   0x00f42c    0x28  Code  Gb  stm8s_flash.o [1]
FLASH_GetFlagStatus     0x00f8cb    0x14  Code  Gb  stm8s_flash.o [1]
FLASH_Lock              0x00fad0     0x7  Code  Gb  stm8s_flash.o [1]
FLASH_ProgramByte       0x00faf3     0x5  Code  Gb  stm8s_flash.o [1]
FLASH_ProgramOptionByte
                        0x00f515    0x25  Code  Gb  stm8s_flash.o [1]
FLASH_ReadByte          0x00faf8     0x5  Code  Gb  stm8s_flash.o [1]
FLASH_SetProgrammingTime
                        0x00fa51     0xb  Code  Gb  stm8s_flash.o [1]
FLASH_Unlock            0x00f861    0x16  Code  Gb  stm8s_flash.o [1]
FLASH_WaitForLastOperation
                        0x00f13f    0x36  Code  Gb  stm8s_flash.o [1]
GB2312_16_GetData       0x010da4   0x251  Code  Gb  GT20L16P1Y.o [3]
GPIO_Init               0x014656    0xaf  Code  Gb  stm8s_gpio.o [1]
GPIO_ReadInputPin       0x00fa6e     0x9  Code  Gb  stm8s_gpio.o [1]
GPIO_WriteHigh          0x00fad7     0x7  Code  Gb  stm8s_gpio.o [1]
GPIO_WriteLow           0x00fc2f     0x4  Code  Gb  stm8s_gpio.o [1]
GetAllGroupNameForDisplay
                        0x01537b    0x7b  Code  Gb  ApiPocCmd.o [1]
GetAllGroupNameForVoice
                        0x013d48    0xd5  Code  Gb  ApiPocCmd.o [1]
GetAllGroupNum          0x00fb5b     0x4  Code  Gb  ApiPocCmd.o [1]
GetAllOnlineUserNum     0x00fa89     0x8  Code  Gb  ApiPocCmd.o [1]
GetAllUserNameForDisplay
[...]
_interrupt_24           0x00fc64          Code  Gb  stm8s_it.o [1]
_interrupt_25           0x00fc65          Code  Gb  stm8s_it.o [1]
_interrupt_26           0x00fc66          Code  Gb  stm8s_it.o [1]
_interrupt_3            0x00fc55          Code  Gb  stm8s_it.o [1]
_interrupt_4            0x00fc56          Code  Gb  stm8s_it.o [1]
_interrupt_5            0x00fc57          Code  Gb  stm8s_it.o [1]
_interrupt_6            0x00fc58          Code  Gb  stm8s_it.o [1]
_interrupt_7            0x00fc59          Code  Gb  stm8s_it.o [1]
_interrupt_8            0x00fc5a          Code  Gb  stm8s_it.o [1]
_interrupt_9            0x00fc5b          Code  Gb  stm8s_it.o [1]
api_diap_ico_pos_get    0x015d08    0x5a  Code  Gb  ApiDisplay.o [1]
api_disp_all_screen_refresh
                        0x015fb4    0x4f  Code  Gb  ApiDisplay.o [1]
api_disp_char_output    0x00f81c    0x17  Code  Gb  ApiDisplay.o [1]
api_disp_ico_output     0x0145a6    0xb0  Code  Gb  ApiDisplay.o [1]
api_disp_icoid_output   0x0152fe    0x7d  Code  Gb  ApiDisplay.o [1]
api_lcd_pwr_on_hint     0x00ec24    0x4b  Code  Gb  ApiDisplay.o [1]
api_poc_command_get     0x014705    0xad  Code  Lc  DrvUart3.o [1]
api_poc_command_set     0x013c69    0xdf  Code  Lc  DrvUart3.o [1]
bdcon_and_nfccon_pin_init
                        0x00f723    0x1a  Code  Gb  DrvMcuPin.o [1]
beidou_latitude_degree  0x00fa9f     0x7  Code  Gb  ApiGpsCmd.o [1]
beidou_latitude_minute  0x00faa6     0x7  Code  Gb  ApiGpsCmd.o [1]
beidou_latitude_second  0x00faad     0x7  Code  Gb  ApiGpsCmd.o [1]
beidou_longitude_degree
                        0x00fa91     0x7  Code  Gb  ApiGpsCmd.o [1]
beidou_longitude_minute
                        0x00fa98     0x7  Code  Gb  ApiGpsCmd.o [1]
beidou_valid            0x00fb13     0x4  Code  Gb  ApiGpsCmd.o [1]
cRxCEREG                0x00156f     0x2  Data  Gb  ApiAtCmd.o [1]
cRxCGDCONT              0x001577     0x2  Data  Gb  ApiAtCmd.o [1]
cRxCGREG                0x00156d     0x2  Data  Gb  ApiAtCmd.o [1]
cRxCPINREADY            0x00151f     0x2  Data  Gb  ApiAtCmd.o [1]
cRxCREG                 0x001523     0x2  Data  Gb  ApiAtCmd.o [1]
cRxCSQ                  0x00151d     0x2  Data  Gb  ApiAtCmd.o [1]
cRxSIMERROR             0x001521     0x2  Data  Gb  ApiAtCmd.o [1]
cRxZCONSTAT             0x001573     0x2  Data  Gb  ApiAtCmd.o [1]
cRxZGIPDNS              0x001571     0x2  Data  Gb  ApiAtCmd.o [1]
cRxZLTENOCELL           0x001575     0x2  Data  Gb  ApiAtCmd.o [1]
cRxZPAS_CDMA            0x00152d     0x2  Data  Gb  ApiAtCmd.o [1]
cRxZPAS_EDGE            0x00152f     0x2  Data  Gb  ApiAtCmd.o [1]
cRxZPAS_EHRPD           0x001533     0x2  Data  Gb  ApiAtCmd.o [1]
cRxZPAS_EVDO            0x001531     0x2  Data  Gb  ApiAtCmd.o [1]
cRxZPAS_GPRS            0x00152b     0x2  Data  Gb  ApiAtCmd.o [1]
cRxZPAS_GSM             0x001529     0x2  Data  Gb  ApiAtCmd.o [1]
cRxZPAS_HSDPA           0x001537     0x2  Data  Gb  ApiAtCmd.o [1]
cRxZPAS_HSPA            0x00153b     0x2  Data  Gb  ApiAtCmd.o [1]
cRxZPAS_HSPAPLUS        0x00153d     0x2  Data  Gb  ApiAtCmd.o [1]
cRxZPAS_HSUPA           0x001539     0x2  Data  Gb  ApiAtCmd.o [1]
cRxZPAS_LIMITEDSERVICE  0x001527     0x2  Data  Gb  ApiAtCmd.o [1]
cRxZPAS_LTE             0x00153f     0x2  Data  Gb  ApiAtCmd.o [1]
cRxZPAS_NOSERVICE       0x001525     0x2  Data  Gb  ApiAtCmd.o [1]
cRxZPAS_TDSCDMA         0x001541     0x2  Data  Gb  ApiAtCmd.o [1]
cRxZPAS_UMTS            0x001535     0x2  Data  Gb  ApiAtCmd.o [1]
cRxZREADY               0x00151b     0x2  Data  Gb  ApiAtCmd.o [1]
cRxZTTS0                0x001579     0x2  Data  Gb  ApiAtCmd.o [1]
cTxATE1                 0x001511     0x2  Data  Gb  ApiAtCmd.o [1]
cTxCGACT                0x00155b     0x2  Data  Gb  ApiAtCmd.o [1]
cTxCGDCONT_SET0         0x001543     0x2  Data  Gb  ApiAtCmd.o [1]
cTxCGDCONT_SET1         0x001545     0x2  Data  Gb  ApiAtCmd.o [1]
cTxCGDCONT_SET2         0x001547     0x2  Data  Gb  ApiAtCmd.o [1]
cTxCGDCONT_SET3         0x001549     0x2  Data  Gb  ApiAtCmd.o [1]
cTxCGDCONT_SET4         0x00154b     0x2  Data  Gb  ApiAtCmd.o [1]
cTxCGDCONT_SET5         0x00154d     0x2  Data  Gb  ApiAtCmd.o [1]
cTxCGDCONT_SET6         0x00154f     0x2  Data  Gb  ApiAtCmd.o [1]
cTxCGDCONT_SET7         0x001551     0x2  Data  Gb  ApiAtCmd.o [1]
cTxCGDCONT_SET8         0x001553     0x2  Data  Gb  ApiAtCmd.o [1]
cTxCGDCONT_SET9         0x001555     0x2  Data  Gb  ApiAtCmd.o [1]
cTxCPIN                 0x001515     0x2  Data  Gb  ApiAtCmd.o [1]
cTxCREG                 0x001517     0x2  Data  Gb  ApiAtCmd.o [1]
cTxCSQ                  0x001513     0x2  Data  Gb  ApiAtCmd.o [1]
cTxPOCID                0x001557     0x2  Data  Gb  ApiAtCmd.o [1]
cTxPOWEROFF             0x001565     0x2  Data  Gb  ApiAtCmd.o [1]
cTxPlayZtts             0x001561     0x2  Data  Gb  ApiAtCmd.o [1]
cTxRESET                0x001563     0x2  Data  Gb  ApiAtCmd.o [1]
cTxSetNetwork2GOnly     0x00156b     0x2  Data  Gb  ApiAtCmd.o [1]
cTxSetNetwork3GAuto     0x001569     0x2  Data  Gb  ApiAtCmd.o [1]
cTxSetNetworkAuto       0x001567     0x2  Data  Gb  ApiAtCmd.o [1]
cTxZGACT0               0x00155f     0x2  Data  Gb  ApiAtCmd.o [1]
cTxZGACT1               0x00155d     0x2  Data  Gb  ApiAtCmd.o [1]
cTxZICCID               0x001559     0x2  Data  Gb  ApiAtCmd.o [1]
cTxZPAS                 0x001519     0x2  Data  Gb  ApiAtCmd.o [1]
changing_group_voice_and_display
                        0x00f7ec    0x18  Code  Gb  ApiKeyboard.o [1]
changing_user_voice_and_display
                        0x00f804    0x18  Code  Gb  ApiKeyboard.o [1]
delay_gps_value_for_display_flag2
                        0x00fb0f     0x4  Code  Gb  ApiDelay.o [1]
dp_2min_end_reset       0x0015c5     0x2  Data  Gb  ApiDisplay.o [1]
dp_SimCardError         0x0015a7     0x2  Data  Gb  ApiDisplay.o [1]
dp_abell                0x00157b     0x2  Data  Gb  ApiDisplay.o [1]
dp_account_config       0x001583     0x2  Data  Gb  ApiDisplay.o [1]
dp_all_unknow_network   0x0015b3     0x2  Data  Gb  ApiDisplay.o [1]
dp_backlight            0x001599     0x2  Data  Gb  ApiDisplay.o [1]
dp_backlight_time       0x00158d     0x2  Data  Gb  ApiDisplay.o [1]
dp_close                0x00159d     0x2  Data  Gb  ApiDisplay.o [1]
dp_cs_unknow_network    0x0015a9     0x2  Data  Gb  ApiDisplay.o [1]
dp_eps_refuse_enroll    0x0015b1     0x2  Data  Gb  ApiDisplay.o [1]
dp_eps_unknow_network   0x0015af     0x2  Data  Gb  ApiDisplay.o [1]
dp_getting_info         0x0015b7     0x2  Data  Gb  ApiDisplay.o [1]
dp_gprs_refuse_enroll   0x0015ad     0x2  Data  Gb  ApiDisplay.o [1]
dp_gprs_unknow_network  0x0015ab     0x2  Data  Gb  ApiDisplay.o [1]
dp_gps_information      0x00158b     0x2  Data  Gb  ApiDisplay.o [1]
dp_gps_not_located      0x0015bf     0x2  Data  Gb  ApiDisplay.o [1]
dp_group_select         0x001589     0x2  Data  Gb  ApiDisplay.o [1]
dp_individual_call      0x00159f     0x2  Data  Gb  ApiDisplay.o [1]
dp_init                 0x0015c3     0x2  Data  Gb  ApiDisplay.o [1]
dp_keypad_lock          0x00159b     0x2  Data  Gb  ApiDisplay.o [1]
dp_keypad_lock_time     0x00158f     0x2  Data  Gb  ApiDisplay.o [1]
dp_latitude0            0x001595     0x2  Data  Gb  ApiDisplay.o [1]
dp_longitude0           0x001597     0x2  Data  Gb  ApiDisplay.o [1]
dp_menu                 0x001587     0x2  Data  Gb  ApiDisplay.o [1]
dp_network_search       0x001581     0x2  Data  Gb  ApiDisplay.o [1]
dp_no_service           0x0015b5     0x2  Data  Gb  ApiDisplay.o [1]
dp_no_sim_card          0x00157f     0x2  Data  Gb  ApiDisplay.o [1]
dp_not_in_groups        0x0015b9     0x2  Data  Gb  ApiDisplay.o [1]
dp_personal_mode        0x00157d     0x2  Data  Gb  ApiDisplay.o [1]
dp_please_charge        0x001585     0x2  Data  Gb  ApiDisplay.o [1]
dp_press_ok_then_well   0x0015a3     0x2  Data  Gb  ApiDisplay.o [1]
dp_press_well           0x001593     0x2  Data  Gb  ApiDisplay.o [1]
dp_punch_the_clock      0x0015bb     0x2  Data  Gb  ApiDisplay.o [1]
dp_punch_the_clock_fail
                        0x0015bd     0x2  Data  Gb  ApiDisplay.o [1]
dp_receive_zready       0x0015c1     0x2  Data  Gb  ApiDisplay.o [1]
dp_software_version     0x001591     0x2  Data  Gb  ApiDisplay.o [1]
dp_status_offline       0x0015a5     0x2  Data  Gb  ApiDisplay.o [1]
dp_version              0x0015a1     0x2  Data  Gb  ApiDisplay.o [1]
drv_gt20_data_output    0x012f8b   0x134  Code  Gb  DrvGT20L16S1Y.o [1]
drv_gt20_pwr_on_init    0x00f103     0x4  Code  Gb  DrvGT20L16S1Y.o [1]
drv_htg_clr_allscr      0x010c8b    0x35  Code  Gb  DrvHTG12832.o [1]
drv_htg_pwr_on_init     0x010d98     0xc  Code  Gb  DrvHTG12832.o [1]
drv_htg_reset           0x010b52     0x5  Code  Gb  DrvHTG12832.o [1]
drv_htg_set_address     0x010bd1    0x40  Code  Gb  DrvHTG12832.o [1]
drv_htg_write_command   0x010b57    0x7a  Code  Gb  DrvHTG12832.o [1]
drv_htg_write_data      0x010c11    0x7a  Code  Gb  DrvHTG12832.o [1]
drv_keypad_scan         0x01120a   0x211  Code  Gb  DrvKeyboard.o [1]
exit                    0x00fc47     0x4  Code  Gb  exit.o [5]
get_current_working_status
                        0x00fb63     0x4  Code  Gb  ApiPocCmd.o [1]
get_key_2_states        0x00fc13     0x4  Code  Gb  DrvKeyscan.o [1]
get_key_3_states        0x00fc17     0x4  Code  Gb  DrvKeyscan.o [1]
get_key_4_states        0x00fc1b     0x4  Code  Gb  DrvKeyscan.o [1]
get_key_ptt_states      0x00fc0f     0x4  Code  Gb  DrvKeyscan.o [1]
get_key_value           0x013b84    0xe5  Code  Gb  DrvKeyboard.o [1]
get_keyboard_0_states   0x00fbbb     0x4  Code  Gb  DrvKeyboard.o [1]
get_keyboard_1_states   0x00fb97     0x4  Code  Gb  DrvKeyboard.o [1]
get_keyboard_2_states   0x00fb9b     0x4  Code  Gb  DrvKeyboard.o [1]
get_keyboard_3_states   0x00fb9f     0x4  Code  Gb  DrvKeyboard.o [1]
get_keyboard_4_states   0x00fba3     0x4  Code  Gb  DrvKeyboard.o [1]
get_keyboard_5_states   0x00fba7     0x4  Code  Gb  DrvKeyboard.o [1]
get_keyboard_6_states   0x00fbab     0x4  Code  Gb  DrvKeyboard.o [1]
get_keyboard_7_states   0x00fbaf     0x4  Code  Gb  DrvKeyboard.o [1]
get_keyboard_8_states   0x00fbb3     0x4  Code  Gb  DrvKeyboard.o [1]
get_keyboard_9_states   0x00fbb7     0x4  Code  Gb  DrvKeyboard.o [1]
get_keyboard_cancel_states
                        0x00fb8f     0x4  Code  Gb  DrvKeyboard.o [1]
get_keyboard_down_states
                        0x00fb83     0x4  Code  Gb  DrvKeyboard.o [1]
get_keyboard_key_states
                        0x00fb7f     0x4  Code  Gb  DrvKeyboard.o [1]
get_keyboard_menu_states
                        0x00fb8b     0x4  Code  Gb  DrvKeyboard.o [1]
get_keyboard_ok_states  0x00fb93     0x4  Code  Gb  DrvKeyboard.o [1]
get_keyboard_star_states
                        0x00fbbf     0x4  Code  Gb  DrvKeyboard.o [1]
get_keyboard_up_states  0x00fb87     0x4  Code  Gb  DrvKeyboard.o [1]
get_keyboard_well_states
                        0x00fbc3     0x4  Code  Gb  DrvKeyboard.o [1]
get_screen_display_group_name
                        0x00f334    0x2b  Code  Gb  ApiPocCmd.o [1]
groupCallingcount       0x0014fd     0x1  Data  Gb  ApiKeyboard.o [1]
htg_delay_ms            0x010cc0    0x1e  Code  Lc  DrvHTG12832.o [1]
htg_initial             0x010cde    0x6c  Code  Lc  DrvHTG12832.o [1]
j                       0x00150c     0x1  Data  Gb  DrvTone.o [1]
key_2_3_4_long_press_function_setting
                        0x014153    0xbd  Code  Gb  ApiKeyCmd.o [1]
key_process             0x011df4   0x1c4  Code  Gb  ApiKeyCmd.o [1]
key_scan                0x012bd0   0x148  Code  Gb  DrvKeyscan.o [1]
key_scan_board          0x012d18   0x13f  Code  Gb  DrvKeyboard.o [1]
keyboard_process        0x00bc34   0x92b  Code  Gb  ApiKeyboard.o [1]
keyboard_scan           0x00de6a   0x5d2  Code  Gb  DrvKeyboard.o [1]
login_step_3            0x00f107    0x38  Code  Gb  Task.o [1]
main                    0x01527f    0x7f  Code  Gb  main.o [1]
main_all_init           0x013502    0xf7  Code  Gb  main.o [1]
mcu_gt20_initial        0x00f0cf    0x34  Code  Lc  DrvGT20L16S1Y.o [1]
mcu_key_pad_out         0x014acf    0x96  Code  Gb  DrvKeyboard.o [1]
mcu_key_pad_read        0x0155ce    0x72  Code  Gb  DrvKeyboard.o [1]
mcu_key_pad_set         0x012a88   0x148  Code  Gb  DrvKeyboard.o [1]
mcu_lcd_initial         0x010d4a    0x4e  Code  Lc  DrvHTG12832.o [1]
memcmp                  0x00f1ab    0x36  Code  Gb  memcmp.o [5]
memcpy                  0x00f4ef    0x26  Code  Gb  memcpy.o [5]
memset                  0x00f84a    0x17  Code  Gb  memset.o [5]
network_count           0x001502     0x1  Data  Gb  ApiKeyboard.o [1]
no_online_user          0x00f8a2    0x15  Code  Lc  ApiPocCmd.o [1]
poc_first_enter_into_group_flag
                        0x00fb77     0x4  Code  Gb  ApiPocCmd.o [1]
poc_gps_value_for_display_flag
                        0x00fb7b     0x4  Code  Gb  ApiPocCmd.o [1]
poc_latitude_float      0x00fac9     0x7  Code  Gb  ApiPocCmd.o [1]
poc_latitude_integer    0x00fac2     0x7  Code  Gb  ApiPocCmd.o [1]
poc_longitude_float     0x00fabb     0x7  Code  Gb  ApiPocCmd.o [1]
poc_longitude_integer   0x00fab4     0x7  Code  Gb  ApiPocCmd.o [1]
poc_receive_sos_statas  0x00fb6f     0x4  Code  Gb  ApiPocCmd.o [1]
poccmd_states_poc_status
                        0x00fb6b     0x4  Code  Gb  ApiPocCmd.o [1]
punch_the_clock_buf_for_Voice
                        0x00fb67     0x4  Code  Gb  ApiPocCmd.o [1]
punch_the_clock_buf_for_display
                        0x012319   0x1ab  Code  Gb  ApiPocCmd.o [1]
r_dat_bat               0x015a0b    0x64  Code  Gb  ApiDisplay.o [1]
read_backlight_time_value
                        0x00fb07     0x4  Code  Gb  ApiDelay.o [1]
read_key_lock_time_value
                        0x00fb0b     0x4  Code  Gb  ApiDelay.o [1]
return_group_and_clear_flag
                        0x014855    0xa2  Code  Gb  ApiKeyboard.o [1]
set_ApiAtCmd_bZTTSStates
                        0x00f3dc    0x28  Code  Gb  ApiAtCmd.o [1]
set_ApiAtCmd_bZTTSStates_Intermediate
                        0x00f404    0x28  Code  Gb  ApiAtCmd.o [1]
set_C_Reset             0x00f788    0x19  Code  Gb  DrvMcuPin.o [1]
set_bdcon_io            0x00f7ba    0x19  Code  Gb  DrvMcuPin.o [1]
set_key_2_states        0x00fc23     0x4  Code  Gb  DrvKeyscan.o [1]
set_key_3_states        0x00fc27     0x4  Code  Gb  DrvKeyscan.o [1]
set_key_4_states        0x00fc2b     0x4  Code  Gb  DrvKeyscan.o [1]
set_key_ptt_states      0x00fc1f     0x4  Code  Gb  DrvKeyscan.o [1]
set_keyboard_0_states   0x00fc03     0x4  Code  Gb  DrvKeyboard.o [1]
set_keyboard_1_states   0x00fbdf     0x4  Code  Gb  DrvKeyboard.o [1]
set_keyboard_2_states   0x00fbe3     0x4  Code  Gb  DrvKeyboard.o [1]
set_keyboard_3_states   0x00fbe7     0x4  Code  Gb  DrvKeyboard.o [1]
set_keyboard_4_states   0x00fbeb     0x4  Code  Gb  DrvKeyboard.o [1]
set_keyboard_5_states   0x00fbef     0x4  Code  Gb  DrvKeyboard.o [1]
set_keyboard_6_states   0x00fbf3     0x4  Code  Gb  DrvKeyboard.o [1]
set_keyboard_7_states   0x00fbf7     0x4  Code  Gb  DrvKeyboard.o [1]
set_keyboard_8_states   0x00fbfb     0x4  Code  Gb  DrvKeyboard.o [1]
set_keyboard_9_states   0x00fbff     0x4  Code  Gb  DrvKeyboard.o [1]
set_keyboard_cancel_states
                        0x00fbd7     0x4  Code  Gb  DrvKeyboard.o [1]
set_keyboard_down_states
                        0x00fbcb     0x4  Code  Gb  DrvKeyboard.o [1]
set_keyboard_key_states
                        0x00fbc7     0x4  Code  Gb  DrvKeyboard.o [1]
set_keyboard_menu_states
                        0x00fbd3     0x4  Code  Gb  DrvKeyboard.o [1]
set_keyboard_ok_states  0x00fbdb     0x4  Code  Gb  DrvKeyboard.o [1]
set_keyboard_star_states
                        0x00fc07     0x4  Code  Gb  DrvKeyboard.o [1]
set_keyboard_up_states  0x00fbcf     0x4  Code  Gb  DrvKeyboard.o [1]
set_keyboard_well_states
                        0x00fc0b     0x4  Code  Gb  DrvKeyboard.o [1]
set_nfccon_io           0x00f7d3    0x19  Code  Gb  DrvMcuPin.o [1]
set_poc_receive_sos_statas
                        0x00fb73     0x4  Code  Gb  ApiPocCmd.o [1]
set_power_off           0x00f76f    0x19  Code  Gb  DrvMcuPin.o [1]
spk_test_flag           0x0014f7     0x1  Data  Gb  ApiKeyboard.o [1]
strlen                  0x00f93d    0x12  Code  Gb  strlen.o [5]
tone_count              0x00150f     0x1  Data  Gb  stm8s_it.o [1]
ucABELL                 0x0015e6     0x2  Data  Gb  ApiVoice.o [1]
ucAlarm1                0x0015da     0x2  Data  Gb  ApiPocCmd.o [1]
ucAlarm2                0x0015dc     0x2  Data  Gb  ApiPocCmd.o [1]
ucAll_unknow_network    0x001614     0x2  Data  Gb  ApiVoice.o [1]
ucAtPocHead             0x0015ca     0x2  Data  Gb  ApiPocCmd.o [1]
ucCs_unknow_network     0x00160a     0x2  Data  Gb  ApiVoice.o [1]
ucEightyPercentPower    0x0015fa     0x2  Data  Gb  ApiVoice.o [1]
ucEndPTT                0x0015d2     0x2  Data  Gb  ApiPocCmd.o [1]
ucEps_refuse_enroll     0x001612     0x2  Data  Gb  ApiVoice.o [1]
ucEps_unknow_network    0x001610     0x2  Data  Gb  ApiVoice.o [1]
ucFivePercentPower      0x0015f2     0x2  Data  Gb  ApiVoice.o [1]
ucFortyPercentPower     0x0015f6     0x2  Data  Gb  ApiVoice.o [1]
ucGprs_refuse_enroll    0x00160e     0x2  Data  Gb  ApiVoice.o [1]
ucGprs_unknow_network   0x00160c     0x2  Data  Gb  ApiVoice.o [1]
ucGroupListInfo         0x0015d4     0x2  Data  Gb  ApiPocCmd.o [1]
ucGroupMode             0x0015fe     0x2  Data  Gb  ApiVoice.o [1]
ucGroupSelected         0x0015e8     0x2  Data  Gb  ApiVoice.o [1]
ucHandfreeMode          0x001602     0x2  Data  Gb  ApiVoice.o [1]
ucHandsetMode           0x001600     0x2  Data  Gb  ApiVoice.o [1]
ucLoggingIn             0x001606     0x2  Data  Gb  ApiVoice.o [1]
ucLowBattery            0x0015f0     0x2  Data  Gb  ApiVoice.o [1]
ucNetworkSearching      0x0015ec     0x2  Data  Gb  ApiVoice.o [1]
ucNoOnlineUser          0x001604     0x2  Data  Gb  ApiVoice.o [1]
ucNoSimCard             0x0015ea     0x2  Data  Gb  ApiVoice.o [1]
ucNo_service            0x001616     0x2  Data  Gb  ApiVoice.o [1]
ucOneHundredPercentPower
                        0x0015fc     0x2  Data  Gb  ApiVoice.o [1]
ucPersonalMode          0x0015e4     0x2  Data  Gb  ApiVoice.o [1]
ucPocOpenConfig2        0x0015ce     0x2  Data  Gb  ApiPocCmd.o [1]
ucPowerLowPleaseCharge  0x0015ee     0x2  Data  Gb  ApiVoice.o [1]
ucPunch_the_clock_gps   0x0015e0     0x2  Data  Gb  ApiPocCmd.o [1]
ucRxOkHeadInfo          0x001628     0x2  Data  Gb  DrvZM389.o [1]
ucRxPocHeadInfo         0x001626     0x2  Data  Gb  DrvZM389.o [1]
ucRxTcpDataHeadInfo     0x00162a     0x2  Data  Gb  DrvZM389.o [1]
ucSetGPS                0x0015d8     0x2  Data  Gb  ApiPocCmd.o [1]
ucSetIPAndID            0x0015cc     0x2  Data  Gb  ApiPocCmd.o [1]
ucSetToneVolume         0x0015e2     0x2  Data  Gb  ApiPocCmd.o [1]
ucSetURL                0x0015de     0x2  Data  Gb  ApiPocCmd.o [1]
ucSet_network_2G_only   0x00161c     0x2  Data  Gb  ApiVoice.o [1]
ucSet_network_3G_auto   0x00161a     0x2  Data  Gb  ApiVoice.o [1]
ucSet_network_auto      0x001618     0x2  Data  Gb  ApiVoice.o [1]
ucSimCardError          0x001608     0x2  Data  Gb  ApiVoice.o [1]
ucSixtyPercentPower     0x0015f8     0x2  Data  Gb  ApiVoice.o [1]
ucStartPTT              0x0015d0     0x2  Data  Gb  ApiPocCmd.o [1]
ucTwentyPercentPower    0x0015f4     0x2  Data  Gb  ApiVoice.o [1]
ucTxPocHeadInfo         0x001624     0x2  Data  Gb  DrvZM389.o [1]
ucUserListInfo          0x0015d6     0x2  Data  Gb  ApiPocCmd.o [1]
ucgps_not_located       0x001622     0x2  Data  Gb  ApiVoice.o [1]
ucpunch_the_clock       0x00161e     0x2  Data  Gb  ApiVoice.o [1]
ucpunch_the_clock_fail  0x001620     0x2  Data  Gb  ApiVoice.o [1]
user_calling_count      0x0014fe     0x1  Data  Gb  ApiKeyboard.o [1]
voice_tone              0x00fc51     0x1  Code  Gb  ApiKeyboard.o [1]


[1] = E:\1-source\6-A508_4G_ME3610\PRJ\Debug\Obj
[2] = command line
[3] = GT20L16_STM8_DOUBLE_MEDIUM_IAR.a
[4] = dbgstm8mmd.a
[5] = dlstm8mmn.a

  45 174 bytes of readonly  code memory
  12 862 bytes of readonly  data memory
   5 932 bytes of readwrite data memory

Errors: none
Warnings: none
