###############################################################################
#
# IAR ELF Linker V2.20.1.176 for STM8                     22/Jan/2019  15:12:31
# Copyright 2010-2015 IAR Systems AB.
#
#    Output file  =  E:\1-source\6-A508_4G_ME3610\PRJ\Debug\Exe\A508_4G.out
#    Map file     =  E:\1-source\6-A508_4G_ME3610\PRJ\Debug\List\A508_4G.map
#    Command line =  
#        E:\1-source\6-A508_4G_ME3610\PRJ\Debug\Obj\ApiAtCmd.o
#        E:\1-source\6-A508_4G_ME3610\PRJ\Debug\Obj\ApiBattery.o
#        E:\1-source\6-A508_4G_ME3610\PRJ\Debug\Obj\ApiDelay.o
#        E:\1-source\6-A508_4G_ME3610\PRJ\Debug\Obj\ApiDisplay.o
#        E:\1-source\6-A508_4G_ME3610\PRJ\Debug\Obj\ApiGpsCmd.o
#        E:\1-source\6-A508_4G_ME3610\PRJ\Debug\Obj\ApiKeyboard.o
#        E:\1-source\6-A508_4G_ME3610\PRJ\Debug\Obj\ApiKeyCmd.o
#        E:\1-source\6-A508_4G_ME3610\PRJ\Debug\Obj\ApiLED.o
#        E:\1-source\6-A508_4G_ME3610\PRJ\Debug\Obj\ApiMcuVersion.o
#        E:\1-source\6-A508_4G_ME3610\PRJ\Debug\Obj\ApiMenu.o
#        E:\1-source\6-A508_4G_ME3610\PRJ\Debug\Obj\ApiPocCmd.o
#        E:\1-source\6-A508_4G_ME3610\PRJ\Debug\Obj\ApiVoice.o
#        E:\1-source\6-A508_4G_ME3610\PRJ\Debug\Obj\CommonLib.o
#        E:\1-source\6-A508_4G_ME3610\PRJ\Debug\Obj\DrvBeep.o
#        E:\1-source\6-A508_4G_ME3610\PRJ\Debug\Obj\DrvEeprom.o
#        E:\1-source\6-A508_4G_ME3610\PRJ\Debug\Obj\DrvGT20L16S1Y.o
#        E:\1-source\6-A508_4G_ME3610\PRJ\Debug\Obj\DrvHTG12832.o
#        E:\1-source\6-A508_4G_ME3610\PRJ\Debug\Obj\DrvKeyboard.o
#        E:\1-source\6-A508_4G_ME3610\PRJ\Debug\Obj\DrvKeyscan.o
#        E:\1-source\6-A508_4G_ME3610\PRJ\Debug\Obj\DrvMcuPin.o
#        E:\1-source\6-A508_4G_ME3610\PRJ\Debug\Obj\DrvTone.o
#        E:\1-source\6-A508_4G_ME3610\PRJ\Debug\Obj\DrvUart1.o
#        E:\1-source\6-A508_4G_ME3610\PRJ\Debug\Obj\DrvUart3.o
#        E:\1-source\6-A508_4G_ME3610\PRJ\Debug\Obj\DrvZM389.o
#        E:\1-source\6-A508_4G_ME3610\Drv\GT20L16_STM8_DOUBLE_MEDIUM_IAR.a
#        E:\1-source\6-A508_4G_ME3610\PRJ\Debug\Obj\GT20L16P1Y_D.o
#        E:\1-source\6-A508_4G_ME3610\Drv\DrvGT20L16P1Y\new\GT20L16P1Y_STM8S007C8_IAR.a
#        E:\1-source\6-A508_4G_ME3610\PRJ\Debug\Obj\main.o
#        E:\1-source\6-A508_4G_ME3610\PRJ\Debug\Obj\stm8s_adc2.o
#        E:\1-source\6-A508_4G_ME3610\PRJ\Debug\Obj\stm8s_awu.o
#        E:\1-source\6-A508_4G_ME3610\PRJ\Debug\Obj\stm8s_beep.o
#        E:\1-source\6-A508_4G_ME3610\PRJ\Debug\Obj\stm8s_clk.o
#        E:\1-source\6-A508_4G_ME3610\PRJ\Debug\Obj\stm8s_exti.o
#        E:\1-source\6-A508_4G_ME3610\PRJ\Debug\Obj\stm8s_flash.o
#        E:\1-source\6-A508_4G_ME3610\PRJ\Debug\Obj\stm8s_gpio.o
#        E:\1-source\6-A508_4G_ME3610\PRJ\Debug\Obj\stm8s_i2c.o
#        E:\1-source\6-A508_4G_ME3610\PRJ\Debug\Obj\stm8s_it.o
#        E:\1-source\6-A508_4G_ME3610\PRJ\Debug\Obj\stm8s_itc.o
#        E:\1-source\6-A508_4G_ME3610\PRJ\Debug\Obj\stm8s_iwdg.o
#        E:\1-source\6-A508_4G_ME3610\PRJ\Debug\Obj\stm8s_rst.o
#        E:\1-source\6-A508_4G_ME3610\PRJ\Debug\Obj\stm8s_spi.o
#        E:\1-source\6-A508_4G_ME3610\PRJ\Debug\Obj\stm8s_tim1.o
#        E:\1-source\6-A508_4G_ME3610\PRJ\Debug\Obj\stm8s_tim2.o
#        E:\1-source\6-A508_4G_ME3610\PRJ\Debug\Obj\stm8s_tim3.o
#        E:\1-source\6-A508_4G_ME3610\PRJ\Debug\Obj\stm8s_tim4.o
#        E:\1-source\6-A508_4G_ME3610\PRJ\Debug\Obj\stm8s_uart1.o
#        E:\1-source\6-A508_4G_ME3610\PRJ\Debug\Obj\stm8s_uart3.o
#        E:\1-source\6-A508_4G_ME3610\PRJ\Debug\Obj\stm8s_wwdg.o
#        E:\1-source\6-A508_4G_ME3610\PRJ\Debug\Obj\sysclock.o
#        E:\1-source\6-A508_4G_ME3610\PRJ\Debug\Obj\Task.o
#        E:\1-source\6-A508_4G_ME3610\PRJ\Debug\Obj\UTF8toUNICODE.o --redirect
#        _Printf=_PrintfSmall --redirect _Scanf=_ScanfSmall -o
#        E:\1-source\6-A508_4G_ME3610\PRJ\Debug\Exe\A508_4G.out --map
#        E:\1-source\6-A508_4G_ME3610\PRJ\Debug\List\A508_4G.map --config
#        "C:\Program Files\IAR Systems\Embedded Workbench
#        7.3\stm8\config\lnkstm8s007c8.icf" --config_def _CSTACK_SIZE=0x100
#        --config_def _HEAP_SIZE=0x100 --entry __iar_program_start --debug_lib
#
###############################################################################

*******************************************************************************
*** RUNTIME MODEL ATTRIBUTES
***

__SystemLibrary            = DLib
__code_model               = medium_or_large
__core                     = stm8
__data_model               = medium
__dlib_file_descriptor     = 0
__dlib_full_locale_support = 0
__rt_version               = 4


*******************************************************************************
*** PLACEMENT SUMMARY
***

"A1":  place at start of [0x000000-0x0000ff] { rw section .vregs };
"A2":  place at end of [0x000000-0x0017ff] { block CSTACK };
"P2":  place in [from 0x000000 to 0x0017ff] {
          block HEAP, rw section __DLIB_PERTHREAD, rw section .far.bss,
          rw section .far.data, rw section .far.noinit,
          rw section .far_func.textrw, rw section .huge.bss,
          rw section .huge.data, rw section .huge.noinit,
          rw section .huge_func.textrw, rw section .iar.dynexit,
          rw section .near.bss, rw section .near.data, rw section .near.noinit,
          rw section .near_func.textrw };
"A3":  place at start of [0x008000-0x00ffff] { block INTVEC };
"P3":  place in [from 0x008000 to 0x00ffff] {
          ro section __DLIB_PERTHREAD_init, ro section .far.data_init,
          ro section .far_func.textrw_init, ro section .huge.data_init,
          ro section .huge_func.textrw_init, ro section .iar.init_table,
          ro section .init_array, ro section .near.data_init,
          ro section .near.rodata, ro section .near_func.text,
          ro section .near_func.textrw_init, ro section .tiny.data_init,
          ro section .tiny.rodata_init };
"P4":  place in [from 0x008000 to 0x00ffff repeat 2] {
          ro section .far.rodata, ro section .far_func.text };

  Section            Kind      Address    Size  Object
  -------            ----      -------    ----  ------
"A1":                                     0x10
  .vregs             uninit   0x000000    0x10  vregs.o [6]
                            - 0x000010    0x10

"P2", part 1 of 5:                       0xa24
  .near.bss          zero     0x000010   0xa24  ApiPocCmd.o [1]
                            - 0x000a34   0xa24

"P2", part 2 of 5:                       0x6d1
  .near.bss          zero     0x000a34   0x6d1  DrvZM389.o [1]
                            - 0x001105   0x6d1

"P2", part 3 of 5:                       0x200
  .near.bss          zero     0x001105   0x200  ApiDisplay.o [1]
                            - 0x001305   0x200

"P2", part 4 of 5:                       0x256
  .near.bss          zero     0x001305    0x75  DrvUart3.o [1]
  .near.bss          zero     0x00137a    0x5c  DrvKeyboard.o [1]
  .near.bss          zero     0x0013d6    0x4b  ApiGpsCmd.o [1]
  .near.bss          zero     0x001421    0x40  ApiDisplay.o [1]
  .near.bss          zero     0x001461    0x31  ApiAtCmd.o [1]
  .near.bss          zero     0x001492    0x30  ApiDelay.o [1]
  .near.bss          zero     0x0014c2    0x1d  ApiGpsCmd.o [1]
  .near.bss          zero     0x0014df    0x13  DrvKeyscan.o [1]
  .near.bss          zero     0x0014f2    0x12  DrvBeep.o [1]
  .near.bss          zero     0x001504    0x12  DrvTone.o [1]
  .near.bss          zero     0x001516     0x6  ApiGpsCmd.o [1]
  .near.bss          zero     0x00151c     0x6  ApiVoice.o [1]
  .near.bss          zero     0x001522     0x4  DrvUart3.o [1]
  .near.bss          zero     0x001526     0x4  Task.o [1]
  .near.bss          zero     0x00152a     0x2  ApiDelay.o [1]
  .near.bss          zero     0x00152c     0x2  ApiDelay.o [1]
  .near.bss          zero     0x00152e     0x2  ApiDelay.o [1]
  .near.bss          zero     0x001530     0x2  ApiDisplay.o [1]
  .near.bss          zero     0x001532     0x2  ApiKeyCmd.o [1]
  .near.bss          zero     0x001534     0x2  DrvGT20L16S1Y.o [1]
  .near.bss          zero     0x001536     0x2  DrvHTG12832.o [1]
  .near.bss          zero     0x001538     0x2  DrvTone.o [1]
  .near.bss          zero     0x00153a     0x1  ApiBattery.o [1]
  .near.bss          zero     0x00153b     0x1  ApiBattery.o [1]
  .near.bss          zero     0x00153c     0x1  ApiBattery.o [1]
  .near.bss          zero     0x00153d     0x1  ApiBattery.o [1]
  .near.bss          zero     0x00153e     0x1  ApiBattery.o [1]
  .near.bss          zero     0x00153f     0x1  ApiDelay.o [1]
  .near.bss          zero     0x001540     0x1  ApiDelay.o [1]
  .near.bss          zero     0x001541     0x1  ApiGpsCmd.o [1]
  .near.bss          zero     0x001542     0x1  ApiKeyboard.o [1]
  .near.bss          zero     0x001543     0x1  ApiKeyboard.o [1]
  .near.bss          zero     0x001544     0x1  ApiKeyboard.o [1]
  .near.bss          zero     0x001545     0x1  ApiKeyboard.o [1]
  .near.bss          zero     0x001546     0x1  ApiKeyboard.o [1]
  .near.bss          zero     0x001547     0x1  ApiKeyboard.o [1]
  .near.bss          zero     0x001548     0x1  ApiKeyboard.o [1]
  .near.bss          zero     0x001549     0x1  ApiKeyboard.o [1]
  .near.bss          zero     0x00154a     0x1  ApiKeyboard.o [1]
  .near.bss          zero     0x00154b     0x1  ApiKeyboard.o [1]
  .near.bss          zero     0x00154c     0x1  ApiKeyboard.o [1]
  .near.bss          zero     0x00154d     0x1  ApiLED.o [1]
  .near.bss          zero     0x00154e     0x1  ApiMenu.o [1]
  .near.bss          zero     0x00154f     0x1  ApiMenu.o [1]
  .near.bss          zero     0x001550     0x1  ApiMenu.o [1]
  .near.bss          zero     0x001551     0x1  ApiMenu.o [1]
  .near.bss          zero     0x001552     0x1  ApiMenu.o [1]
  .near.bss          zero     0x001553     0x1  ApiMenu.o [1]
  .near.bss          zero     0x001554     0x1  ApiMenu.o [1]
  .near.bss          zero     0x001555     0x1  ApiMenu.o [1]
  .near.bss          zero     0x001556     0x1  DrvTone.o [1]
  .near.bss          zero     0x001557     0x1  DrvUart3.o [1]
  .near.bss          zero     0x001558     0x1  DrvZM389.o [1]
  .near.bss          zero     0x001559     0x1  stm8s_it.o [1]
  .near.bss          zero     0x00155a     0x1  Task.o [1]
                            - 0x00155b   0x256

"P2", part 5 of 5:                       0x149
  P2-1                        0x00155b   0x149  <Init block>
    .near.data       inited   0x00155b     0x2  ApiAtCmd.o [1]
    .near.data       inited   0x00155d     0x2  ApiAtCmd.o [1]
    .near.data       inited   0x00155f     0x2  ApiAtCmd.o [1]
    .near.data       inited   0x001561     0x2  ApiAtCmd.o [1]
    .near.data       inited   0x001563     0x2  ApiAtCmd.o [1]
    .near.data       inited   0x001565     0x2  ApiAtCmd.o [1]
    .near.data       inited   0x001567     0x2  ApiAtCmd.o [1]
    .near.data       inited   0x001569     0x2  ApiAtCmd.o [1]
    .near.data       inited   0x00156b     0x2  ApiAtCmd.o [1]
    .near.data       inited   0x00156d     0x2  ApiAtCmd.o [1]
    .near.data       inited   0x00156f     0x2  ApiAtCmd.o [1]
    .near.data       inited   0x001571     0x2  ApiAtCmd.o [1]
    .near.data       inited   0x001573     0x2  ApiAtCmd.o [1]
    .near.data       inited   0x001575     0x2  ApiAtCmd.o [1]
    .near.data       inited   0x001577     0x2  ApiAtCmd.o [1]
    .near.data       inited   0x001579     0x2  ApiAtCmd.o [1]
    .near.data       inited   0x00157b     0x2  ApiAtCmd.o [1]
    .near.data       inited   0x00157d     0x2  ApiAtCmd.o [1]
    .near.data       inited   0x00157f     0x2  ApiAtCmd.o [1]
    .near.data       inited   0x001581     0x2  ApiAtCmd.o [1]
    .near.data       inited   0x001583     0x2  ApiAtCmd.o [1]
    .near.data       inited   0x001585     0x2  ApiAtCmd.o [1]
    .near.data       inited   0x001587     0x2  ApiAtCmd.o [1]
    .near.data       inited   0x001589     0x2  ApiAtCmd.o [1]
    .near.data       inited   0x00158b     0x2  ApiAtCmd.o [1]
    .near.data       inited   0x00158d     0x2  ApiAtCmd.o [1]
    .near.data       inited   0x00158f     0x2  ApiAtCmd.o [1]
    .near.data       inited   0x001591     0x2  ApiAtCmd.o [1]
    .near.data       inited   0x001593     0x2  ApiAtCmd.o [1]
    .near.data       inited   0x001595     0x2  ApiAtCmd.o [1]
    .near.data       inited   0x001597     0x2  ApiAtCmd.o [1]
    .near.data       inited   0x001599     0x2  ApiAtCmd.o [1]
    .near.data       inited   0x00159b     0x2  ApiAtCmd.o [1]
    .near.data       inited   0x00159d     0x2  ApiAtCmd.o [1]
    .near.data       inited   0x00159f     0x2  ApiAtCmd.o [1]
    .near.data       inited   0x0015a1     0x2  ApiAtCmd.o [1]
    .near.data       inited   0x0015a3     0x2  ApiAtCmd.o [1]
    .near.data       inited   0x0015a5     0x2  ApiAtCmd.o [1]
    .near.data       inited   0x0015a7     0x2  ApiAtCmd.o [1]
    .near.data       inited   0x0015a9     0x2  ApiAtCmd.o [1]
    .near.data       inited   0x0015ab     0x2  ApiAtCmd.o [1]
    .near.data       inited   0x0015ad     0x2  ApiAtCmd.o [1]
    .near.data       inited   0x0015af     0x2  ApiAtCmd.o [1]
    .near.data       inited   0x0015b1     0x2  ApiAtCmd.o [1]
    .near.data       inited   0x0015b3     0x2  ApiAtCmd.o [1]
    .near.data       inited   0x0015b5     0x2  ApiAtCmd.o [1]
    .near.data       inited   0x0015b7     0x2  ApiAtCmd.o [1]
    .near.data       inited   0x0015b9     0x2  ApiAtCmd.o [1]
    .near.data       inited   0x0015bb     0x2  ApiAtCmd.o [1]
    .near.data       inited   0x0015bd     0x2  ApiAtCmd.o [1]
    .near.data       inited   0x0015bf     0x2  ApiAtCmd.o [1]
    .near.data       inited   0x0015c1     0x2  ApiAtCmd.o [1]
    .near.data       inited   0x0015c3     0x2  ApiAtCmd.o [1]
    .near.data       inited   0x0015c5     0x2  ApiAtCmd.o [1]
    .near.data       inited   0x0015c7     0x2  ApiAtCmd.o [1]
    .near.data       inited   0x0015c9     0x2  ApiAtCmd.o [1]
    .near.data       inited   0x0015cb     0x2  ApiAtCmd.o [1]
    .near.data       inited   0x0015cd     0x2  ApiAtCmd.o [1]
    .near.data       inited   0x0015cf     0x2  ApiAtCmd.o [1]
    .near.data       inited   0x0015d1     0x2  ApiAtCmd.o [1]
    .near.data       inited   0x0015d3     0x2  ApiAtCmd.o [1]
    .near.data       inited   0x0015d5     0x2  ApiAtCmd.o [1]
    .near.data       inited   0x0015d7     0x2  ApiAtCmd.o [1]
    .near.data       inited   0x0015d9     0x2  ApiAtCmd.o [1]
    .near.data       inited   0x0015db     0x2  ApiAtCmd.o [1]
    .near.data       inited   0x0015dd     0x2  ApiAtCmd.o [1]
    .near.data       inited   0x0015df     0x2  ApiAtCmd.o [1]
    .near.data       inited   0x0015e1     0x2  ApiAtCmd.o [1]
    .near.data       inited   0x0015e3     0x2  ApiAtCmd.o [1]
    .near.data       inited   0x0015e5     0x2  ApiAtCmd.o [1]
    .near.data       inited   0x0015e7     0x2  ApiAtCmd.o [1]
    .near.data       inited   0x0015e9     0x2  ApiAtCmd.o [1]
    .near.data       inited   0x0015eb     0x2  ApiAtCmd.o [1]
    .near.data       inited   0x0015ed     0x2  ApiAtCmd.o [1]
    .near.data       inited   0x0015ef     0x2  ApiAtCmd.o [1]
    .near.data       inited   0x0015f1     0x2  ApiDisplay.o [1]
    .near.data       inited   0x0015f3     0x2  ApiDisplay.o [1]
    .near.data       inited   0x0015f5     0x2  ApiDisplay.o [1]
    .near.data       inited   0x0015f7     0x2  ApiDisplay.o [1]
    .near.data       inited   0x0015f9     0x2  ApiDisplay.o [1]
    .near.data       inited   0x0015fb     0x2  ApiDisplay.o [1]
    .near.data       inited   0x0015fd     0x2  ApiDisplay.o [1]
    .near.data       inited   0x0015ff     0x2  ApiDisplay.o [1]
    .near.data       inited   0x001601     0x2  ApiDisplay.o [1]
    .near.data       inited   0x001603     0x2  ApiDisplay.o [1]
    .near.data       inited   0x001605     0x2  ApiDisplay.o [1]
    .near.data       inited   0x001607     0x2  ApiDisplay.o [1]
    .near.data       inited   0x001609     0x2  ApiDisplay.o [1]
    .near.data       inited   0x00160b     0x2  ApiDisplay.o [1]
    .near.data       inited   0x00160d     0x2  ApiDisplay.o [1]
    .near.data       inited   0x00160f     0x2  ApiDisplay.o [1]
    .near.data       inited   0x001611     0x2  ApiDisplay.o [1]
    .near.data       inited   0x001613     0x2  ApiDisplay.o [1]
    .near.data       inited   0x001615     0x2  ApiDisplay.o [1]
    .near.data       inited   0x001617     0x2  ApiDisplay.o [1]
    .near.data       inited   0x001619     0x2  ApiDisplay.o [1]
    .near.data       inited   0x00161b     0x2  ApiDisplay.o [1]
    .near.data       inited   0x00161d     0x2  ApiDisplay.o [1]
    .near.data       inited   0x00161f     0x2  ApiDisplay.o [1]
    .near.data       inited   0x001621     0x2  ApiDisplay.o [1]
    .near.data       inited   0x001623     0x2  ApiDisplay.o [1]
    .near.data       inited   0x001625     0x2  ApiDisplay.o [1]
    .near.data       inited   0x001627     0x2  ApiDisplay.o [1]
    .near.data       inited   0x001629     0x2  ApiDisplay.o [1]
    .near.data       inited   0x00162b     0x2  ApiDisplay.o [1]
    .near.data       inited   0x00162d     0x2  ApiDisplay.o [1]
    .near.data       inited   0x00162f     0x2  ApiDisplay.o [1]
    .near.data       inited   0x001631     0x2  ApiDisplay.o [1]
    .near.data       inited   0x001633     0x2  ApiDisplay.o [1]
    .near.data       inited   0x001635     0x2  ApiDisplay.o [1]
    .near.data       inited   0x001637     0x2  ApiDisplay.o [1]
    .near.data       inited   0x001639     0x2  ApiDisplay.o [1]
    .near.data       inited   0x00163b     0x2  ApiDisplay.o [1]
    .near.data       inited   0x00163d     0x1  ApiKeyboard.o [1]
    .near.data       inited   0x00163e     0x1  ApiKeyboard.o [1]
    .near.data       inited   0x00163f     0x1  ApiKeyboard.o [1]
    .near.data       inited   0x001640     0x2  ApiPocCmd.o [1]
    .near.data       inited   0x001642     0x2  ApiPocCmd.o [1]
    .near.data       inited   0x001644     0x2  ApiPocCmd.o [1]
    .near.data       inited   0x001646     0x2  ApiPocCmd.o [1]
    .near.data       inited   0x001648     0x2  ApiPocCmd.o [1]
    .near.data       inited   0x00164a     0x2  ApiPocCmd.o [1]
    .near.data       inited   0x00164c     0x2  ApiPocCmd.o [1]
    .near.data       inited   0x00164e     0x2  ApiPocCmd.o [1]
    .near.data       inited   0x001650     0x2  ApiPocCmd.o [1]
    .near.data       inited   0x001652     0x2  ApiPocCmd.o [1]
    .near.data       inited   0x001654     0x2  ApiPocCmd.o [1]
    .near.data       inited   0x001656     0x2  ApiPocCmd.o [1]
    .near.data       inited   0x001658     0x2  ApiPocCmd.o [1]
    .near.data       inited   0x00165a     0x2  ApiVoice.o [1]
    .near.data       inited   0x00165c     0x2  ApiVoice.o [1]
    .near.data       inited   0x00165e     0x2  ApiVoice.o [1]
    .near.data       inited   0x001660     0x2  ApiVoice.o [1]
    .near.data       inited   0x001662     0x2  ApiVoice.o [1]
    .near.data       inited   0x001664     0x2  ApiVoice.o [1]
    .near.data       inited   0x001666     0x2  ApiVoice.o [1]
    .near.data       inited   0x001668     0x2  ApiVoice.o [1]
    .near.data       inited   0x00166a     0x2  ApiVoice.o [1]
    .near.data       inited   0x00166c     0x2  ApiVoice.o [1]
    .near.data       inited   0x00166e     0x2  ApiVoice.o [1]
    .near.data       inited   0x001670     0x2  ApiVoice.o [1]
    .near.data       inited   0x001672     0x2  ApiVoice.o [1]
    .near.data       inited   0x001674     0x2  ApiVoice.o [1]
    .near.data       inited   0x001676     0x2  ApiVoice.o [1]
    .near.data       inited   0x001678     0x2  ApiVoice.o [1]
    .near.data       inited   0x00167a     0x2  ApiVoice.o [1]
    .near.data       inited   0x00167c     0x2  ApiVoice.o [1]
    .near.data       inited   0x00167e     0x2  ApiVoice.o [1]
    .near.data       inited   0x001680     0x2  ApiVoice.o [1]
    .near.data       inited   0x001682     0x2  ApiVoice.o [1]
    .near.data       inited   0x001684     0x2  ApiVoice.o [1]
    .near.data       inited   0x001686     0x2  ApiVoice.o [1]
    .near.data       inited   0x001688     0x2  ApiVoice.o [1]
    .near.data       inited   0x00168a     0x2  ApiVoice.o [1]
    .near.data       inited   0x00168c     0x2  ApiVoice.o [1]
    .near.data       inited   0x00168e     0x2  ApiVoice.o [1]
    .near.data       inited   0x001690     0x2  ApiVoice.o [1]
    .near.data       inited   0x001692     0x2  ApiVoice.o [1]
    .near.data       inited   0x001694     0x2  ApiVoice.o [1]
    .near.data       inited   0x001696     0x2  ApiVoice.o [1]
    .near.data       inited   0x001698     0x2  ApiVoice.o [1]
    .near.data       inited   0x00169a     0x2  ApiVoice.o [1]
    .near.data       inited   0x00169c     0x2  DrvZM389.o [1]
    .near.data       inited   0x00169e     0x2  DrvZM389.o [1]
    .near.data       inited   0x0016a0     0x2  DrvZM389.o [1]
    .near.data       inited   0x0016a2     0x2  DrvZM389.o [1]
                            - 0x0016a4   0x149

"A2":                                    0x100
  CSTACK                      0x001700   0x100  <Block>
    CSTACK           uninit   0x001700   0x100  <Block tail>
                            - 0x001800   0x100

"A3":                                     0x80
  INTVEC                      0x008000    0x80  <Block>
    .intvec          const    0x008000    0x80  interrupt.o [6]
                            - 0x008080    0x80

"P3":                                   0x3a6a
  .near.rodata       const    0x008080  0x1b00  GT20L16P1Y_D.o [1]
  .near.rodata       const    0x009b80   0x600  GT20L16P1Y.o [3]
  .near.rodata       const    0x00a180   0x400  ApiDisplay.o [1]
  .near.rodata       const    0x00a580   0x1b0  GT20L16P1Y_D.o [1]
  Initializer bytes  const    0x00a730   0x149  <for P2-1>
  .near.rodata       const    0x00a879    0x79  ApiVoice.o [1]
  .near.rodata       const    0x00a8f2    0x6d  ApiVoice.o [1]
  .near.rodata       const    0x00a95f    0x65  ApiVoice.o [1]
  .near.rodata       const    0x00a9c4    0x5d  ApiVoice.o [1]
  .near.rodata       const    0x00aa21    0x5d  ApiVoice.o [1]
  .near.rodata       const    0x00aa7e    0x5d  ApiVoice.o [1]
  .near.rodata       const    0x00aadb    0x59  ApiVoice.o [1]
  .near.rodata       const    0x00ab34    0x55  ApiVoice.o [1]
  .near.rodata       const    0x00ab89    0x51  ApiVoice.o [1]
  .near.rodata       const    0x00abda    0x51  ApiVoice.o [1]
  .near.rodata       const    0x00ac2b    0x4d  ApiVoice.o [1]
  .near.rodata       const    0x00ac78    0x4d  ApiVoice.o [1]
  .near.rodata       const    0x00acc5    0x4d  ApiVoice.o [1]
  .near.rodata       const    0x00ad12    0x49  ApiVoice.o [1]
  .near.rodata       const    0x00ad5b    0x49  ApiVoice.o [1]
  .near.rodata       const    0x00ada4    0x49  ApiVoice.o [1]
  .near.rodata       const    0x00aded    0x45  ApiVoice.o [1]
  .near_func.text    const    0x00ae32    0x3e  ApiDisplay.o [1]
  .near.rodata       const    0x00ae70    0x3d  ApiVoice.o [1]
  .near.rodata       const    0x00aead    0x39  ApiVoice.o [1]
  .near.rodata       const    0x00aee6    0x39  ApiVoice.o [1]
  .near.rodata       const    0x00af1f    0x39  ApiVoice.o [1]
  .near.rodata       const    0x00af58    0x39  ApiVoice.o [1]
  .near.rodata       const    0x00af91    0x35  ApiVoice.o [1]
  .near.rodata       const    0x00afc6    0x35  ApiVoice.o [1]
  .near.rodata       const    0x00affb    0x2d  ApiVoice.o [1]
  .near.rodata       const    0x00b028    0x2d  ApiVoice.o [1]
  .near.rodata       const    0x00b055    0x2d  ApiVoice.o [1]
  .near.rodata       const    0x00b082    0x2d  ApiVoice.o [1]
  .near.rodata       const    0x00b0af    0x29  ApiAtCmd.o [1]
  .near.rodata       const    0x00b0d8    0x29  ApiVoice.o [1]
  .near.rodata       const    0x00b101    0x29  ApiVoice.o [1]
  .near.rodata       const    0x00b12a    0x26  ApiAtCmd.o [1]
  .near.rodata       const    0x00b150    0x26  ApiAtCmd.o [1]
  .near.rodata       const    0x00b176    0x25  ApiAtCmd.o [1]
  .near.rodata       const    0x00b19b    0x24  ApiAtCmd.o [1]
  .near.rodata       const    0x00b1bf    0x23  ApiAtCmd.o [1]
  .near.rodata       const    0x00b1e2    0x21  ApiVoice.o [1]
  .iar.init_table    const    0x00b203    0x20  - Linker created -
  .near.rodata       const    0x00b223    0x20  ApiAtCmd.o [1]
  .near.rodata       const    0x00b243    0x20  ApiAtCmd.o [1]
  .near.rodata       const    0x00b263    0x20  ApiAtCmd.o [1]
  .near.rodata       const    0x00b283    0x20  ApiMcuVersion.o [1]
  .near.rodata       const    0x00b2a3    0x1f  ApiAtCmd.o [1]
  .near.rodata       const    0x00b2c2    0x1d  ApiAtCmd.o [1]
  .near.rodata       const    0x00b2df    0x1d  ApiAtCmd.o [1]
  .near.rodata       const    0x00b2fc    0x1b  ApiAtCmd.o [1]
  .near.rodata       const    0x00b317    0x1b  ApiAtCmd.o [1]
  .near.rodata       const    0x00b332    0x1b  ApiAtCmd.o [1]
  .near.rodata       const    0x00b34d    0x1a  ApiAtCmd.o [1]
  .near.rodata       const    0x00b367    0x18  ApiAtCmd.o [1]
  .near.rodata       const    0x00b37f    0x17  ApiMenu.o [1]
  .near.rodata       const    0x00b396    0x15  ApiAtCmd.o [1]
  .near.rodata       const    0x00b3ab    0x15  ApiVoice.o [1]
  .near.rodata       const    0x00b3c0    0x13  ApiAtCmd.o [1]
  .near.rodata       const    0x00b3d3    0x11  ApiAtCmd.o [1]
  .near.rodata       const    0x00b3e4    0x11  ApiDisplay.o [1]
  .near.rodata       const    0x00b3f5    0x11  ApiDisplay.o [1]
  .near.rodata       const    0x00b406    0x11  ApiDisplay.o [1]
  .near.rodata       const    0x00b417    0x11  ApiDisplay.o [1]
  .near.rodata       const    0x00b428    0x11  ApiDisplay.o [1]
  .near.rodata       const    0x00b439    0x11  ApiDisplay.o [1]
  .near.rodata       const    0x00b44a    0x11  ApiDisplay.o [1]
  .near.rodata       const    0x00b45b    0x11  ApiDisplay.o [1]
  .near.rodata       const    0x00b46c    0x11  ApiDisplay.o [1]
  .near.rodata       const    0x00b47d    0x11  ApiDisplay.o [1]
  .near.rodata       const    0x00b48e    0x11  ApiDisplay.o [1]
  .near.rodata       const    0x00b49f    0x11  ApiDisplay.o [1]
  .near.rodata       const    0x00b4b0    0x11  ApiDisplay.o [1]
  .near.rodata       const    0x00b4c1    0x11  ApiDisplay.o [1]
  .near.rodata       const    0x00b4d2    0x11  ApiDisplay.o [1]
  .near.rodata       const    0x00b4e3    0x11  ApiDisplay.o [1]
  .near.rodata       const    0x00b4f4    0x11  ApiDisplay.o [1]
  .near.rodata       const    0x00b505    0x11  ApiDisplay.o [1]
  .near.rodata       const    0x00b516    0x11  ApiDisplay.o [1]
  .near.rodata       const    0x00b527    0x11  ApiDisplay.o [1]
  .near.rodata       const    0x00b538    0x11  ApiDisplay.o [1]
  .near.rodata       const    0x00b549    0x11  ApiDisplay.o [1]
  .near.rodata       const    0x00b55a    0x11  ApiDisplay.o [1]
  .near.rodata       const    0x00b56b    0x11  ApiDisplay.o [1]
  .near.rodata       const    0x00b57c    0x11  ApiDisplay.o [1]
  .near.rodata       const    0x00b58d    0x11  ApiDisplay.o [1]
  .near.rodata       const    0x00b59e    0x11  ApiDisplay.o [1]
  .near.rodata       const    0x00b5af    0x11  ApiDisplay.o [1]
  .near.rodata       const    0x00b5c0    0x11  ApiDisplay.o [1]
  .near.rodata       const    0x00b5d1    0x11  ApiDisplay.o [1]
  .near.rodata       const    0x00b5e2    0x11  ApiDisplay.o [1]
  .near.rodata       const    0x00b5f3    0x11  ApiDisplay.o [1]
  .near.rodata       const    0x00b604    0x11  ApiDisplay.o [1]
  .near.rodata       const    0x00b615    0x11  ApiDisplay.o [1]
  .near.rodata       const    0x00b626    0x11  ApiDisplay.o [1]
  .near.rodata       const    0x00b637    0x11  ApiDisplay.o [1]
  .near.rodata       const    0x00b648    0x11  ApiDisplay.o [1]
  .near.rodata       const    0x00b659    0x11  ApiDisplay.o [1]
  .near.rodata       const    0x00b66a    0x11  ApiDisplay.o [1]
  .near.rodata       const    0x00b67b    0x11  ApiKeyboard.o [1]
  .near.rodata       const    0x00b68c    0x11  ApiKeyCmd.o [1]
  .near.rodata       const    0x00b69d    0x11  ApiMcuVersion.o [1]
  .near.rodata       const    0x00b6ae    0x11  ApiMenu.o [1]
  .near.rodata       const    0x00b6bf    0x11  ApiMenu.o [1]
  .near.rodata       const    0x00b6d0    0x11  ApiMenu.o [1]
  .near.rodata       const    0x00b6e1    0x11  ApiMenu.o [1]
  .near.rodata       const    0x00b6f2    0x11  ApiMenu.o [1]
  .near.rodata       const    0x00b703    0x11  ApiMenu.o [1]
  .near.rodata       const    0x00b714    0x11  ApiMenu.o [1]
  .near.rodata       const    0x00b725    0x11  ApiPocCmd.o [1]
  .near.rodata       const    0x00b736    0x11  ApiPocCmd.o [1]
  .near.rodata       const    0x00b747    0x11  CommonLib.o [1]
  .near.rodata       const    0x00b758    0x11  Task.o [1]
  .near.rodata       const    0x00b769    0x10  ApiDisplay.o [1]
  .near.rodata       const    0x00b779    0x10  ApiDisplay.o [1]
  .near.rodata       const    0x00b789    0x10  DrvUart3.o [1]
  .near.rodata       const    0x00b799     0xf  ApiAtCmd.o [1]
  .near.rodata       const    0x00b7a8     0xf  ApiPocCmd.o [1]
  .near.rodata       const    0x00b7b7     0xe  ApiAtCmd.o [1]
  .near.rodata       const    0x00b7c5     0xe  ApiAtCmd.o [1]
  .near.rodata       const    0x00b7d3     0xe  ApiAtCmd.o [1]
  .near.rodata       const    0x00b7e1     0xe  ApiAtCmd.o [1]
  .near.rodata       const    0x00b7ef     0xe  ApiAtCmd.o [1]
  .near.rodata       const    0x00b7fd     0xd  ApiAtCmd.o [1]
  .near.rodata       const    0x00b80a     0xd  ApiAtCmd.o [1]
  .near.rodata       const    0x00b817     0xd  ApiAtCmd.o [1]
  .near.rodata       const    0x00b824     0xd  ApiAtCmd.o [1]
  .near.rodata       const    0x00b831     0xd  ApiAtCmd.o [1]
  .near.rodata       const    0x00b83e     0xd  ApiAtCmd.o [1]
  .near.rodata       const    0x00b84b     0xd  ApiAtCmd.o [1]
  .near.rodata       const    0x00b858     0xd  ApiAtCmd.o [1]
  .near.rodata       const    0x00b865     0xd  ApiAtCmd.o [1]
  .near.rodata       const    0x00b872     0xc  ApiAtCmd.o [1]
  .near.rodata       const    0x00b87e     0xc  ApiAtCmd.o [1]
  .near.rodata       const    0x00b88a     0xc  ApiAtCmd.o [1]
  .near.rodata       const    0x00b896     0xc  ApiAtCmd.o [1]
  .near.rodata       const    0x00b8a2     0xc  ApiAtCmd.o [1]
  .near.rodata       const    0x00b8ae     0xb  ApiAtCmd.o [1]
  .near.rodata       const    0x00b8b9     0xb  ApiAtCmd.o [1]
  .near.rodata       const    0x00b8c4     0xb  ApiAtCmd.o [1]
  .near.rodata       const    0x00b8cf     0xb  ApiAtCmd.o [1]
  .near.rodata       const    0x00b8da     0xb  ApiAtCmd.o [1]
  .near.rodata       const    0x00b8e5     0xb  ApiAtCmd.o [1]
  .near.rodata       const    0x00b8f0     0xb  ApiAtCmd.o [1]
  .near.rodata       const    0x00b8fb     0xb  ApiAtCmd.o [1]
  .near.rodata       const    0x00b906     0xb  ApiAtCmd.o [1]
  .near.rodata       const    0x00b911     0xb  ApiAtCmd.o [1]
  .near.rodata       const    0x00b91c     0xb  ApiAtCmd.o [1]
  .near.rodata       const    0x00b927     0xb  ApiAtCmd.o [1]
  .near.rodata       const    0x00b932     0xb  ApiAtCmd.o [1]
  .near.rodata       const    0x00b93d     0xb  ApiAtCmd.o [1]
  .near.rodata       const    0x00b948     0xb  ApiAtCmd.o [1]
  .near.rodata       const    0x00b953     0xb  ApiAtCmd.o [1]
  .near.rodata       const    0x00b95e     0xb  ApiAtCmd.o [1]
  .near.rodata       const    0x00b969     0xb  ApiAtCmd.o [1]
  .near.rodata       const    0x00b974     0xb  ApiAtCmd.o [1]
  .near.rodata       const    0x00b97f     0xb  ApiAtCmd.o [1]
  .near.rodata       const    0x00b98a     0xb  ApiAtCmd.o [1]
  .near.rodata       const    0x00b995     0xb  ApiPocCmd.o [1]
  .near.rodata       const    0x00b9a0     0xb  ApiPocCmd.o [1]
  .near.rodata       const    0x00b9ab     0xa  ApiAtCmd.o [1]
  .near.rodata       const    0x00b9b5     0xa  ApiAtCmd.o [1]
  .near.rodata       const    0x00b9bf     0xa  ApiAtCmd.o [1]
  .near.rodata       const    0x00b9c9     0x9  ApiAtCmd.o [1]
  .near.rodata       const    0x00b9d2     0x9  ApiAtCmd.o [1]
  .near.rodata       const    0x00b9db     0x9  ApiAtCmd.o [1]
  .near.rodata       const    0x00b9e4     0x9  ApiAtCmd.o [1]
  .near.rodata       const    0x00b9ed     0x9  ApiAtCmd.o [1]
  .near.rodata       const    0x00b9f6     0x9  ApiAtCmd.o [1]
  .near.rodata       const    0x00b9ff     0x9  ApiPocCmd.o [1]
  .near.rodata       const    0x00ba08     0x9  DrvZM389.o [1]
  .near.rodata       const    0x00ba11     0x8  ApiAtCmd.o [1]
  .near.rodata       const    0x00ba19     0x8  ApiAtCmd.o [1]
  .near.rodata       const    0x00ba21     0x8  ApiAtCmd.o [1]
  .near.rodata       const    0x00ba29     0x8  ApiDisplay.o [1]
  .near.rodata       const    0x00ba31     0x8  ApiPocCmd.o [1]
  .near.rodata       const    0x00ba39     0x7  ApiAtCmd.o [1]
  .near.rodata       const    0x00ba40     0x7  ApiAtCmd.o [1]
  .near.rodata       const    0x00ba47     0x7  ApiPocCmd.o [1]
  .near.rodata       const    0x00ba4e     0x7  ApiPocCmd.o [1]
  .near.rodata       const    0x00ba55     0x7  ApiPocCmd.o [1]
  .near.rodata       const    0x00ba5c     0x7  ApiPocCmd.o [1]
  .near.rodata       const    0x00ba63     0x7  ApiPocCmd.o [1]
  .near.rodata       const    0x00ba6a     0x7  ApiPocCmd.o [1]
  .near.rodata       const    0x00ba71     0x7  ApiPocCmd.o [1]
  .near.rodata       const    0x00ba78     0x7  ApiPocCmd.o [1]
  .near.rodata       const    0x00ba7f     0x7  ApiPocCmd.o [1]
  .near.rodata       const    0x00ba86     0x7  DrvZM389.o [1]
  .near.rodata       const    0x00ba8d     0x6  ApiAtCmd.o [1]
  .near.rodata       const    0x00ba93     0x6  DrvZM389.o [1]
  .near.rodata       const    0x00ba99     0x5  ApiAtCmd.o [1]
  .near.rodata       const    0x00ba9e     0x4  ApiDisplay.o [1]
  .near.rodata       const    0x00baa2     0x4  ApiDisplay.o [1]
  .near.rodata       const    0x00baa6     0x4  ApiDisplay.o [1]
  .near.rodata       const    0x00baaa     0x4  ApiDisplay.o [1]
  .near.rodata       const    0x00baae     0x4  ApiDisplay.o [1]
  .near.rodata       const    0x00bab2     0x4  ApiMenu.o [1]
  .near.rodata       const    0x00bab6     0x4  ApiMenu.o [1]
  .near.rodata       const    0x00baba     0x4  ApiMenu.o [1]
  .near.rodata       const    0x00babe     0x4  ApiMenu.o [1]
  .near.rodata       const    0x00bac2     0x4  ApiMenu.o [1]
  .near.rodata       const    0x00bac6     0x4  ApiMenu.o [1]
  .near.rodata       const    0x00baca     0x4  ApiMenu.o [1]
  .near.rodata       const    0x00bace     0x4  ApiPocCmd.o [1]
  .near.rodata       const    0x00bad2     0x4  DrvUart3.o [1]
  .near.rodata       const    0x00bad6     0x4  DrvUart3.o [1]
  .near.rodata       const    0x00bada     0x4  stm8s_clk.o [1]
  .near.rodata       const    0x00bade     0x3  ApiPocCmd.o [1]
  .near.rodata       const    0x00bae1     0x3  DrvUart3.o [1]
  .near.rodata       const    0x00bae4     0x3  DrvUart3.o [1]
  .near.rodata       const    0x00bae7     0x3  DrvZM389.o [1]
                            - 0x00baea  0x3a6a

"P4", part 1 of 2:                      0x3770
  .far_func.text     ro code  0x00baea   0xb7e  ApiAtCmd.o [1]
  .far_func.text     ro code  0x00c668   0x9c0  ApiPocCmd.o [1]
  .far_func.text     ro code  0x00d028   0x930  ApiDelay.o [1]
  .far_func.text     ro code  0x00d958   0x915  ApiKeyboard.o [1]
  .far_func.text     ro code  0x00e26d   0x823  DrvZM389.o [1]
  .far_func.text     ro code  0x00ea90   0x7c6  ApiPocCmd.o [1]
  .far_func.text     ro code  0x00f256     0x4  ApiDelay.o [1]
                            - 0x00f25a  0x3770

"P4", part 2 of 2:                      0x7985
  .far_func.text     ro code  0x010000   0x5d2  DrvKeyboard.o [1]
  .far_func.text     ro code  0x0105d2   0x3f2  ApiVoice.o [1]
  .far_func.text     ro code  0x0109c4   0x3c7  ApiDisplay.o [1]
  .far_func.text     ro code  0x010d8b   0x30f  DrvBeep.o [1]
  .far_func.text     ro code  0x01109a   0x2ed  Task.o [1]
  .far_func.text     ro code  0x011387   0x2bc  ApiBattery.o [1]
  .far_func.text     ro code  0x011643   0x252  DrvHTG12832.o [1]
  .far_func.text     ro code  0x011895   0x251  GT20L16P1Y.o [4]
  .far_func.text     ro code  0x011ae6   0x211  DrvKeyboard.o [1]
  .far_func.text     ro code  0x011cf7   0x20e  ApiMenu.o [1]
  .far_func.text     ro code  0x011f05   0x20b  float.o [6]
  .far_func.text     ro code  0x012110   0x1fe  ApiKeyCmd.o [1]
  .far_func.text     ro code  0x01230e   0x1eb  ApiGpsCmd.o [1]
  .far_func.text     ro code  0x0124f9   0x1d7  ApiMenu.o [1]
  .far_func.text     ro code  0x0126d0   0x1cc  ApiKeyCmd.o [1]
  .far_func.text     ro code  0x01289c   0x1b2  DrvUart3.o [1]
  .far_func.text     ro code  0x012a4e   0x1af  long.o [6]
  .far_func.text     ro code  0x012bfd   0x1ab  ApiPocCmd.o [1]
  .far_func.text     ro code  0x012da8   0x189  ApiMenu.o [1]
  .far_func.text     ro code  0x012f31   0x186  ApiPocCmd.o [1]
  .far_func.text     ro code  0x0130b7   0x15c  vreg_util.o [6]
  .far_func.text     ro code  0x013213   0x159  stm8s_uart1.o [1]
  .far_func.text     ro code  0x01336c   0x158  ApiAtCmd.o [1]
  .far_func.text     ro code  0x0134c4   0x148  DrvKeyboard.o [1]
  .far_func.text     ro code  0x01360c   0x148  DrvKeyscan.o [1]
  .far_func.text     ro code  0x013754   0x13f  DrvKeyboard.o [1]
  .far_func.text     ro code  0x013893   0x139  DrvGT20L16S1Y.o [1]
  .far_func.text     ro code  0x0139cc   0x134  CommonLib.o [1]
  .far_func.text     ro code  0x013b00   0x12a  stm8s_uart3.o [1]
  .far_func.text     ro code  0x013c2a   0x103  stm8s_itc.o [1]
  .far_func.text     ro code  0x013d2d    0xfa  CommonLib.o [1]
  .far_func.text     ro code  0x013e27    0xf6  main.o [1]
  .far_func.text     ro code  0x013f1d    0xf5  UTF8toUNICODE.o [1]
  .far_func.text     ro code  0x014012    0xf3  DrvUart3.o [1]
  .far_func.text     ro code  0x014105    0xec  GT20L16P1Y.o [3]
  .far_func.text     ro code  0x0141f1    0xeb  DrvZM389.o [1]
  .far_func.text     ro code  0x0142dc    0xe9  ApiPocCmd.o [1]
  .far_func.text     ro code  0x0143c5    0xe9  DrvUart3.o [1]
  .far_func.text     ro code  0x0144ae    0xe5  DrvKeyboard.o [1]
  .far_func.text     ro code  0x014593    0xdf  DrvUart3.o [1]
  .far_func.text     ro code  0x014672    0xd7  ApiKeyCmd.o [1]
  .far_func.text     ro code  0x014749    0xd5  ApiPocCmd.o [1]
  .far_func.text     ro code  0x01481e    0xd5  ApiPocCmd.o [1]
  .far_func.text     ro code  0x0148f3    0xd0  ApiPocCmd.o [1]
  .far_func.text     ro code  0x0149c3    0xc8  ApiDisplay.o [1]
  .far_func.text     ro code  0x014a8b    0xc0  ApiDelay.o [1]
  .far_func.text     ro code  0x014b4b    0xba  DrvUart3.o [1]
  .far_func.text     ro code  0x014c05    0xb8  ApiDisplay.o [1]
  .far_func.text     ro code  0x014cbd    0xb6  stm8s_uart3.o [1]
  .far_func.text     ro code  0x014d73    0xb2  CommonLib.o [1]
  .far_func.text     ro code  0x014e25    0xb0  ApiDisplay.o [1]
  .far_func.text     ro code  0x014ed5    0xaf  stm8s_gpio.o [1]
  .far_func.text     ro code  0x014f84    0xad  DrvUart3.o [1]
  .far_func.text     ro code  0x015031    0xa3  ApiDelay.o [1]
  .far_func.text     ro code  0x0150d4    0xa2  stm8s_clk.o [1]
  .far_func.text     ro code  0x015176    0xa1  ApiKeyboard.o [1]
  .far_func.text     ro code  0x015217    0x9d  ApiLED.o [1]
  .far_func.text     ro code  0x0152b4    0x99  stm8s_tim1.o [1]
  .far_func.text     ro code  0x01534d    0x96  DrvKeyboard.o [1]
  .far_func.text     ro code  0x0153e3    0x95  DrvUart3.o [1]
  .far_func.text     ro code  0x015478    0x92  stm8s_uart1.o [1]
  .far_func.text     ro code  0x01550a    0x8f  DrvUart3.o [1]
  .far_func.text     ro code  0x015599    0x8e  ApiPocCmd.o [1]
  .far_func.text     ro code  0x015627    0x8e  ApiPocCmd.o [1]
  .far_func.text     ro code  0x0156b5    0x8e  ApiPocCmd.o [1]
  .far_func.text     ro code  0x015743    0x8d  DrvTone.o [1]
  .far_func.text     ro code  0x0157d0    0x8d  stm8s_uart3.o [1]
  .far_func.text     ro code  0x01585d    0x88  ApiDisplay.o [1]
  .far_func.text     ro code  0x0158e5    0x83  ApiAtCmd.o [1]
  .far_func.text     ro code  0x015968    0x82  stm8s_adc2.o [1]
  .far_func.text     ro code  0x0159ea    0x80  DrvZM389.o [1]
  .far_func.text     ro code  0x015a6a    0x7f  main.o [1]
  .far_func.text     ro code  0x015ae9    0x7d  ApiDisplay.o [1]
  .far_func.text     ro code  0x015b66    0x7b  ApiPocCmd.o [1]
  .far_func.text     ro code  0x015be1    0x7b  ApiPocCmd.o [1]
  .far_func.text     ro code  0x015c5c    0x75  ApiGpsCmd.o [1]
  .far_func.text     ro code  0x015cd1    0x73  ApiDelay.o [1]
  .far_func.text     ro code  0x015d44    0x72  DrvKeyboard.o [1]
  .far_func.text     ro code  0x015db6    0x72  long_util.o [6]
  .far_func.text     ro code  0x015e28    0x71  ApiVoice.o [1]
  .far_func.text     ro code  0x015e99    0x6e  DrvUart3.o [1]
  .far_func.text     ro code  0x015f07    0x6d  DrvTone.o [1]
  .far_func.text     ro code  0x015f74    0x6d  stm8s_uart1.o [1]
  .far_func.text     ro code  0x015fe1    0x6b  DrvTone.o [1]
  .far_func.text     ro code  0x01604c    0x69  DrvUart3.o [1]
  .far_func.text     ro code  0x0160b5    0x67  ApiAtCmd.o [1]
  .far_func.text     ro code  0x01611c    0x65  ApiAtCmd.o [1]
  .far_func.text     ro code  0x016181    0x64  ApiDisplay.o [1]
  .far_func.text     ro code  0x0161e5    0x64  CommonLib.o [1]
  .far_func.text     ro code  0x016249    0x61  ApiMcuVersion.o [1]
  .far_func.text     ro code  0x0162aa    0x61  stm8s_tim1.o [1]
  .far_func.text     ro code  0x01630b    0x5e  CommonLib.o [1]
  .far_func.text     ro code  0x016369    0x5d  short.o [6]
  .far_func.text     ro code  0x0163c6    0x5c  DrvUart3.o [1]
  .far_func.text     ro code  0x016422    0x5c  GT20L16P1Y_D.o [1]
  .far_func.text     ro code  0x01647e    0x5a  ApiDisplay.o [1]
  .far_func.text     ro code  0x0164d8    0x58  stm8s_clk.o [1]
  .far_func.text     ro code  0x016530    0x58  dc_util.o [6]
  .far_func.text     ro code  0x016588    0x57  ApiDisplay.o [1]
  .far_func.text     ro code  0x0165df    0x55  ApiDelay.o [1]
  .far_func.text     ro code  0x016634    0x54  stm8s_adc2.o [1]
  .far_func.text     ro code  0x016688    0x52  DrvUart3.o [1]
  .far_func.text     ro code  0x0166da    0x50  DrvEeprom.o [1]
  .far_func.text     ro code  0x01672a    0x4f  ApiDisplay.o [1]
  .far_func.text     ro code  0x016779    0x4f  DrvEeprom.o [1]
  .far_func.text     ro code  0x0167c8    0x4f  DrvUart3.o [1]
  .far_func.text     ro code  0x016817    0x4e  ApiPocCmd.o [1]
  .far_func.text     ro code  0x016865    0x4e  ApiPocCmd.o [1]
  .far_func.text     ro code  0x0168b3    0x4e  ApiPocCmd.o [1]
  .far_func.text     ro code  0x016901    0x4e  CommonLib.o [1]
  .far_func.text     ro code  0x01694f    0x4a  DrvZM389.o [1]
  .far_func.text     ro code  0x016999    0x4a  DrvZM389.o [1]
  .far_func.text     ro code  0x0169e3    0x4a  DrvZM389.o [1]
  .far_func.text     ro code  0x016a2d    0x49  stm8s_uart3.o [1]
  .far_func.text     ro code  0x016a76    0x48  DrvEeprom.o [1]
  .far_func.text     ro code  0x016abe    0x48  GT20L16P1Y_D.o [1]
  .far_func.text     ro code  0x016b06    0x47  ApiVoice.o [1]
  .far_func.text     ro code  0x016b4d    0x44  ApiPocCmd.o [1]
  .far_func.text     ro code  0x016b91    0x43  stm8s_it.o [1]
  .far_func.text     ro code  0x016bd4    0x43  stm8s_tim1.o [1]
  .far_func.text     ro code  0x016c17    0x40  ApiDelay.o [1]
  .far_func.text     ro code  0x016c57    0x3f  DrvKeyscan.o [1]
  .far_func.text     ro code  0x016c96    0x3e  DrvEeprom.o [1]
  .far_func.text     ro code  0x016cd4    0x3d  DrvZM389.o [1]
  .far_func.text     ro code  0x016d11    0x3b  ApiBattery.o [1]
  .far_func.text     ro code  0x016d4c    0x3b  DrvUart1.o [1]
  .far_func.text     ro code  0x016d87    0x3a  Task.o [1]
  .far_func.text     ro code  0x016dc1    0x3a  char.o [6]
  .far_func.text     ro code  0x016dfb    0x39  ApiKeyboard.o [1]
  .far_func.text     ro code  0x016e34    0x39  DrvUart3.o [1]
  .far_func.text     ro code  0x016e6d    0x38  DrvBeep.o [1]
  .far_func.text     ro code  0x016ea5    0x38  DrvGT20L16S1Y.o [1]
  .far_func.text     ro code  0x016edd    0x36  stm8s_flash.o [1]
  .far_func.text     ro code  0x016f13    0x36  sysclock.o [1]
  .far_func.text     ro code  0x016f49    0x36  memcmp.o [6]
  .far_func.text     ro code  0x016f7f    0x35  ApiPocCmd.o [1]
  .far_func.text     ro code  0x016fb4    0x34  DrvMcuPin.o [1]
  .far_func.text     ro code  0x016fe8    0x32  stm8s_uart1.o [1]
  .far_func.text     ro code  0x01701a    0x30  stm8s_adc2.o [1]
  .far_func.text     ro code  0x01704a    0x2f  stm8s_adc2.o [1]
  .far_func.text     ro code  0x017079    0x2d  stm8s_uart1.o [1]
  .far_func.text     ro code  0x0170a6    0x2c  DrvZM389.o [1]
  .far_func.text     ro code  0x0170d2    0x2b  ApiPocCmd.o [1]
  .far_func.text     ro code  0x0170fd    0x2b  sysclock.o [1]
  .far_func.text     ro code  0x017128    0x29  ApiDelay.o [1]
  .far_func.text     ro code  0x017151    0x29  DrvMcuPin.o [1]
  .far_func.text     ro code  0x01717a    0x28  stm8s_flash.o [1]
  .far_func.text     ro code  0x0171a2    0x28  init_small.o [6]
  .far_func.text     ro code  0x0171ca    0x27  ApiBattery.o [1]
  .far_func.text     ro code  0x0171f1    0x26  DrvTone.o [1]
  .far_func.text     ro code  0x017217    0x26  stm8s_it.o [1]
  .far_func.text     ro code  0x01723d    0x26  memcpy.o [6]
  .far_func.text     ro code  0x017263    0x25  stm8s_flash.o [1]
  .far_func.text     ro code  0x017288    0x25  stm8s_it.o [1]
  .far_func.text     ro code  0x0172ad    0x25  stm8s_uart3.o [1]
  .far_func.text     ro code  0x0172d2    0x25  move.o [6]
  .far_func.text     ro code  0x0172f7    0x24  stm8s_tim1.o [1]
  .far_func.text     ro code  0x01731b    0x24  Task.o [1]
  .far_func.text     ro code  0x01733f    0x22  ApiBattery.o [1]
  .far_func.text     ro code  0x017361    0x21  ApiMenu.o [1]
  .far_func.text     ro code  0x017382    0x21  stm8s_adc2.o [1]
  .far_func.text     ro code  0x0173a3    0x20  ApiMcuVersion.o [1]
  .far_func.text     ro code  0x0173c3    0x1f  sysclock.o [1]
  .far_func.text     ro code  0x0173e2    0x1e  init.o [6]
  .far_func.text     ro code  0x017400    0x1e  init_small.o [6]
  .far_func.text     ro code  0x01741e    0x1c  ApiDelay.o [1]
  .far_func.text     ro code  0x01743a    0x1c  DrvBeep.o [1]
  .far_func.text     ro code  0x017456    0x1b  stm8s_it.o [1]
  .far_func.text     ro code  0x017471    0x1a  DrvMcuPin.o [1]
  .far_func.text     ro code  0x01748b    0x19  DrvMcuPin.o [1]
  .far_func.text     ro code  0x0174a4    0x19  DrvMcuPin.o [1]
  .far_func.text     ro code  0x0174bd    0x19  DrvMcuPin.o [1]
  .far_func.text     ro code  0x0174d6    0x19  DrvMcuPin.o [1]
  .far_func.text     ro code  0x0174ef    0x19  DrvMcuPin.o [1]
  .far_func.text     ro code  0x017508    0x19  DrvMcuPin.o [1]
  .far_func.text     ro code  0x017521    0x19  DrvMcuPin.o [1]
  .far_func.text     ro code  0x01753a    0x18  ApiKeyboard.o [1]
  .far_func.text     ro code  0x017552    0x18  ApiKeyboard.o [1]
  .far_func.text     ro code  0x01756a    0x17  ApiDisplay.o [1]
  .far_func.text     ro code  0x017581    0x17  cstartup.o [6]
  .far_func.text     ro code  0x017598    0x17  memset.o [6]
  .far_func.text     ro code  0x0175af    0x16  stm8s_flash.o [1]
  .far_func.text     ro code  0x0175c5    0x16  __dbg_xxexit.o [5]
  .far_func.text     ro code  0x0175db    0x15  ApiBattery.o [1]
  .far_func.text     ro code  0x0175f0    0x15  ApiPocCmd.o [1]
  .far_func.text     ro code  0x017605    0x14  ApiMcuVersion.o [1]
  .far_func.text     ro code  0x017619    0x14  stm8s_flash.o [1]
  .far_func.text     ro code  0x01762d    0x13  stm8s_adc2.o [1]
  .far_func.text     ro code  0x017640    0x13  stm8s_clk.o [1]
  .far_func.text     ro code  0x017653    0x13  stm8s_tim1.o [1]
  .far_func.text     ro code  0x017666    0x13  stm8s_tim3.o [1]
  .far_func.text     ro code  0x017679    0x12  DrvUart3.o [1]
  .far_func.text     ro code  0x01768b    0x12  strlen.o [6]
  .far_func.text     ro code  0x01769d    0x11  Task.o [1]
  .far_func.text     ro code  0x0176ae    0x10  DrvUart3.o [1]
  .far_func.text     ro code  0x0176be     0xf  ApiVoice.o [1]
  .far_func.text     ro code  0x0176cd     0xe  far_util.o [6]
  .far_func.text     ro code  0x0176db     0xd  ApiVoice.o [1]
  .far_func.text     ro code  0x0176e8     0xd  DrvMcuPin.o [1]
  .far_func.text     ro code  0x0176f5     0xd  stm8s_adc2.o [1]
  .far_func.text     ro code  0x017702     0xd  stm8s_tim1.o [1]
  .far_func.text     ro code  0x01770f     0xd  stm8s_tim1.o [1]
  .far_func.text     ro code  0x01771c     0xd  stm8s_tim1.o [1]
  .far_func.text     ro code  0x017729     0xd  stm8s_tim1.o [1]
  .far_func.text     ro code  0x017736     0xd  stm8s_tim3.o [1]
  .far_func.text     ro code  0x017743     0xd  stm8s_tim3.o [1]
  .far_func.text     ro code  0x017750     0xd  stm8s_uart1.o [1]
  .far_func.text     ro code  0x01775d     0xd  stm8s_uart3.o [1]
  .far_func.text     ro code  0x01776a     0xc  stm8s_tim3.o [1]
  .far_func.text     ro code  0x017776     0xc  GT20L16P1Y.o [3]
  .far_func.text     ro code  0x017782     0xb  stm8s_flash.o [1]
  .far_func.text     ro code  0x01778d     0x9  ApiKeyCmd.o [1]
  .far_func.text     ro code  0x017796     0x9  DrvTone.o [1]
  .far_func.text     ro code  0x01779f     0x9  stm8s_gpio.o [1]
  .far_func.text     ro code  0x0177a8     0x9  stm8s_tim1.o [1]
  .far_func.text     ro code  0x0177b1     0x9  stm8s_tim3.o [1]
  .far_func.text     ro code  0x0177ba     0x8  ApiPocCmd.o [1]
  .far_func.text     ro code  0x0177c2     0x7  ApiGpsCmd.o [1]
  .far_func.text     ro code  0x0177c9     0x7  ApiGpsCmd.o [1]
  .far_func.text     ro code  0x0177d0     0x7  ApiGpsCmd.o [1]
  .far_func.text     ro code  0x0177d7     0x7  ApiGpsCmd.o [1]
  .far_func.text     ro code  0x0177de     0x7  ApiGpsCmd.o [1]
  .far_func.text     ro code  0x0177e5     0x7  ApiPocCmd.o [1]
  .far_func.text     ro code  0x0177ec     0x7  ApiPocCmd.o [1]
  .far_func.text     ro code  0x0177f3     0x7  ApiPocCmd.o [1]
  .far_func.text     ro code  0x0177fa     0x7  ApiPocCmd.o [1]
  .far_func.text     ro code  0x017801     0x7  stm8s_flash.o [1]
  .far_func.text     ro code  0x017808     0x7  stm8s_gpio.o [1]
  .far_func.text     ro code  0x01780f     0x6  cexit.o [6]
  .far_func.text     ro code  0x017815     0x5  ApiDisplay.o [1]
  .far_func.text     ro code  0x01781a     0x5  ApiLED.o [1]
  .far_func.text     ro code  0x01781f     0x5  stm8s_adc2.o [1]
  .far_func.text     ro code  0x017824     0x5  stm8s_flash.o [1]
  .far_func.text     ro code  0x017829     0x5  stm8s_flash.o [1]
  .far_func.text     ro code  0x01782e     0x5  stm8s_tim1.o [1]
  .far_func.text     ro code  0x017833     0x5  stm8s_tim3.o [1]
  .far_func.text     ro code  0x017838     0x4  ApiDelay.o [1]
  .far_func.text     ro code  0x01783c     0x4  ApiDelay.o [1]
  .far_func.text     ro code  0x017840     0x4  ApiGpsCmd.o [1]
  .far_func.text     ro code  0x017844     0x4  ApiKeyCmd.o [1]
  .far_func.text     ro code  0x017848     0x4  ApiKeyCmd.o [1]
  .far_func.text     ro code  0x01784c     0x4  ApiKeyCmd.o [1]
  .far_func.text     ro code  0x017850     0x4  ApiPocCmd.o [1]
  .far_func.text     ro code  0x017854     0x4  ApiPocCmd.o [1]
  .far_func.text     ro code  0x017858     0x4  ApiPocCmd.o [1]
  .far_func.text     ro code  0x01785c     0x4  ApiPocCmd.o [1]
  .far_func.text     ro code  0x017860     0x4  ApiPocCmd.o [1]
  .far_func.text     ro code  0x017864     0x4  ApiPocCmd.o [1]
  .far_func.text     ro code  0x017868     0x4  ApiPocCmd.o [1]
  .far_func.text     ro code  0x01786c     0x4  ApiPocCmd.o [1]
  .far_func.text     ro code  0x017870     0x4  ApiPocCmd.o [1]
  .far_func.text     ro code  0x017874     0x4  ApiPocCmd.o [1]
  .far_func.text     ro code  0x017878     0x4  ApiPocCmd.o [1]
  .far_func.text     ro code  0x01787c     0x4  ApiPocCmd.o [1]
  .far_func.text     ro code  0x017880     0x4  ApiPocCmd.o [1]
  .far_func.text     ro code  0x017884     0x4  ApiPocCmd.o [1]
  .far_func.text     ro code  0x017888     0x4  ApiPocCmd.o [1]
  .far_func.text     ro code  0x01788c     0x4  ApiPocCmd.o [1]
  .far_func.text     ro code  0x017890     0x4  ApiPocCmd.o [1]
  .far_func.text     ro code  0x017894     0x4  ApiPocCmd.o [1]
  .far_func.text     ro code  0x017898     0x4  ApiPocCmd.o [1]
  .far_func.text     ro code  0x01789c     0x4  DrvKeyboard.o [1]
  .far_func.text     ro code  0x0178a0     0x4  DrvKeyboard.o [1]
  .far_func.text     ro code  0x0178a4     0x4  DrvKeyboard.o [1]
  .far_func.text     ro code  0x0178a8     0x4  DrvKeyboard.o [1]
  .far_func.text     ro code  0x0178ac     0x4  DrvKeyboard.o [1]
  .far_func.text     ro code  0x0178b0     0x4  DrvKeyboard.o [1]
  .far_func.text     ro code  0x0178b4     0x4  DrvKeyboard.o [1]
  .far_func.text     ro code  0x0178b8     0x4  DrvKeyboard.o [1]
  .far_func.text     ro code  0x0178bc     0x4  DrvKeyboard.o [1]
  .far_func.text     ro code  0x0178c0     0x4  DrvKeyboard.o [1]
  .far_func.text     ro code  0x0178c4     0x4  DrvKeyboard.o [1]
  .far_func.text     ro code  0x0178c8     0x4  DrvKeyboard.o [1]
  .far_func.text     ro code  0x0178cc     0x4  DrvKeyboard.o [1]
  .far_func.text     ro code  0x0178d0     0x4  DrvKeyboard.o [1]
  .far_func.text     ro code  0x0178d4     0x4  DrvKeyboard.o [1]
  .far_func.text     ro code  0x0178d8     0x4  DrvKeyboard.o [1]
  .far_func.text     ro code  0x0178dc     0x4  DrvKeyboard.o [1]
  .far_func.text     ro code  0x0178e0     0x4  DrvKeyboard.o [1]
  .far_func.text     ro code  0x0178e4     0x4  DrvKeyboard.o [1]
  .far_func.text     ro code  0x0178e8     0x4  DrvKeyboard.o [1]
  .far_func.text     ro code  0x0178ec     0x4  DrvKeyboard.o [1]
  .far_func.text     ro code  0x0178f0     0x4  DrvKeyboard.o [1]
  .far_func.text     ro code  0x0178f4     0x4  DrvKeyboard.o [1]
  .far_func.text     ro code  0x0178f8     0x4  DrvKeyboard.o [1]
  .far_func.text     ro code  0x0178fc     0x4  DrvKeyboard.o [1]
  .far_func.text     ro code  0x017900     0x4  DrvKeyboard.o [1]
  .far_func.text     ro code  0x017904     0x4  DrvKeyboard.o [1]
  .far_func.text     ro code  0x017908     0x4  DrvKeyboard.o [1]
  .far_func.text     ro code  0x01790c     0x4  DrvKeyboard.o [1]
  .far_func.text     ro code  0x017910     0x4  DrvKeyboard.o [1]
  .far_func.text     ro code  0x017914     0x4  DrvKeyboard.o [1]
  .far_func.text     ro code  0x017918     0x4  DrvKeyboard.o [1]
  .far_func.text     ro code  0x01791c     0x4  DrvKeyboard.o [1]
  .far_func.text     ro code  0x017920     0x4  DrvKeyboard.o [1]
  .far_func.text     ro code  0x017924     0x4  DrvKeyboard.o [1]
  .far_func.text     ro code  0x017928     0x4  DrvKeyboard.o [1]
  .far_func.text     ro code  0x01792c     0x4  DrvKeyscan.o [1]
  .far_func.text     ro code  0x017930     0x4  DrvKeyscan.o [1]
  .far_func.text     ro code  0x017934     0x4  DrvKeyscan.o [1]
  .far_func.text     ro code  0x017938     0x4  DrvKeyscan.o [1]
  .far_func.text     ro code  0x01793c     0x4  DrvKeyscan.o [1]
  .far_func.text     ro code  0x017940     0x4  DrvKeyscan.o [1]
  .far_func.text     ro code  0x017944     0x4  DrvKeyscan.o [1]
  .far_func.text     ro code  0x017948     0x4  DrvKeyscan.o [1]
  .far_func.text     ro code  0x01794c     0x4  stm8s_gpio.o [1]
  .far_func.text     ro code  0x017950     0x4  stm8s_uart1.o [1]
  .far_func.text     ro code  0x017954     0x4  stm8s_uart1.o [1]
  .far_func.text     ro code  0x017958     0x4  stm8s_uart3.o [1]
  .far_func.text     ro code  0x01795c     0x4  stm8s_uart3.o [1]
  .far_func.text     ro code  0x017960     0x4  interrupt.o [6]
  .far_func.text     ro code  0x017964     0x4  exit.o [6]
  .far_func.text     ro code  0x017968     0x3  low_level_init.o [6]
  .far_func.text     ro code  0x01796b     0x3  unhandled_exception.o [6]
  .far_func.text     ro code  0x01796e     0x1  ApiKeyboard.o [1]
  .far_func.text     ro code  0x01796f     0x1  ApiMcuVersion.o [1]
  .far_func.text     ro code  0x017970     0x1  stm8s_it.o [1]
  .far_func.text     ro code  0x017971     0x1  stm8s_it.o [1]
  .far_func.text     ro code  0x017972     0x1  stm8s_it.o [1]
  .far_func.text     ro code  0x017973     0x1  stm8s_it.o [1]
  .far_func.text     ro code  0x017974     0x1  stm8s_it.o [1]
  .far_func.text     ro code  0x017975     0x1  stm8s_it.o [1]
  .far_func.text     ro code  0x017976     0x1  stm8s_it.o [1]
  .far_func.text     ro code  0x017977     0x1  stm8s_it.o [1]
  .far_func.text     ro code  0x017978     0x1  stm8s_it.o [1]
  .far_func.text     ro code  0x017979     0x1  stm8s_it.o [1]
  .far_func.text     ro code  0x01797a     0x1  stm8s_it.o [1]
  .far_func.text     ro code  0x01797b     0x1  stm8s_it.o [1]
  .far_func.text     ro code  0x01797c     0x1  stm8s_it.o [1]
  .far_func.text     ro code  0x01797d     0x1  stm8s_it.o [1]
  .far_func.text     ro code  0x01797e     0x1  stm8s_it.o [1]
  .far_func.text     ro code  0x01797f     0x1  stm8s_it.o [1]
  .far_func.text     ro code  0x017980     0x1  stm8s_it.o [1]
  .far_func.text     ro code  0x017981     0x1  stm8s_it.o [1]
  .far_func.text     ro code  0x017982     0x1  stm8s_it.o [1]
  .far_func.text     ro code  0x017983     0x1  stm8s_it.o [1]
  .far_func.text     ro code  0x017984     0x1  __dbg_break.o [5]
                            - 0x017985  0x7985


*******************************************************************************
*** INIT TABLE
***

          Address   Size
          -------   ----
Zero (__iar_zero_init2)
    4 destination ranges, total size 0x154b:
          0x000010  0xa24
          0x000a34  0x6d1
          0x001105  0x200
          0x001305  0x256

Copy (__iar_copy_init2)
    1 source range, total size 0x149:
          0x00a730  0x149
    1 destination range, total size 0x149:
          0x00155b  0x149



*******************************************************************************
*** MODULE SUMMARY
***

    Module                 ro code  ro data  rw data
    ------                 -------  -------  -------
E:\1-source\6-A508_4G_ME3610\PRJ\Debug\Obj: [1]
    ApiAtCmd.o               3 621    1 374      199
    ApiBattery.o               853                 5
    ApiDelay.o               3 052                56
    ApiDisplay.o             2 172    1 885      654
    ApiGpsCmd.o                647               111
    ApiKeyCmd.o              1 206       17        2
    ApiKeyboard.o            2 592       20       14
    ApiLED.o                   162                 1
    ApiMcuVersion.o            150       49
    ApiMenu.o                1 423      170        8
    ApiPocCmd.o              7 373      184    2 622
    ApiVoice.o               1 222    2 242       72
    CommonLib.o              1 008       17
    DrvBeep.o                  867                18
    DrvEeprom.o                293
    DrvGT20L16S1Y.o            369                 2
    DrvHTG12832.o              594                 2
    DrvKeyboard.o            3 303                92
    DrvKeyscan.o               423                19
    DrvMcuPin.o                307
    DrvTone.o                  404                21
    DrvUart1.o                  59
    DrvUart3.o               2 343       30      122
    DrvZM389.o               2 773       33    1 754
    GT20L16P1Y_D.o             164    7 344
    Task.o                     860       17        5
    UTF8toUNICODE.o            245
    main.o                     373
    stm8s_adc2.o               379
    stm8s_clk.o                269        4
    stm8s_flash.o              201
    stm8s_gpio.o               195
    stm8s_it.o                 189                 1
    stm8s_itc.o                259
    stm8s_tim1.o               438
    stm8s_tim3.o                71
    stm8s_uart1.o              716
    stm8s_uart3.o              752
    sysclock.o                 128
    ------------------------------------------------
    Total:                  42 455   13 386    5 780

command line: [2]
    ------------------------------------------------
    Total:

GT20L16P1Y_STM8S007C8_IAR.a: [3]
    GT20L16P1Y.o               248    1 536
    ------------------------------------------------
    Total:                     248    1 536

GT20L16_STM8_DOUBLE_MEDIUM_IAR.a: [4]
    GT20L16P1Y.o               593
    ------------------------------------------------
    Total:                     593

dbgstm8mmd.a: [5]
    __dbg_break.o                1
    __dbg_xxexit.o              22
    ------------------------------------------------
    Total:                      23

dlstm8mmn.a: [6]
    cexit.o                      6
    char.o                      58
    cstartup.o                  23
    dc_util.o                   88
    exit.o                       4
    far_util.o                  14
    float.o                    523
    init.o                      30
    init_small.o                70
    interrupt.o                  4      128
    long.o                     431
    long_util.o                114
    low_level_init.o             3
    memcmp.o                    54
    memcpy.o                    38
    memset.o                    23
    move.o                      37
    short.o                     93
    strlen.o                    18
    unhandled_exception.o        3
    vreg_util.o                348
    vregs.o                                       16
    ------------------------------------------------
    Total:                   1 982      128       16

    Linker created                       32      256
----------------------------------------------------
    Grand Total:            45 301   15 082    6 052


*******************************************************************************
*** ENTRY LIST
***

Entry                    Address    Size  Type      Object
-----                    -------    ----  ----      ------
.iar.init_table$$Base   0x00b203           --   Gb  - Linker created -
.iar.init_table$$Limit  0x00b223           --   Gb  - Linker created -
?add32_l0_l0_0x         0x012a51          Code  Gb  long.o [6]
?add32_l0_l0_l1         0x012a4e          Code  Gb  long.o [6]
?and32_l0_l0_0x         0x012b9d          Code  Gb  long.o [6]
?and32_l0_l0_l1         0x012b9a          Code  Gb  long.o [6]
?b0                     0x000000          Data  Gb  vregs.o [6]
?b1                     0x000001          Data  Gb  vregs.o [6]
?b10                    0x00000a          Data  Gb  vregs.o [6]
?b11                    0x00000b          Data  Gb  vregs.o [6]
?b12                    0x00000c          Data  Gb  vregs.o [6]
?b13                    0x00000d          Data  Gb  vregs.o [6]
?b14                    0x00000e          Data  Gb  vregs.o [6]
?b15                    0x00000f          Data  Gb  vregs.o [6]
?b2                     0x000002          Data  Gb  vregs.o [6]
?b3                     0x000003          Data  Gb  vregs.o [6]
?b4                     0x000004          Data  Gb  vregs.o [6]
?b5                     0x000005          Data  Gb  vregs.o [6]
?b6                     0x000006          Data  Gb  vregs.o [6]
?b7                     0x000007          Data  Gb  vregs.o [6]
?b8                     0x000008          Data  Gb  vregs.o [6]
?b9                     0x000009          Data  Gb  vregs.o [6]
?dc32_l0                0x016530          Code  Gb  dc_util.o [6]
?dc32_l1                0x01655c          Code  Gb  dc_util.o [6]
?e0                     0x000001          Data  Gb  vregs.o [6]
?e1                     0x000005          Data  Gb  vregs.o [6]
?e2                     0x000009          Data  Gb  vregs.o [6]
?e3                     0x00000d          Data  Gb  vregs.o [6]
?epilogue_l2            0x01316f          Code  Gb  vreg_util.o [6]
?epilogue_l2_l3         0x01316b          Code  Gb  vreg_util.o [6]
?epilogue_l2_w6         0x013174          Code  Gb  vreg_util.o [6]
?epilogue_w4            0x01317d          Code  Gb  vreg_util.o [6]
?fcastf32u32_l0_l0      0x011fd5          Code  Gb  float.o [6]
?fcasts16f32_x_l0       0x011fa0          Code  Gb  float.o [6]
?fmul32_l0_l0_dc32      0x011f05          Code  Gb  float.o [6]
?fmul32_l0_l0_l1        0x011f0b          Code  Gb  float.o [6]
?l0                     0x000000          Data  Gb  vregs.o [6]
?l1                     0x000004          Data  Gb  vregs.o [6]
?l2                     0x000008          Data  Gb  vregs.o [6]
?l3                     0x00000c          Data  Gb  vregs.o [6]
?load24_e1_0x           0x0176cd          Code  Gb  far_util.o [6]
?load32_0x_l0           0x015e0c          Code  Gb  long_util.o [6]
?load32_0x_l3           0x015e1a          Code  Gb  long_util.o [6]
?load32_l0_0x           0x015dd0          Code  Gb  long_util.o [6]
?load32_l0_asp          0x015dc4          Code  Gb  long_util.o [6]
?load32_l0_dbsp         0x015db6          Code  Gb  long_util.o [6]
?load32_l0_xsp          0x015dc6          Code  Gb  long_util.o [6]
?load32_l1_0x           0x015df6          Code  Gb  long_util.o [6]
?load32_l1_asp          0x015dea          Code  Gb  long_util.o [6]
?load32_l1_dbsp         0x015ddc          Code  Gb  long_util.o [6]
?load32_l1_xsp          0x015dec          Code  Gb  long_util.o [6]
?load32_xsp_l0          0x015e02          Code  Gb  long_util.o [6]
?longfarg16_v_w0_a      0x0172df          Code  Gb  move.o [6]
?longfarg16_v_w0_x      0x0172e1          Code  Gb  move.o [6]
?mov_e0_e1              0x01319a          Code  Gb  vreg_util.o [6]
?mov_e0_e2              0x0131a7          Code  Gb  vreg_util.o [6]
?mov_e0_e3              0x0131b4          Code  Gb  vreg_util.o [6]
?mov_e1_e0              0x0131c1          Code  Gb  vreg_util.o [6]
?mov_e1_e2              0x0131ce          Code  Gb  vreg_util.o [6]
?mov_e1_e3              0x0131db          Code  Gb  vreg_util.o [6]
?mov_e2_e0              0x0131e8          Code  Gb  vreg_util.o [6]
?mov_e3_e0              0x0131fc          Code  Gb  vreg_util.o [6]
?mov_e3_e1              0x013209          Code  Gb  vreg_util.o [6]
?mov_l0_l1              0x013197          Code  Gb  vreg_util.o [6]
?mov_l0_l2              0x0131a4          Code  Gb  vreg_util.o [6]
?mov_l0_l3              0x0131b1          Code  Gb  vreg_util.o [6]
?mov_l1_l0              0x0131be          Code  Gb  vreg_util.o [6]
?mov_l1_l2              0x0131cb          Code  Gb  vreg_util.o [6]
?mov_l1_l3              0x0131d8          Code  Gb  vreg_util.o [6]
?mov_l2_l0              0x0131e5          Code  Gb  vreg_util.o [6]
?mov_l3_l0              0x0131f9          Code  Gb  vreg_util.o [6]
?mov_l3_l1              0x013206          Code  Gb  vreg_util.o [6]
?mov_w1_w3              0x01319d          Code  Gb  vreg_util.o [6]
?mov_w1_w4              0x013182          Code  Gb  vreg_util.o [6]
?mov_w1_w5              0x0131aa          Code  Gb  vreg_util.o [6]
?mov_w1_w7              0x0131b7          Code  Gb  vreg_util.o [6]
?mov_w2_w1              0x013189          Code  Gb  vreg_util.o [6]
?mov_w3_w1              0x0131c4          Code  Gb  vreg_util.o [6]
?mov_w3_w5              0x0131d1          Code  Gb  vreg_util.o [6]
?mov_w3_w7              0x0131de          Code  Gb  vreg_util.o [6]
?mov_w5_w1              0x0131eb          Code  Gb  vreg_util.o [6]
?mov_w5_w3              0x0131f2          Code  Gb  vreg_util.o [6]
?mov_w6_w0              0x013190          Code  Gb  vreg_util.o [6]
?mov_w7_w1              0x0131ff          Code  Gb  vreg_util.o [6]
?mov_w7_w3              0x01320c          Code  Gb  vreg_util.o [6]
?move1616_v_x_y_a       0x0172d2          Code  Gb  move.o [6]
?mul16_x_x_w0           0x016369          Code  Gb  short.o [6]
?mul32_l0_l0_l1         0x012a84          Code  Gb  long.o [6]
?or32_l0_l0_0x          0x012bb8          Code  Gb  long.o [6]
?or32_l0_l0_l1          0x012bb5          Code  Gb  long.o [6]
?pop_l0                 0x013133          Code  Gb  vreg_util.o [6]
?pop_l1                 0x01313e          Code  Gb  vreg_util.o [6]
?pop_l2                 0x013149          Code  Gb  vreg_util.o [6]
?pop_l3                 0x013154          Code  Gb  vreg_util.o [6]
?pop_w4                 0x0130dd          Code  Gb  vreg_util.o [6]
?pop_w5                 0x0130e4          Code  Gb  vreg_util.o [6]
?pop_w6                 0x0130eb          Code  Gb  vreg_util.o [6]
?push_l0                0x0130fe          Code  Gb  vreg_util.o [6]
?push_l1                0x013103          Code  Gb  vreg_util.o [6]
?push_l2                0x013108          Code  Gb  vreg_util.o [6]
?push_l3                0x01310d          Code  Gb  vreg_util.o [6]
?push_w4                0x0130b7          Code  Gb  vreg_util.o [6]
?push_w5                0x0130bc          Code  Gb  vreg_util.o [6]
?push_w6                0x0130c1          Code  Gb  vreg_util.o [6]
?sdiv16_x_x_y           0x016387          Code  Gb  short.o [6]
?sdiv8_xl_a_b0          0x016dc1          Code  Gb  char.o [6]
?sext16_x_a             0x0163bf          Code  Gb  short.o [6]
?sext32_l0_x            0x012bf2          Code  Gb  long.o [6]
?sll16_x_x_4            0x0163ba          Code  Gb  short.o [6]
?sll16_x_x_5            0x0163b9          Code  Gb  short.o [6]
?sll16_x_x_6            0x0163b8          Code  Gb  short.o [6]
?sll16_x_x_a            0x0163b0          Code  Gb  short.o [6]
?sll32_0x_0x_a          0x012bd3          Code  Gb  long.o [6]
?sll32_l0_l0_a          0x012bd0          Code  Gb  long.o [6]
?sll8_a_a_5             0x016df0          Code  Gb  char.o [6]
?sll8_a_a_6             0x016def          Code  Gb  char.o [6]
?smod16_y_x_y           0x0163a0          Code  Gb  short.o [6]
?smod8_a_b0_a           0x016ddb          Code  Gb  char.o [6]
?srl32_0x_0x_a          0x012be4          Code  Gb  long.o [6]
?srl32_l0_l0_a          0x012be1          Code  Gb  long.o [6]
?srl8_a_a_5             0x016df6          Code  Gb  char.o [6]
?srl8_a_a_6             0x016df5          Code  Gb  char.o [6]
?sub32_l0_l0_0x         0x012a6c          Code  Gb  long.o [6]
?sub32_l0_l0_l1         0x012a69          Code  Gb  long.o [6]
?ucmp32_c_l0_0x         0x012b7f          Code  Gb  long.o [6]
?ucmp32_c_l0_l1         0x012b8f          Code  Gb  long.o [6]
?udiv32_l0_dl_l1        0x012b08          Code  Gb  long.o [6]
?udiv32_l0_l0_dl        0x012b0e          Code  Gb  long.o [6]
?udiv32_l0_l0_l1        0x012b12          Code  Gb  long.o [6]
?umod32_l1_l0_dl        0x012b02          Code  Gb  long.o [6]
?umod32_l1_l0_l1        0x012b12          Code  Gb  long.o [6]
?w0                     0x000000          Data  Gb  vregs.o [6]
?w1                     0x000002          Data  Gb  vregs.o [6]
?w2                     0x000004          Data  Gb  vregs.o [6]
?w3                     0x000006          Data  Gb  vregs.o [6]
?w4                     0x000008          Data  Gb  vregs.o [6]
?w5                     0x00000a          Data  Gb  vregs.o [6]
?w6                     0x00000c          Data  Gb  vregs.o [6]
?w7                     0x00000e          Data  Gb  vregs.o [6]
ADC2_Cmd                0x0176f5     0xd  Code  Gb  stm8s_adc2.o [1]
ADC2_ConversionConfig   0x01704a    0x2f  Code  Gb  stm8s_adc2.o [1]
ADC2_ExternalTriggerConfig
                        0x017382    0x21  Code  Gb  stm8s_adc2.o [1]
ADC2_GetConversionValue
                        0x016634    0x54  Code  Gb  stm8s_adc2.o [1]
ADC2_IRQHandler         0x017981     0x1  Code  Gb  stm8s_it.o [1]
ADC2_Init               0x01701a    0x30  Code  Gb  stm8s_adc2.o [1]
ADC2_PrescalerConfig    0x01762d    0x13  Code  Gb  stm8s_adc2.o [1]
ADC2_SchmittTriggerConfig
                        0x015968    0x82  Code  Gb  stm8s_adc2.o [1]
ADC2_StartConversion    0x01781f     0x5  Code  Gb  stm8s_adc2.o [1]
ADC_Init                0x01733f    0x22  Code  Gb  ApiBattery.o [1]
ASCII_8X16_B_Y          0x009b80   0x600  Data  Gb  GT20L16P1Y.o [3]
AUDIO_IOAFPOW           0x0174ef    0x19  Code  Gb  DrvMcuPin.o [1]
AWU_IRQHandler          0x017972     0x1  Code  Gb  stm8s_it.o [1]
ApiAtCmd_100msRenew     0x00be95     0x1  Code  Gb  ApiAtCmd.o [1]
ApiAtCmd_10msRenew      0x00bf6f   0x412  Code  Gb  ApiAtCmd.o [1]
ApiAtCmd_PlayVoice      0x00c381    0x93  Code  Gb  ApiAtCmd.o [1]
ApiAtCmd_PowerOnInitial
                        0x01336c   0x158  Code  Gb  ApiAtCmd.o [1]
ApiAtCmd_WritCommand    0x00baea   0x3ab  Code  Gb  ApiAtCmd.o [1]
ApiBattery_PowerOnInitial
                        0x0175db    0x15  Code  Gb  ApiBattery.o [1]
ApiBeidou_Get_location_Information
                        0x01230e   0x1eb  Code  Gb  ApiGpsCmd.o [1]
ApiBeidou_PowerOnInitial
                        0x015c5c    0x75  Code  Gb  ApiGpsCmd.o [1]
ApiCaretCmd_10msRenew   0x00be96    0x10  Code  Gb  ApiAtCmd.o [1]
ApiDisplay_PowerOnInitial
                        0x017815     0x5  Code  Gb  ApiDisplay.o [1]
ApiKeyCmd_PowerOnInitial
                        0x01778d     0x9  Code  Gb  ApiKeyCmd.o [1]
ApiKeyboard_PowerOnInitial
                        0x016dfb    0x39  Code  Gb  ApiKeyboard.o [1]
ApiLED_PowerOnInitial   0x01781a     0x5  Code  Gb  ApiLED.o [1]
ApiMcuVersion_PowerOnInitial
                        0x01796f     0x1  Code  Gb  ApiMcuVersion.o [1]
ApiMenu_BacklightTimeSet_Flag
                        0x001553     0x1  Data  Gb  ApiMenu.o [1]
ApiMenu_BeiDouOrWritingFrequency_Flag
                        0x001555     0x1  Data  Gb  ApiMenu.o [1]
ApiMenu_GpsInfo_Flag    0x001551     0x1  Data  Gb  ApiMenu.o [1]
ApiMenu_KeylockTimeSet_Flag
                        0x001554     0x1  Data  Gb  ApiMenu.o [1]
ApiMenu_NativeInfo_Flag
                        0x001552     0x1  Data  Gb  ApiMenu.o [1]
ApiMenu_SwitchCallUser_Flag
                        0x00154f     0x1  Data  Gb  ApiMenu.o [1]
ApiMenu_SwitchGroup_Flag
                        0x00154e     0x1  Data  Gb  ApiMenu.o [1]
ApiMenu_SwitchOnlineUser_Flag
                        0x001550     0x1  Data  Gb  ApiMenu.o [1]
ApiMenu_init            0x017361    0x21  Code  Gb  ApiMenu.o [1]
ApiPocCmd_10msRenew     0x00c668   0x9c0  Code  Gb  ApiPocCmd.o [1]
ApiPocCmd_GroupStates   0x017850     0x4  Code  Gb  ApiPocCmd.o [1]
ApiPocCmd_GroupStatesSet
                        0x017854     0x4  Code  Gb  ApiPocCmd.o [1]
ApiPocCmd_KeyPttState   0x017858     0x4  Code  Gb  ApiPocCmd.o [1]
ApiPocCmd_PowerOnInitial
                        0x012f31   0x186  Code  Gb  ApiPocCmd.o [1]
ApiPocCmd_ReceivedVoicePlayStatesForDisplay
                        0x017860     0x4  Code  Gb  ApiPocCmd.o [1]
ApiPocCmd_ReceivedVoicePlayStatesForDisplaySet
                        0x017864     0x4  Code  Gb  ApiPocCmd.o [1]
ApiPocCmd_ReceivedVoicePlayStatesForLED
                        0x017868     0x4  Code  Gb  ApiPocCmd.o [1]
ApiPocCmd_SetKeyPttState
                        0x01785c     0x4  Code  Gb  ApiPocCmd.o [1]
ApiPocCmd_ToneStateIntermediate
                        0x01786c     0x4  Code  Gb  ApiPocCmd.o [1]
ApiPocCmd_ToneStateIntermediateSet
                        0x017870     0x4  Code  Gb  ApiPocCmd.o [1]
ApiPocCmd_ToneStateSet  0x017874     0x4  Code  Gb  ApiPocCmd.o [1]
ApiPocCmd_WritCommand   0x00ea90   0x7c6  Code  Gb  ApiPocCmd.o [1]
ApiPocCmd_user_info_get
                        0x016f7f    0x35  Code  Gb  ApiPocCmd.o [1]
ApiPocCmd_user_info_set
                        0x0148f3    0xd0  Code  Gb  ApiPocCmd.o [1]
AtCmdDrvobj             0x001461    0x31  Data  Gb  ApiAtCmd.o [1]
AtNotify_Queue          0x00e307    0x4d  Code  Lc  DrvZM389.o [1]
AtNotify_Queue_Start    0x00e354    0x56  Code  Lc  DrvZM389.o [1]
BEEP_Interrupt10ms      0x01743a    0x1c  Code  Gb  DrvBeep.o [1]
BEEP_PowerOnInitial     0x010fc7    0xd3  Code  Gb  DrvBeep.o [1]
BEEP_SetOutput          0x010d8b   0x23c  Code  Gb  DrvBeep.o [1]
BEEP_Time               0x016e6d    0x38  Code  Gb  DrvBeep.o [1]
BacklightTimeCount      0x001540     0x1  Data  Gb  ApiDelay.o [1]
BacklightTimeSetCount   0x00163d     0x1  Data  Gb  ApiKeyboard.o [1]
BatteryLevel            0x00153a     0x1  Data  Gb  ApiBattery.o [1]
BeepDrvObj              0x0014f2    0x12  Data  Lc  DrvBeep.o [1]
BeidouFunDrvObj         0x0014c2    0x1d  Data  Lc  ApiGpsCmd.o [1]
BeidouRxData            0x0013d6    0x4b  Data  Gb  ApiGpsCmd.o [1]
BeidouRxDataLen         0x001541     0x1  Data  Gb  ApiGpsCmd.o [1]
BitTab                  0x00ba29     0x8  Data  Gb  ApiDisplay.o [1]
CHAR_HIGH               0x00b769    0x10  Data  Gb  ApiDisplay.o [1]
CHAR_TO_DIV_CHAR        0x0158e5    0x83  Code  Gb  ApiAtCmd.o [1]
CHAR_TO_Digital         0x0160b5    0x67  Code  Gb  ApiAtCmd.o [1]
CHAR_WIDTH              0x00b779    0x10  Data  Gb  ApiDisplay.o [1]
CLK_ClockSwitchConfig   0x0150d4    0xa2  Code  Gb  stm8s_clk.o [1]
CLK_GetClockFreq        0x0164d8    0x58  Code  Gb  stm8s_clk.o [1]
CLK_HSIPrescalerConfig  0x017640    0x13  Code  Gb  stm8s_clk.o [1]
CLK_IRQHandler          0x017973     0x1  Code  Gb  stm8s_it.o [1]
COML_AscToHex           0x013d2d    0xfa  Code  Gb  CommonLib.o [1]
COML_DecToAsc           0x0161e5    0x64  Code  Gb  CommonLib.o [1]
COML_HexToAsc           0x014d73    0xb2  Code  Gb  CommonLib.o [1]
COML_StringReverse      0x01630b    0x5e  Code  Gb  CommonLib.o [1]
CSTACK$$Base            0x001700           --   Gb  - Linker created -
CSTACK$$Limit           0x001800           --   Gb  - Linker created -
CaretNotify_Queue       0x00e26d    0x4d  Code  Lc  DrvZM389.o [1]
CaretNotify_Queue_Start
                        0x00e400    0x56  Code  Lc  DrvZM389.o [1]
CharCode                0x001530     0x2  Data  Gb  ApiDisplay.o [1]
Combine2Hex             0x0139cc   0x134  Code  Gb  CommonLib.o [1]
Count                   0x00153b     0x1  Data  Gb  ApiBattery.o [1]
Count2                  0x00153c     0x1  Data  Gb  ApiBattery.o [1]
Count3                  0x00153d     0x1  Data  Gb  ApiBattery.o [1]
DEL_100msProcess        0x00d650   0x297  Code  Lc  ApiDelay.o [1]
DEL_10msProcess         0x00d8e7    0x39  Code  Lc  ApiDelay.o [1]
DEL_1msProcess          0x00d920    0x28  Code  Lc  ApiDelay.o [1]
DEL_500msProcess        0x00d028   0x628  Code  Lc  ApiDelay.o [1]
DEL_GetTimer            0x0165df    0x55  Code  Gb  ApiDelay.o [1]
DEL_Interrupt           0x015031    0xa3  Code  Gb  ApiDelay.o [1]
DEL_PowerOnInitial      0x014a8b    0xc0  Code  Gb  ApiDelay.o [1]
DEL_Renew               0x00d948    0x10  Code  Gb  ApiDelay.o [1]
DEL_SetTimer            0x015cd1    0x73  Code  Gb  ApiDelay.o [1]
DEL_Soft1ms             0x01741e    0x1c  Code  Gb  ApiDelay.o [1]
DEL_TimerRenew          0x017128    0x29  Code  Lc  ApiDelay.o [1]
DISPLAY_Show            0x010a0f   0x37c  Code  Gb  ApiDisplay.o [1]
DISP_DataBuf            0x0149c3    0xc8  Code  Lc  ApiDisplay.o [1]
DISP_MulTypePro         0x014c05    0xb8  Code  Lc  ApiDisplay.o [1]
Dec2Hex                 0x016901    0x4e  Code  Gb  CommonLib.o [1]
DefaultSystemClockForHSI
                        0x0173c3    0x1f  Code  Gb  sysclock.o [1]
DelDrvObj               0x001492    0x30  Data  Lc  ApiDelay.o [1]
Delay_100ms             0x016c17    0x40  Code  Gb  ApiDelay.o [1]
Digital_TO_CHAR         0x01611c    0x65  Code  Gb  ApiAtCmd.o [1]
DisDataBit              0x001421    0x40  Data  Gb  ApiDisplay.o [1]
DisDataBuf              0x001105   0x200  Data  Gb  ApiDisplay.o [1]
DrvGD83DrvObj           0x000a34   0x6d1  Data  Lc  DrvZM389.o [1]
DrvGD83_UART_TxCommand  0x0159ea    0x80  Code  Gb  DrvZM389.o [1]
DrvMC8332_AtNotify_Queue_front
                        0x016999    0x4a  Code  Gb  DrvZM389.o [1]
DrvMC8332_CaretNotify_Queue_front
                        0x01694f    0x4a  Code  Gb  DrvZM389.o [1]
DrvMC8332_PocNotify_Queue_front
                        0x0169e3    0x4a  Code  Gb  DrvZM389.o [1]
DrvMC8332_Software_Initial
                        0x016cd4    0x3d  Code  Gb  DrvZM389.o [1]
DrvMC8332_TxPort_SetValidable
                        0x0170a6    0x2c  Code  Gb  DrvZM389.o [1]
DrvMc8332_UART_TxTail   0x0141f1    0xeb  Code  Gb  DrvZM389.o [1]
DrvUart1_init           0x016d4c    0x3b  Code  Gb  DrvUart1.o [1]
DrvZM389_uart1_interrupt
                        0x00e6c5   0x3cb  Code  Gb  DrvZM389.o [1]
[...]
                        0x0177c9     0x7  Code  Gb  ApiGpsCmd.o [1]
beidou_valid            0x017840     0x4  Code  Gb  ApiGpsCmd.o [1]
boot_network_mode_selection
                        0x00c4fa    0x4b  Code  Gb  ApiAtCmd.o [1]
cRxCEREG                0x0015e5     0x2  Data  Gb  ApiAtCmd.o [1]
cRxCGDCONT              0x0015ed     0x2  Data  Gb  ApiAtCmd.o [1]
cRxCGREG                0x0015e3     0x2  Data  Gb  ApiAtCmd.o [1]
cRxCPINREADY            0x001583     0x2  Data  Gb  ApiAtCmd.o [1]
cRxCREG                 0x001587     0x2  Data  Gb  ApiAtCmd.o [1]
cRxCSQ                  0x001581     0x2  Data  Gb  ApiAtCmd.o [1]
cRxSIMERROR             0x001585     0x2  Data  Gb  ApiAtCmd.o [1]
cRxZCONSTAT             0x0015e9     0x2  Data  Gb  ApiAtCmd.o [1]
cRxZGIPDNS              0x0015e7     0x2  Data  Gb  ApiAtCmd.o [1]
cRxZLTENOCELL           0x0015eb     0x2  Data  Gb  ApiAtCmd.o [1]
cRxZPAS_CDMA            0x001591     0x2  Data  Gb  ApiAtCmd.o [1]
cRxZPAS_EDGE            0x001593     0x2  Data  Gb  ApiAtCmd.o [1]
cRxZPAS_EHRPD           0x001597     0x2  Data  Gb  ApiAtCmd.o [1]
cRxZPAS_EVDO            0x001595     0x2  Data  Gb  ApiAtCmd.o [1]
cRxZPAS_GPRS            0x00158f     0x2  Data  Gb  ApiAtCmd.o [1]
cRxZPAS_GSM             0x00158d     0x2  Data  Gb  ApiAtCmd.o [1]
cRxZPAS_HSDPA           0x00159b     0x2  Data  Gb  ApiAtCmd.o [1]
cRxZPAS_HSPA            0x00159f     0x2  Data  Gb  ApiAtCmd.o [1]
cRxZPAS_HSPAPLUS        0x0015a1     0x2  Data  Gb  ApiAtCmd.o [1]
cRxZPAS_HSUPA           0x00159d     0x2  Data  Gb  ApiAtCmd.o [1]
cRxZPAS_LIMITEDSERVICE  0x00158b     0x2  Data  Gb  ApiAtCmd.o [1]
cRxZPAS_LTE             0x0015a3     0x2  Data  Gb  ApiAtCmd.o [1]
cRxZPAS_NOSERVICE       0x001589     0x2  Data  Gb  ApiAtCmd.o [1]
cRxZPAS_TDSCDMA         0x0015a5     0x2  Data  Gb  ApiAtCmd.o [1]
cRxZPAS_UMTS            0x001599     0x2  Data  Gb  ApiAtCmd.o [1]
cRxZREADY               0x00157f     0x2  Data  Gb  ApiAtCmd.o [1]
cRxZTTS0                0x0015ef     0x2  Data  Gb  ApiAtCmd.o [1]
cTxATE1                 0x001575     0x2  Data  Gb  ApiAtCmd.o [1]
cTxCGACT                0x0015cd     0x2  Data  Gb  ApiAtCmd.o [1]
cTxCGDCONT_SET0         0x0015a7     0x2  Data  Gb  ApiAtCmd.o [1]
cTxCGDCONT_SET1         0x0015a9     0x2  Data  Gb  ApiAtCmd.o [1]
cTxCGDCONT_SET10        0x0015bb     0x2  Data  Gb  ApiAtCmd.o [1]
cTxCGDCONT_SET11        0x0015bd     0x2  Data  Gb  ApiAtCmd.o [1]
cTxCGDCONT_SET12        0x0015bf     0x2  Data  Gb  ApiAtCmd.o [1]
cTxCGDCONT_SET13        0x0015c1     0x2  Data  Gb  ApiAtCmd.o [1]
cTxCGDCONT_SET14        0x0015c3     0x2  Data  Gb  ApiAtCmd.o [1]
cTxCGDCONT_SET15        0x0015c5     0x2  Data  Gb  ApiAtCmd.o [1]
cTxCGDCONT_SET16        0x0015c7     0x2  Data  Gb  ApiAtCmd.o [1]
cTxCGDCONT_SET2         0x0015ab     0x2  Data  Gb  ApiAtCmd.o [1]
cTxCGDCONT_SET3         0x0015ad     0x2  Data  Gb  ApiAtCmd.o [1]
cTxCGDCONT_SET4         0x0015af     0x2  Data  Gb  ApiAtCmd.o [1]
cTxCGDCONT_SET5         0x0015b1     0x2  Data  Gb  ApiAtCmd.o [1]
cTxCGDCONT_SET6         0x0015b3     0x2  Data  Gb  ApiAtCmd.o [1]
cTxCGDCONT_SET7         0x0015b5     0x2  Data  Gb  ApiAtCmd.o [1]
cTxCGDCONT_SET8         0x0015b7     0x2  Data  Gb  ApiAtCmd.o [1]
cTxCGDCONT_SET9         0x0015b9     0x2  Data  Gb  ApiAtCmd.o [1]
cTxCLVL                 0x00155b     0x2  Data  Gb  ApiAtCmd.o [1]
cTxCLVLC0               0x00155d     0x2  Data  Gb  ApiAtCmd.o [1]
cTxCLVLC1               0x00155f     0x2  Data  Gb  ApiAtCmd.o [1]
cTxCLVLC2               0x001561     0x2  Data  Gb  ApiAtCmd.o [1]
cTxCLVLC3               0x001563     0x2  Data  Gb  ApiAtCmd.o [1]
cTxCLVLC4               0x001565     0x2  Data  Gb  ApiAtCmd.o [1]
cTxCLVLC5               0x001567     0x2  Data  Gb  ApiAtCmd.o [1]
cTxCMVLC0               0x001569     0x2  Data  Gb  ApiAtCmd.o [1]
cTxCMVLC1               0x00156b     0x2  Data  Gb  ApiAtCmd.o [1]
cTxCMVLC2               0x00156d     0x2  Data  Gb  ApiAtCmd.o [1]
cTxCMVLC3               0x00156f     0x2  Data  Gb  ApiAtCmd.o [1]
cTxCMVLC4               0x001571     0x2  Data  Gb  ApiAtCmd.o [1]
cTxCMVLC5               0x001573     0x2  Data  Gb  ApiAtCmd.o [1]
cTxCPIN                 0x001579     0x2  Data  Gb  ApiAtCmd.o [1]
cTxCREG                 0x00157b     0x2  Data  Gb  ApiAtCmd.o [1]
cTxCSQ                  0x001577     0x2  Data  Gb  ApiAtCmd.o [1]
cTxPOCID                0x0015c9     0x2  Data  Gb  ApiAtCmd.o [1]
cTxPOWEROFF             0x0015d7     0x2  Data  Gb  ApiAtCmd.o [1]
cTxPlayZtts             0x0015d3     0x2  Data  Gb  ApiAtCmd.o [1]
cTxRESET                0x0015d5     0x2  Data  Gb  ApiAtCmd.o [1]
cTxSetNetwork2GOnly     0x0015dd     0x2  Data  Gb  ApiAtCmd.o [1]
cTxSetNetwork3GAuto     0x0015db     0x2  Data  Gb  ApiAtCmd.o [1]
cTxSetNetwork3GOnly     0x0015df     0x2  Data  Gb  ApiAtCmd.o [1]
cTxSetNetwork4GAuto     0x0015d9     0x2  Data  Gb  ApiAtCmd.o [1]
cTxSetNetwork4GOnly     0x0015e1     0x2  Data  Gb  ApiAtCmd.o [1]
cTxZGACT0               0x0015d1     0x2  Data  Gb  ApiAtCmd.o [1]
cTxZGACT1               0x0015cf     0x2  Data  Gb  ApiAtCmd.o [1]
cTxZICCID               0x0015cb     0x2  Data  Gb  ApiAtCmd.o [1]
cTxZPAS                 0x00157d     0x2  Data  Gb  ApiAtCmd.o [1]
changing_group_voice_and_display
                        0x01753a    0x18  Code  Gb  ApiKeyboard.o [1]
changing_user_voice_and_display
                        0x017552    0x18  Code  Gb  ApiKeyboard.o [1]
cmvlc_and_clvlc_spk_mic_gain_selection
                        0x00c545   0x123  Code  Gb  ApiAtCmd.o [1]
delay_gps_value_for_display_flag2
                        0x01783c     0x4  Code  Gb  ApiDelay.o [1]
dp_2min_end_reset       0x00163b     0x2  Data  Gb  ApiDisplay.o [1]
dp_SimCardError         0x00161d     0x2  Data  Gb  ApiDisplay.o [1]
dp_abell                0x0015f1     0x2  Data  Gb  ApiDisplay.o [1]
dp_account_config       0x0015f9     0x2  Data  Gb  ApiDisplay.o [1]
dp_all_unknow_network   0x001629     0x2  Data  Gb  ApiDisplay.o [1]
dp_backlight            0x00160f     0x2  Data  Gb  ApiDisplay.o [1]
dp_backlight_time       0x001603     0x2  Data  Gb  ApiDisplay.o [1]
dp_close                0x001613     0x2  Data  Gb  ApiDisplay.o [1]
dp_cs_unknow_network    0x00161f     0x2  Data  Gb  ApiDisplay.o [1]
dp_eps_refuse_enroll    0x001627     0x2  Data  Gb  ApiDisplay.o [1]
dp_eps_unknow_network   0x001625     0x2  Data  Gb  ApiDisplay.o [1]
dp_getting_info         0x00162d     0x2  Data  Gb  ApiDisplay.o [1]
dp_gprs_refuse_enroll   0x001623     0x2  Data  Gb  ApiDisplay.o [1]
dp_gprs_unknow_network  0x001621     0x2  Data  Gb  ApiDisplay.o [1]
dp_gps_information      0x001601     0x2  Data  Gb  ApiDisplay.o [1]
dp_gps_not_located      0x001635     0x2  Data  Gb  ApiDisplay.o [1]
dp_group_select         0x0015ff     0x2  Data  Gb  ApiDisplay.o [1]
dp_individual_call      0x001615     0x2  Data  Gb  ApiDisplay.o [1]
dp_init                 0x001639     0x2  Data  Gb  ApiDisplay.o [1]
dp_keypad_lock          0x001611     0x2  Data  Gb  ApiDisplay.o [1]
dp_keypad_lock_time     0x001605     0x2  Data  Gb  ApiDisplay.o [1]
dp_latitude0            0x00160b     0x2  Data  Gb  ApiDisplay.o [1]
dp_longitude0           0x00160d     0x2  Data  Gb  ApiDisplay.o [1]
dp_menu                 0x0015fd     0x2  Data  Gb  ApiDisplay.o [1]
dp_network_search       0x0015f7     0x2  Data  Gb  ApiDisplay.o [1]
dp_no_service           0x00162b     0x2  Data  Gb  ApiDisplay.o [1]
dp_no_sim_card          0x0015f5     0x2  Data  Gb  ApiDisplay.o [1]
dp_not_in_groups        0x00162f     0x2  Data  Gb  ApiDisplay.o [1]
dp_personal_mode        0x0015f3     0x2  Data  Gb  ApiDisplay.o [1]
dp_please_charge        0x0015fb     0x2  Data  Gb  ApiDisplay.o [1]
dp_press_ok_then_well   0x001619     0x2  Data  Gb  ApiDisplay.o [1]
dp_press_well           0x001609     0x2  Data  Gb  ApiDisplay.o [1]
dp_punch_the_clock      0x001631     0x2  Data  Gb  ApiDisplay.o [1]
dp_punch_the_clock_fail
                        0x001633     0x2  Data  Gb  ApiDisplay.o [1]
dp_receive_zready       0x001637     0x2  Data  Gb  ApiDisplay.o [1]
dp_software_version     0x001607     0x2  Data  Gb  ApiDisplay.o [1]
dp_status_offline       0x00161b     0x2  Data  Gb  ApiDisplay.o [1]
dp_version              0x001617     0x2  Data  Gb  ApiDisplay.o [1]
drv_gt20_data_output    0x013893   0x139  Code  Gb  DrvGT20L16S1Y.o [1]
drv_gt20_pwr_on_init    0x016ed9     0x4  Code  Gb  DrvGT20L16S1Y.o [1]
drv_htg_clr_allscr      0x01177c    0x35  Code  Gb  DrvHTG12832.o [1]
drv_htg_pwr_on_init     0x011889     0xc  Code  Gb  DrvHTG12832.o [1]
drv_htg_reset           0x011643     0x5  Code  Gb  DrvHTG12832.o [1]
drv_htg_set_address     0x0116c2    0x40  Code  Gb  DrvHTG12832.o [1]
drv_htg_write_command   0x011648    0x7a  Code  Gb  DrvHTG12832.o [1]
drv_htg_write_data      0x011702    0x7a  Code  Gb  DrvHTG12832.o [1]
drv_keypad_scan         0x011ae6   0x211  Code  Gb  DrvKeyboard.o [1]
exit                    0x017964     0x4  Code  Gb  exit.o [6]
get_current_working_status
                        0x017880     0x4  Code  Gb  ApiPocCmd.o [1]
get_key_2_states        0x017930     0x4  Code  Gb  DrvKeyscan.o [1]
get_key_3_states        0x017934     0x4  Code  Gb  DrvKeyscan.o [1]
get_key_4_states        0x017938     0x4  Code  Gb  DrvKeyscan.o [1]
get_key_ptt_states      0x01792c     0x4  Code  Gb  DrvKeyscan.o [1]
get_key_value           0x0144ae    0xe5  Code  Gb  DrvKeyboard.o [1]
get_keyboard_0_states   0x0178d8     0x4  Code  Gb  DrvKeyboard.o [1]
get_keyboard_1_states   0x0178b4     0x4  Code  Gb  DrvKeyboard.o [1]
get_keyboard_2_states   0x0178b8     0x4  Code  Gb  DrvKeyboard.o [1]
get_keyboard_3_states   0x0178bc     0x4  Code  Gb  DrvKeyboard.o [1]
get_keyboard_4_states   0x0178c0     0x4  Code  Gb  DrvKeyboard.o [1]
get_keyboard_5_states   0x0178c4     0x4  Code  Gb  DrvKeyboard.o [1]
get_keyboard_6_states   0x0178c8     0x4  Code  Gb  DrvKeyboard.o [1]
get_keyboard_7_states   0x0178cc     0x4  Code  Gb  DrvKeyboard.o [1]
get_keyboard_8_states   0x0178d0     0x4  Code  Gb  DrvKeyboard.o [1]
get_keyboard_9_states   0x0178d4     0x4  Code  Gb  DrvKeyboard.o [1]
get_keyboard_cancel_states
                        0x0178ac     0x4  Code  Gb  DrvKeyboard.o [1]
get_keyboard_down_states
                        0x0178a0     0x4  Code  Gb  DrvKeyboard.o [1]
get_keyboard_key_states
                        0x01789c     0x4  Code  Gb  DrvKeyboard.o [1]
get_keyboard_menu_states
                        0x0178a8     0x4  Code  Gb  DrvKeyboard.o [1]
get_keyboard_ok_states  0x0178b0     0x4  Code  Gb  DrvKeyboard.o [1]
get_keyboard_star_states
                        0x0178dc     0x4  Code  Gb  DrvKeyboard.o [1]
get_keyboard_up_states  0x0178a4     0x4  Code  Gb  DrvKeyboard.o [1]
get_keyboard_well_states
                        0x0178e0     0x4  Code  Gb  DrvKeyboard.o [1]
get_screen_display_group_name
                        0x0170d2    0x2b  Code  Gb  ApiPocCmd.o [1]
groupCallingcount       0x001547     0x1  Data  Gb  ApiKeyboard.o [1]
htg_delay_ms            0x0117b1    0x1e  Code  Lc  DrvHTG12832.o [1]
htg_initial             0x0117cf    0x6c  Code  Lc  DrvHTG12832.o [1]
j                       0x001556     0x1  Data  Gb  DrvTone.o [1]
key_2_3_4_long_press_function_setting
                        0x014672    0xd7  Code  Gb  ApiKeyCmd.o [1]
key_process             0x0126d0   0x1cc  Code  Gb  ApiKeyCmd.o [1]
key_scan                0x01360c   0x148  Code  Gb  DrvKeyscan.o [1]
key_scan_board          0x013754   0x13f  Code  Gb  DrvKeyboard.o [1]
keyboard_process        0x00d958   0x915  Code  Gb  ApiKeyboard.o [1]
keyboard_scan           0x010000   0x5d2  Code  Gb  DrvKeyboard.o [1]
login_step_3            0x0110db    0x3c  Code  Gb  Task.o [1]
main                    0x015a6a    0x7f  Code  Gb  main.o [1]
main_all_init           0x013e27    0xf6  Code  Gb  main.o [1]
mcu_gt20_initial        0x016ea5    0x34  Code  Lc  DrvGT20L16S1Y.o [1]
mcu_key_pad_out         0x01534d    0x96  Code  Gb  DrvKeyboard.o [1]
mcu_key_pad_read        0x015d44    0x72  Code  Gb  DrvKeyboard.o [1]
mcu_key_pad_set         0x0134c4   0x148  Code  Gb  DrvKeyboard.o [1]
mcu_lcd_initial         0x01183b    0x4e  Code  Lc  DrvHTG12832.o [1]
memcmp                  0x016f49    0x36  Code  Gb  memcmp.o [6]
memcpy                  0x01723d    0x26  Code  Gb  memcpy.o [6]
memset                  0x017598    0x17  Code  Gb  memset.o [6]
network_count           0x00154c     0x1  Data  Gb  ApiKeyboard.o [1]
no_online_user          0x0175f0    0x15  Code  Gb  ApiPocCmd.o [1]
poc_first_enter_into_group_flag
                        0x017894     0x4  Code  Gb  ApiPocCmd.o [1]
poc_gps_value_for_display_flag
                        0x017898     0x4  Code  Gb  ApiPocCmd.o [1]
poc_latitude_float      0x0177fa     0x7  Code  Gb  ApiPocCmd.o [1]
poc_latitude_integer    0x0177f3     0x7  Code  Gb  ApiPocCmd.o [1]
poc_longitude_float     0x0177ec     0x7  Code  Gb  ApiPocCmd.o [1]
poc_longitude_integer   0x0177e5     0x7  Code  Gb  ApiPocCmd.o [1]
poc_receive_sos_statas  0x01788c     0x4  Code  Gb  ApiPocCmd.o [1]
poccmd_states_poc_status
                        0x017888     0x4  Code  Gb  ApiPocCmd.o [1]
punch_the_clock_buf_for_Voice
                        0x017884     0x4  Code  Gb  ApiPocCmd.o [1]
punch_the_clock_buf_for_display
                        0x012bfd   0x1ab  Code  Gb  ApiPocCmd.o [1]
r_dat_bat               0x016181    0x64  Code  Gb  ApiDisplay.o [1]
read_backlight_time_value
                        0x00f256     0x4  Code  Gb  ApiDelay.o [1]
read_key_lock_time_value
                        0x017838     0x4  Code  Gb  ApiDelay.o [1]
return_group_and_clear_flag
                        0x015176    0xa1  Code  Gb  ApiKeyboard.o [1]
set_C_Reset             0x0174d6    0x19  Code  Gb  DrvMcuPin.o [1]
set_bdcon_io            0x017508    0x19  Code  Gb  DrvMcuPin.o [1]
set_key_2_states        0x017940     0x4  Code  Gb  DrvKeyscan.o [1]
set_key_3_states        0x017944     0x4  Code  Gb  DrvKeyscan.o [1]
set_key_4_states        0x017948     0x4  Code  Gb  DrvKeyscan.o [1]
set_key_ptt_states      0x01793c     0x4  Code  Gb  DrvKeyscan.o [1]
set_keyboard_0_states   0x017920     0x4  Code  Gb  DrvKeyboard.o [1]
set_keyboard_1_states   0x0178fc     0x4  Code  Gb  DrvKeyboard.o [1]
set_keyboard_2_states   0x017900     0x4  Code  Gb  DrvKeyboard.o [1]
set_keyboard_3_states   0x017904     0x4  Code  Gb  DrvKeyboard.o [1]
set_keyboard_4_states   0x017908     0x4  Code  Gb  DrvKeyboard.o [1]
set_keyboard_5_states   0x01790c     0x4  Code  Gb  DrvKeyboard.o [1]
set_keyboard_6_states   0x017910     0x4  Code  Gb  DrvKeyboard.o [1]
set_keyboard_7_states   0x017914     0x4  Code  Gb  DrvKeyboard.o [1]
set_keyboard_8_states   0x017918     0x4  Code  Gb  DrvKeyboard.o [1]
set_keyboard_9_states   0x01791c     0x4  Code  Gb  DrvKeyboard.o [1]
set_keyboard_cancel_states
                        0x0178f4     0x4  Code  Gb  DrvKeyboard.o [1]
set_keyboard_down_states
                        0x0178e8     0x4  Code  Gb  DrvKeyboard.o [1]
set_keyboard_key_states
                        0x0178e4     0x4  Code  Gb  DrvKeyboard.o [1]
set_keyboard_menu_states
                        0x0178f0     0x4  Code  Gb  DrvKeyboard.o [1]
set_keyboard_ok_states  0x0178f8     0x4  Code  Gb  DrvKeyboard.o [1]
set_keyboard_star_states
                        0x017924     0x4  Code  Gb  DrvKeyboard.o [1]
set_keyboard_up_states  0x0178ec     0x4  Code  Gb  DrvKeyboard.o [1]
set_keyboard_well_states
                        0x017928     0x4  Code  Gb  DrvKeyboard.o [1]
set_nfccon_io           0x017521    0x19  Code  Gb  DrvMcuPin.o [1]
set_poc_receive_sos_statas
                        0x017890     0x4  Code  Gb  ApiPocCmd.o [1]
set_power_off           0x0174bd    0x19  Code  Gb  DrvMcuPin.o [1]
spk_control             0x01109a    0x41  Code  Gb  Task.o [1]
strlen                  0x01768b    0x12  Code  Gb  strlen.o [6]
test_num                0x001534     0x2  Data  Gb  DrvGT20L16S1Y.o [1]
tone_count              0x001559     0x1  Data  Gb  stm8s_it.o [1]
ucABELL                 0x00165c     0x2  Data  Gb  ApiVoice.o [1]
ucAlarm1                0x001650     0x2  Data  Gb  ApiPocCmd.o [1]
ucAlarm2                0x001652     0x2  Data  Gb  ApiPocCmd.o [1]
ucAll_unknow_network    0x00168a     0x2  Data  Gb  ApiVoice.o [1]
ucAtPocHead             0x001640     0x2  Data  Gb  ApiPocCmd.o [1]
ucCs_unknow_network     0x001680     0x2  Data  Gb  ApiVoice.o [1]
ucEightyPercentPower    0x001670     0x2  Data  Gb  ApiVoice.o [1]
ucEndPTT                0x001648     0x2  Data  Gb  ApiPocCmd.o [1]
ucEps_refuse_enroll     0x001688     0x2  Data  Gb  ApiVoice.o [1]
ucEps_unknow_network    0x001686     0x2  Data  Gb  ApiVoice.o [1]
ucFivePercentPower      0x001668     0x2  Data  Gb  ApiVoice.o [1]
ucFortyPercentPower     0x00166c     0x2  Data  Gb  ApiVoice.o [1]
ucGprs_refuse_enroll    0x001684     0x2  Data  Gb  ApiVoice.o [1]
ucGprs_unknow_network   0x001682     0x2  Data  Gb  ApiVoice.o [1]
ucGroupListInfo         0x00164a     0x2  Data  Gb  ApiPocCmd.o [1]
ucGroupMode             0x001674     0x2  Data  Gb  ApiVoice.o [1]
ucGroupSelected         0x00165e     0x2  Data  Gb  ApiVoice.o [1]
ucHandfreeMode          0x001678     0x2  Data  Gb  ApiVoice.o [1]
ucHandsetMode           0x001676     0x2  Data  Gb  ApiVoice.o [1]
ucLoggingIn             0x00167c     0x2  Data  Gb  ApiVoice.o [1]
ucLowBattery            0x001666     0x2  Data  Gb  ApiVoice.o [1]
ucNetworkSearching      0x001662     0x2  Data  Gb  ApiVoice.o [1]
ucNoOnlineUser          0x00167a     0x2  Data  Gb  ApiVoice.o [1]
ucNoSimCard             0x001660     0x2  Data  Gb  ApiVoice.o [1]
ucNo_service            0x00168c     0x2  Data  Gb  ApiVoice.o [1]
ucOneHundredPercentPower
                        0x001672     0x2  Data  Gb  ApiVoice.o [1]
ucPersonalMode          0x00165a     0x2  Data  Gb  ApiVoice.o [1]
ucPocOpenConfig2        0x001644     0x2  Data  Gb  ApiPocCmd.o [1]
ucPowerLowPleaseCharge  0x001664     0x2  Data  Gb  ApiVoice.o [1]
ucPunch_the_clock_gps   0x001656     0x2  Data  Gb  ApiPocCmd.o [1]
ucRxOkHeadInfo          0x0016a0     0x2  Data  Gb  DrvZM389.o [1]
ucRxPocHeadInfo         0x00169e     0x2  Data  Gb  DrvZM389.o [1]
ucRxTcpDataHeadInfo     0x0016a2     0x2  Data  Gb  DrvZM389.o [1]
ucSetGPS                0x00164e     0x2  Data  Gb  ApiPocCmd.o [1]
ucSetIPAndID            0x001642     0x2  Data  Gb  ApiPocCmd.o [1]
ucSetToneVolume         0x001658     0x2  Data  Gb  ApiPocCmd.o [1]
ucSetURL                0x001654     0x2  Data  Gb  ApiPocCmd.o [1]
ucSet_network_2G_only   0x001692     0x2  Data  Gb  ApiVoice.o [1]
ucSet_network_3G_auto   0x001690     0x2  Data  Gb  ApiVoice.o [1]
ucSet_network_4G_only   0x001694     0x2  Data  Gb  ApiVoice.o [1]
ucSet_network_auto      0x00168e     0x2  Data  Gb  ApiVoice.o [1]
ucSimCardError          0x00167e     0x2  Data  Gb  ApiVoice.o [1]
ucSixtyPercentPower     0x00166e     0x2  Data  Gb  ApiVoice.o [1]
ucStartPTT              0x001646     0x2  Data  Gb  ApiPocCmd.o [1]
ucTwentyPercentPower    0x00166a     0x2  Data  Gb  ApiVoice.o [1]
ucTxPocHeadInfo         0x00169c     0x2  Data  Gb  DrvZM389.o [1]
ucUserListInfo          0x00164c     0x2  Data  Gb  ApiPocCmd.o [1]
ucgps_not_located       0x00169a     0x2  Data  Gb  ApiVoice.o [1]
ucpunch_the_clock       0x001696     0x2  Data  Gb  ApiVoice.o [1]
ucpunch_the_clock_fail  0x001698     0x2  Data  Gb  ApiVoice.o [1]
unicode_muti_addr       0x014105    0xec  Code  Gb  GT20L16P1Y.o [3]
user_calling_count      0x001548     0x1  Data  Gb  ApiKeyboard.o [1]
voice_tone              0x01796e     0x1  Code  Gb  ApiKeyboard.o [1]


[1] = E:\1-source\6-A508_4G_ME3610\PRJ\Debug\Obj
[2] = command line
[3] = GT20L16P1Y_STM8S007C8_IAR.a
[4] = GT20L16_STM8_DOUBLE_MEDIUM_IAR.a
[5] = dbgstm8mmd.a
[6] = dlstm8mmn.a

  45 301 bytes of readonly  code memory
  15 082 bytes of readonly  data memory
   6 052 bytes of readwrite data memory

Errors: none
Warnings: none
